<?xml version="1.0" encoding="ISO-8859-1" ?>
<link_info>
   <banner>TI ARM Linker PC v20.2.7.LTS</banner>
   <copyright>Copyright (c) 1996-2018 Texas Instruments Incorporated</copyright>
   <link_time>0x67d9dee5</link_time>
   <link_errors>0x0</link_errors>
   <output_file>DesignProj1.out</output_file>
   <entry_point>
      <name>_c_int00_noargs</name>
      <address>0x2bd5</address>
   </entry_point>
   <input_file_list>
      <input_file id="fl-2">
         <path>.\</path>
         <kind>object</kind>
         <file>BumpInt.obj</file>
         <name>BumpInt.obj</name>
      </input_file>
      <input_file id="fl-3">
         <path>.\</path>
         <kind>object</kind>
         <file>Clock.obj</file>
         <name>Clock.obj</name>
      </input_file>
      <input_file id="fl-4">
         <path>.\</path>
         <kind>object</kind>
         <file>CortexM.obj</file>
         <name>CortexM.obj</name>
      </input_file>
      <input_file id="fl-5">
         <path>.\</path>
         <kind>object</kind>
         <file>FSM_main.obj</file>
         <name>FSM_main.obj</name>
      </input_file>
      <input_file id="fl-6">
         <path>.\</path>
         <kind>object</kind>
         <file>FSM_test.obj</file>
         <name>FSM_test.obj</name>
      </input_file>
      <input_file id="fl-7">
         <path>.\</path>
         <kind>object</kind>
         <file>FlashProgram.obj</file>
         <name>FlashProgram.obj</name>
      </input_file>
      <input_file id="fl-8">
         <path>.\</path>
         <kind>object</kind>
         <file>Lab13_Timersmain.obj</file>
         <name>Lab13_Timersmain.obj</name>
      </input_file>
      <input_file id="fl-9">
         <path>.\</path>
         <kind>object</kind>
         <file>Lab14_EdgeInterruptsmain.obj</file>
         <name>Lab14_EdgeInterruptsmain.obj</name>
      </input_file>
      <input_file id="fl-a">
         <path>.\</path>
         <kind>object</kind>
         <file>LaunchPad.obj</file>
         <name>LaunchPad.obj</name>
      </input_file>
      <input_file id="fl-b">
         <path>.\</path>
         <kind>object</kind>
         <file>Motor.obj</file>
         <name>Motor.obj</name>
      </input_file>
      <input_file id="fl-c">
         <path>.\</path>
         <kind>object</kind>
         <file>PWM.obj</file>
         <name>PWM.obj</name>
      </input_file>
      <input_file id="fl-d">
         <path>.\</path>
         <kind>object</kind>
         <file>Reflectance.obj</file>
         <name>Reflectance.obj</name>
      </input_file>
      <input_file id="fl-e">
         <path>.\</path>
         <kind>object</kind>
         <file>TExaS.obj</file>
         <name>TExaS.obj</name>
      </input_file>
      <input_file id="fl-f">
         <path>.\</path>
         <kind>object</kind>
         <file>TimerA1.obj</file>
         <name>TimerA1.obj</name>
      </input_file>
      <input_file id="fl-10">
         <path>.\</path>
         <kind>object</kind>
         <file>UART0.obj</file>
         <name>UART0.obj</name>
      </input_file>
      <input_file id="fl-11">
         <path>.\</path>
         <kind>object</kind>
         <file>blinker.obj</file>
         <name>blinker.obj</name>
      </input_file>
      <input_file id="fl-12">
         <path>.\</path>
         <kind>object</kind>
         <file>startup_msp432p401r_ccs.obj</file>
         <name>startup_msp432p401r_ccs.obj</name>
      </input_file>
      <input_file id="fl-13">
         <path>.\</path>
         <kind>object</kind>
         <file>system_msp432p401r.obj</file>
         <name>system_msp432p401r.obj</name>
      </input_file>
      <input_file id="fl-17">
         <kind>object</kind>
         <file>&lt;internal&gt;</file>
         <name>&lt;internal&gt;</name>
      </input_file>
      <input_file id="fl-cd">
         <path>C:\ti\ccs1260\ccs\tools\compiler\ti-cgt-arm_20.2.7.LTS\lib\</path>
         <kind>archive</kind>
         <file>rtsv7M4_T_le_v4SPD16_eabi.lib</file>
         <name>fopen.c.obj</name>
      </input_file>
      <input_file id="fl-ce">
         <path>C:\ti\ccs1260\ccs\tools\compiler\ti-cgt-arm_20.2.7.LTS\lib\</path>
         <kind>archive</kind>
         <file>rtsv7M4_T_le_v4SPD16_eabi.lib</file>
         <name>setvbuf.c.obj</name>
      </input_file>
      <input_file id="fl-cf">
         <path>C:\ti\ccs1260\ccs\tools\compiler\ti-cgt-arm_20.2.7.LTS\lib\</path>
         <kind>archive</kind>
         <file>rtsv7M4_T_le_v4SPD16_eabi.lib</file>
         <name>memset_t2.asm.obj</name>
      </input_file>
      <input_file id="fl-d0">
         <path>C:\ti\ccs1260\ccs\tools\compiler\ti-cgt-arm_20.2.7.LTS\lib\</path>
         <kind>archive</kind>
         <file>rtsv7M4_T_le_v4SPD16_eabi.lib</file>
         <name>copy_zero_init.c.obj</name>
      </input_file>
      <input_file id="fl-d1">
         <path>C:\ti\ccs1260\ccs\tools\compiler\ti-cgt-arm_20.2.7.LTS\lib\</path>
         <kind>archive</kind>
         <file>rtsv7M4_T_le_v4SPD16_eabi.lib</file>
         <name>copy_decompress_none.c.obj</name>
      </input_file>
      <input_file id="fl-d2">
         <path>C:\ti\ccs1260\ccs\tools\compiler\ti-cgt-arm_20.2.7.LTS\lib\</path>
         <kind>archive</kind>
         <file>rtsv7M4_T_le_v4SPD16_eabi.lib</file>
         <name>copy_decompress_lzss.c.obj</name>
      </input_file>
      <input_file id="fl-d3">
         <path>C:\ti\ccs1260\ccs\tools\compiler\ti-cgt-arm_20.2.7.LTS\lib\</path>
         <kind>archive</kind>
         <file>rtsv7M4_T_le_v4SPD16_eabi.lib</file>
         <name>exit.c.obj</name>
      </input_file>
      <input_file id="fl-d4">
         <path>C:\ti\ccs1260\ccs\tools\compiler\ti-cgt-arm_20.2.7.LTS\lib\</path>
         <kind>archive</kind>
         <file>rtsv7M4_T_le_v4SPD16_eabi.lib</file>
         <name>_lock.c.obj</name>
      </input_file>
      <input_file id="fl-d5">
         <path>C:\ti\ccs1260\ccs\tools\compiler\ti-cgt-arm_20.2.7.LTS\lib\</path>
         <kind>archive</kind>
         <file>rtsv7M4_T_le_v4SPD16_eabi.lib</file>
         <name>defs.c.obj</name>
      </input_file>
      <input_file id="fl-d6">
         <path>C:\ti\ccs1260\ccs\tools\compiler\ti-cgt-arm_20.2.7.LTS\lib\</path>
         <kind>archive</kind>
         <file>rtsv7M4_T_le_v4SPD16_eabi.lib</file>
         <name>memory.c.obj</name>
      </input_file>
      <input_file id="fl-d7">
         <path>C:\ti\ccs1260\ccs\tools\compiler\ti-cgt-arm_20.2.7.LTS\lib\</path>
         <kind>archive</kind>
         <file>rtsv7M4_T_le_v4SPD16_eabi.lib</file>
         <name>boot_cortex_m.c.obj</name>
      </input_file>
      <input_file id="fl-d8">
         <path>C:\ti\ccs1260\ccs\tools\compiler\ti-cgt-arm_20.2.7.LTS\lib\</path>
         <kind>archive</kind>
         <file>rtsv7M4_T_le_v4SPD16_eabi.lib</file>
         <name>open.c.obj</name>
      </input_file>
      <input_file id="fl-d9">
         <path>C:\ti\ccs1260\ccs\tools\compiler\ti-cgt-arm_20.2.7.LTS\lib\</path>
         <kind>archive</kind>
         <file>rtsv7M4_T_le_v4SPD16_eabi.lib</file>
         <name>add_device.c.obj</name>
      </input_file>
      <input_file id="fl-da">
         <path>C:\ti\ccs1260\ccs\tools\compiler\ti-cgt-arm_20.2.7.LTS\lib\</path>
         <kind>archive</kind>
         <file>rtsv7M4_T_le_v4SPD16_eabi.lib</file>
         <name>fclose.c.obj</name>
      </input_file>
      <input_file id="fl-db">
         <path>C:\ti\ccs1260\ccs\tools\compiler\ti-cgt-arm_20.2.7.LTS\lib\</path>
         <kind>archive</kind>
         <file>rtsv7M4_T_le_v4SPD16_eabi.lib</file>
         <name>fflush.c.obj</name>
      </input_file>
      <input_file id="fl-dc">
         <path>C:\ti\ccs1260\ccs\tools\compiler\ti-cgt-arm_20.2.7.LTS\lib\</path>
         <kind>archive</kind>
         <file>rtsv7M4_T_le_v4SPD16_eabi.lib</file>
         <name>getdevice.c.obj</name>
      </input_file>
      <input_file id="fl-dd">
         <path>C:\ti\ccs1260\ccs\tools\compiler\ti-cgt-arm_20.2.7.LTS\lib\</path>
         <kind>archive</kind>
         <file>rtsv7M4_T_le_v4SPD16_eabi.lib</file>
         <name>memcpy_t2.asm.obj</name>
      </input_file>
      <input_file id="fl-de">
         <path>C:\ti\ccs1260\ccs\tools\compiler\ti-cgt-arm_20.2.7.LTS\lib\</path>
         <kind>archive</kind>
         <file>rtsv7M4_T_le_v4SPD16_eabi.lib</file>
         <name>autoinit.c.obj</name>
      </input_file>
      <input_file id="fl-df">
         <path>C:\ti\ccs1260\ccs\tools\compiler\ti-cgt-arm_20.2.7.LTS\lib\</path>
         <kind>archive</kind>
         <file>rtsv7M4_T_le_v4SPD16_eabi.lib</file>
         <name>pre_init.c.obj</name>
      </input_file>
      <input_file id="fl-e0">
         <path>C:\ti\ccs1260\ccs\tools\compiler\ti-cgt-arm_20.2.7.LTS\lib\</path>
         <kind>archive</kind>
         <file>rtsv7M4_T_le_v4SPD16_eabi.lib</file>
         <name>cpy_tbl.c.obj</name>
      </input_file>
      <input_file id="fl-e1">
         <path>C:\ti\ccs1260\ccs\tools\compiler\ti-cgt-arm_20.2.7.LTS\lib\</path>
         <kind>archive</kind>
         <file>rtsv7M4_T_le_v4SPD16_eabi.lib</file>
         <name>args_main.c.obj</name>
      </input_file>
      <input_file id="fl-e2">
         <path>C:\ti\ccs1260\ccs\tools\compiler\ti-cgt-arm_20.2.7.LTS\lib\</path>
         <kind>archive</kind>
         <file>rtsv7M4_T_le_v4SPD16_eabi.lib</file>
         <name>strchr.c.obj</name>
      </input_file>
      <input_file id="fl-e3">
         <path>C:\ti\ccs1260\ccs\tools\compiler\ti-cgt-arm_20.2.7.LTS\lib\</path>
         <kind>archive</kind>
         <file>rtsv7M4_T_le_v4SPD16_eabi.lib</file>
         <name>strcmp.c.obj</name>
      </input_file>
      <input_file id="fl-e4">
         <path>C:\ti\ccs1260\ccs\tools\compiler\ti-cgt-arm_20.2.7.LTS\lib\</path>
         <kind>archive</kind>
         <file>rtsv7M4_T_le_v4SPD16_eabi.lib</file>
         <name>strncpy.c.obj</name>
      </input_file>
      <input_file id="fl-e5">
         <path>C:\ti\ccs1260\ccs\tools\compiler\ti-cgt-arm_20.2.7.LTS\lib\</path>
         <kind>archive</kind>
         <file>rtsv7M4_T_le_v4SPD16_eabi.lib</file>
         <name>write.c.obj</name>
      </input_file>
      <input_file id="fl-e6">
         <path>C:\ti\ccs1260\ccs\tools\compiler\ti-cgt-arm_20.2.7.LTS\lib\</path>
         <kind>archive</kind>
         <file>rtsv7M4_T_le_v4SPD16_eabi.lib</file>
         <name>host_device.c.obj</name>
      </input_file>
      <input_file id="fl-e7">
         <path>C:\ti\ccs1260\ccs\tools\compiler\ti-cgt-arm_20.2.7.LTS\lib\</path>
         <kind>archive</kind>
         <file>rtsv7M4_T_le_v4SPD16_eabi.lib</file>
         <name>remove.c.obj</name>
      </input_file>
      <input_file id="fl-e8">
         <path>C:\ti\ccs1260\ccs\tools\compiler\ti-cgt-arm_20.2.7.LTS\lib\</path>
         <kind>archive</kind>
         <file>rtsv7M4_T_le_v4SPD16_eabi.lib</file>
         <name>close.c.obj</name>
      </input_file>
      <input_file id="fl-e9">
         <path>C:\ti\ccs1260\ccs\tools\compiler\ti-cgt-arm_20.2.7.LTS\lib\</path>
         <kind>archive</kind>
         <file>rtsv7M4_T_le_v4SPD16_eabi.lib</file>
         <name>unlink.c.obj</name>
      </input_file>
      <input_file id="fl-ea">
         <path>C:\ti\ccs1260\ccs\tools\compiler\ti-cgt-arm_20.2.7.LTS\lib\</path>
         <kind>archive</kind>
         <file>rtsv7M4_T_le_v4SPD16_eabi.lib</file>
         <name>hostclose.c.obj</name>
      </input_file>
      <input_file id="fl-eb">
         <path>C:\ti\ccs1260\ccs\tools\compiler\ti-cgt-arm_20.2.7.LTS\lib\</path>
         <kind>archive</kind>
         <file>rtsv7M4_T_le_v4SPD16_eabi.lib</file>
         <name>hostlseek.c.obj</name>
      </input_file>
      <input_file id="fl-ec">
         <path>C:\ti\ccs1260\ccs\tools\compiler\ti-cgt-arm_20.2.7.LTS\lib\</path>
         <kind>archive</kind>
         <file>rtsv7M4_T_le_v4SPD16_eabi.lib</file>
         <name>hostopen.c.obj</name>
      </input_file>
      <input_file id="fl-ed">
         <path>C:\ti\ccs1260\ccs\tools\compiler\ti-cgt-arm_20.2.7.LTS\lib\</path>
         <kind>archive</kind>
         <file>rtsv7M4_T_le_v4SPD16_eabi.lib</file>
         <name>hostread.c.obj</name>
      </input_file>
      <input_file id="fl-ee">
         <path>C:\ti\ccs1260\ccs\tools\compiler\ti-cgt-arm_20.2.7.LTS\lib\</path>
         <kind>archive</kind>
         <file>rtsv7M4_T_le_v4SPD16_eabi.lib</file>
         <name>hostrename.c.obj</name>
      </input_file>
      <input_file id="fl-ef">
         <path>C:\ti\ccs1260\ccs\tools\compiler\ti-cgt-arm_20.2.7.LTS\lib\</path>
         <kind>archive</kind>
         <file>rtsv7M4_T_le_v4SPD16_eabi.lib</file>
         <name>hostunlink.c.obj</name>
      </input_file>
      <input_file id="fl-f0">
         <path>C:\ti\ccs1260\ccs\tools\compiler\ti-cgt-arm_20.2.7.LTS\lib\</path>
         <kind>archive</kind>
         <file>rtsv7M4_T_le_v4SPD16_eabi.lib</file>
         <name>hostwrite.c.obj</name>
      </input_file>
      <input_file id="fl-f1">
         <path>C:\ti\ccs1260\ccs\tools\compiler\ti-cgt-arm_20.2.7.LTS\lib\</path>
         <kind>archive</kind>
         <file>rtsv7M4_T_le_v4SPD16_eabi.lib</file>
         <name>trgmsg.c.obj</name>
      </input_file>
      <input_file id="fl-f2">
         <path>C:\ti\ccs1260\ccs\tools\compiler\ti-cgt-arm_20.2.7.LTS\lib\</path>
         <kind>archive</kind>
         <file>rtsv7M4_T_le_v4SPD16_eabi.lib</file>
         <name>strcpy.c.obj</name>
      </input_file>
      <input_file id="fl-f3">
         <path>C:\ti\ccs1260\ccs\tools\compiler\ti-cgt-arm_20.2.7.LTS\lib\</path>
         <kind>archive</kind>
         <file>rtsv7M4_T_le_v4SPD16_eabi.lib</file>
         <name>strlen.c.obj</name>
      </input_file>
   </input_file_list>
   <object_component_list>
      <object_component id="oc-26">
         <name>.intvecs:retain</name>
         <load_address>0x0</load_address>
         <run_address>0x0</run_address>
         <size>0xe4</size>
         <input_file_ref idref="fl-12"/>
      </object_component>
      <object_component id="oc-10f">
         <name>.text</name>
         <load_address>0xe4</load_address>
         <run_address>0xe4</run_address>
         <size>0x6e0</size>
         <input_file_ref idref="fl-10"/>
      </object_component>
      <object_component id="oc-76">
         <name>.text</name>
         <load_address>0x7c4</load_address>
         <run_address>0x7c4</run_address>
         <size>0x6c8</size>
         <input_file_ref idref="fl-e"/>
      </object_component>
      <object_component id="oc-185">
         <name>.text</name>
         <load_address>0xe8c</load_address>
         <run_address>0xe8c</run_address>
         <size>0x3fc</size>
         <input_file_ref idref="fl-c"/>
      </object_component>
      <object_component id="oc-be">
         <name>.text</name>
         <load_address>0x1288</load_address>
         <run_address>0x1288</run_address>
         <size>0x32c</size>
         <input_file_ref idref="fl-13"/>
      </object_component>
      <object_component id="oc-ac">
         <name>.text</name>
         <load_address>0x15b4</load_address>
         <run_address>0x15b4</run_address>
         <size>0x2b4</size>
         <input_file_ref idref="fl-5"/>
      </object_component>
      <object_component id="oc-115">
         <name>.text</name>
         <load_address>0x1868</load_address>
         <run_address>0x1868</run_address>
         <size>0x1e0</size>
         <input_file_ref idref="fl-3"/>
      </object_component>
      <object_component id="oc-103">
         <name>.text</name>
         <load_address>0x1a48</load_address>
         <run_address>0x1a48</run_address>
         <size>0x1d0</size>
         <input_file_ref idref="fl-d"/>
      </object_component>
      <object_component id="oc-109">
         <name>.text</name>
         <load_address>0x1c18</load_address>
         <run_address>0x1c18</run_address>
         <size>0x15c</size>
         <input_file_ref idref="fl-b"/>
      </object_component>
      <object_component id="oc-202">
         <name>.text:_openfile</name>
         <load_address>0x1d74</load_address>
         <run_address>0x1d74</run_address>
         <size>0x110</size>
         <input_file_ref idref="fl-cd"/>
      </object_component>
      <object_component id="oc-2ca">
         <name>.text:aligned_alloc</name>
         <load_address>0x1e84</load_address>
         <run_address>0x1e84</run_address>
         <size>0x100</size>
         <input_file_ref idref="fl-d6"/>
      </object_component>
      <object_component id="oc-215">
         <name>.text:free</name>
         <load_address>0x1f84</load_address>
         <run_address>0x1f84</run_address>
         <size>0xe4</size>
         <input_file_ref idref="fl-d6"/>
      </object_component>
      <object_component id="oc-7c">
         <name>.text</name>
         <load_address>0x2068</load_address>
         <run_address>0x2068</run_address>
         <size>0xe0</size>
         <input_file_ref idref="fl-2"/>
      </object_component>
      <object_component id="oc-1a2">
         <name>.text:setvbuf</name>
         <load_address>0x2148</load_address>
         <run_address>0x2148</run_address>
         <size>0xdc</size>
         <input_file_ref idref="fl-ce"/>
      </object_component>
      <object_component id="oc-298">
         <name>.text:open</name>
         <load_address>0x2224</load_address>
         <run_address>0x2224</run_address>
         <size>0xbc</size>
         <input_file_ref idref="fl-d8"/>
      </object_component>
      <object_component id="oc-190">
         <name>.text:add_device</name>
         <load_address>0x22e0</load_address>
         <run_address>0x22e0</run_address>
         <size>0xb8</size>
         <input_file_ref idref="fl-d9"/>
      </object_component>
      <object_component id="oc-196">
         <name>.text:fopen</name>
         <load_address>0x2398</load_address>
         <run_address>0x2398</run_address>
         <size>0x9c</size>
         <input_file_ref idref="fl-cd"/>
      </object_component>
      <object_component id="oc-3a">
         <name>.text</name>
         <load_address>0x2434</load_address>
         <run_address>0x2434</run_address>
         <size>0x9c</size>
         <input_file_ref idref="fl-dd"/>
      </object_component>
      <object_component id="oc-70">
         <name>.text</name>
         <load_address>0x24d0</load_address>
         <run_address>0x24d0</run_address>
         <size>0x80</size>
         <input_file_ref idref="fl-f"/>
      </object_component>
      <object_component id="oc-a0">
         <name>.text</name>
         <load_address>0x2550</load_address>
         <run_address>0x2550</run_address>
         <size>0x7a</size>
         <input_file_ref idref="fl-cf"/>
      </object_component>
      <object_component id="oc-236">
         <name>.text:_nop</name>
         <load_address>0x25ca</load_address>
         <run_address>0x25ca</run_address>
         <size>0x2</size>
         <input_file_ref idref="fl-d4"/>
      </object_component>
      <object_component id="oc-20e">
         <name>.text:__TI_closefile</name>
         <load_address>0x25cc</load_address>
         <run_address>0x25cc</run_address>
         <size>0x74</size>
         <input_file_ref idref="fl-da"/>
      </object_component>
      <object_component id="oc-339">
         <name>.text:split</name>
         <load_address>0x2640</load_address>
         <run_address>0x2640</run_address>
         <size>0x70</size>
         <input_file_ref idref="fl-d6"/>
      </object_component>
      <object_component id="oc-283">
         <name>.text:HOSTrename</name>
         <load_address>0x26b0</load_address>
         <run_address>0x26b0</run_address>
         <size>0x6c</size>
         <input_file_ref idref="fl-ee"/>
      </object_component>
      <object_component id="oc-277">
         <name>.text:HOSTlseek</name>
         <load_address>0x271c</load_address>
         <run_address>0x271c</run_address>
         <size>0x68</size>
         <input_file_ref idref="fl-eb"/>
      </object_component>
      <object_component id="oc-17">
         <name>.text:decompress:lzss:__TI_decompress_lzss</name>
         <load_address>0x2784</load_address>
         <run_address>0x2784</run_address>
         <size>0x68</size>
         <input_file_ref idref="fl-d2"/>
      </object_component>
      <object_component id="oc-25f">
         <name>.text:HOSTopen</name>
         <load_address>0x27ec</load_address>
         <run_address>0x27ec</run_address>
         <size>0x60</size>
         <input_file_ref idref="fl-ec"/>
      </object_component>
      <object_component id="oc-2ae">
         <name>.text:close</name>
         <load_address>0x284c</load_address>
         <run_address>0x284c</run_address>
         <size>0x5c</size>
         <input_file_ref idref="fl-e8"/>
      </object_component>
      <object_component id="oc-26b">
         <name>.text:HOSTread</name>
         <load_address>0x28a8</load_address>
         <run_address>0x28a8</run_address>
         <size>0x58</size>
         <input_file_ref idref="fl-ed"/>
      </object_component>
      <object_component id="oc-271">
         <name>.text:HOSTwrite</name>
         <load_address>0x2900</load_address>
         <run_address>0x2900</run_address>
         <size>0x58</size>
         <input_file_ref idref="fl-f0"/>
      </object_component>
      <object_component id="oc-2a8">
         <name>.text:__TI_doflush</name>
         <load_address>0x2958</load_address>
         <run_address>0x2958</run_address>
         <size>0x4c</size>
         <input_file_ref idref="fl-db"/>
      </object_component>
      <object_component id="oc-12b">
         <name>.text:exit</name>
         <load_address>0x29a4</load_address>
         <run_address>0x29a4</run_address>
         <size>0x48</size>
         <input_file_ref idref="fl-d3"/>
      </object_component>
      <object_component id="oc-265">
         <name>.text:HOSTclose</name>
         <load_address>0x29ec</load_address>
         <run_address>0x29ec</run_address>
         <size>0x44</size>
         <input_file_ref idref="fl-ea"/>
      </object_component>
      <object_component id="oc-27d">
         <name>.text:HOSTunlink</name>
         <load_address>0x2a30</load_address>
         <run_address>0x2a30</run_address>
         <size>0x44</size>
         <input_file_ref idref="fl-ef"/>
      </object_component>
      <object_component id="oc-131">
         <name>.text:__TI_auto_init_nobinit_nopinit:__TI_auto_init_nobinit_nopinit</name>
         <load_address>0x2a74</load_address>
         <run_address>0x2a74</run_address>
         <size>0x44</size>
         <input_file_ref idref="fl-de"/>
      </object_component>
      <object_component id="oc-31a">
         <name>.text:getdevice</name>
         <load_address>0x2ab8</load_address>
         <run_address>0x2ab8</run_address>
         <size>0x44</size>
         <input_file_ref idref="fl-dc"/>
      </object_component>
      <object_component id="oc-2f1">
         <name>.text:__TI_writemsg</name>
         <load_address>0x2afc</load_address>
         <run_address>0x2afc</run_address>
         <size>0x38</size>
         <input_file_ref idref="fl-f1"/>
      </object_component>
      <object_component id="oc-1f6">
         <name>.text:strncpy</name>
         <load_address>0x2b34</load_address>
         <run_address>0x2b34</run_address>
         <size>0x36</size>
         <input_file_ref idref="fl-e4"/>
      </object_component>
      <object_component id="oc-221">
         <name>.text:__TI_cleanup</name>
         <load_address>0x2b6c</load_address>
         <run_address>0x2b6c</run_address>
         <size>0x34</size>
         <input_file_ref idref="fl-cd"/>
      </object_component>
      <object_component id="oc-2f7">
         <name>.text:__TI_readmsg</name>
         <load_address>0x2ba0</load_address>
         <run_address>0x2ba0</run_address>
         <size>0x34</size>
         <input_file_ref idref="fl-f1"/>
      </object_component>
      <object_component id="oc-58">
         <name>.text:_c_int00_noargs:_c_int00_noargs</name>
         <load_address>0x2bd4</load_address>
         <run_address>0x2bd4</run_address>
         <size>0x34</size>
         <input_file_ref idref="fl-d7"/>
      </object_component>
      <object_component id="oc-19c">
         <name>.text:freopen</name>
         <load_address>0x2c08</load_address>
         <run_address>0x2c08</run_address>
         <size>0x34</size>
         <input_file_ref idref="fl-cd"/>
      </object_component>
      <object_component id="oc-1f0">
         <name>.text:finddevice</name>
         <load_address>0x2c3c</load_address>
         <run_address>0x2c3c</run_address>
         <size>0x30</size>
         <input_file_ref idref="fl-dc"/>
      </object_component>
      <object_component id="oc-2b4">
         <name>.text:unlink</name>
         <load_address>0x2c6c</load_address>
         <run_address>0x2c6c</run_address>
         <size>0x2c</size>
         <input_file_ref idref="fl-e9"/>
      </object_component>
      <object_component id="oc-2c3">
         <name>.text:free_list_insert</name>
         <load_address>0x2c98</load_address>
         <run_address>0x2c98</run_address>
         <size>0x28</size>
         <input_file_ref idref="fl-d6"/>
      </object_component>
      <object_component id="oc-326">
         <name>.text:write</name>
         <load_address>0x2cc0</load_address>
         <run_address>0x2cc0</run_address>
         <size>0x28</size>
         <input_file_ref idref="fl-e5"/>
      </object_component>
      <object_component id="oc-11b">
         <name>.text</name>
         <load_address>0x2ce8</load_address>
         <run_address>0x2ce8</run_address>
         <size>0x24</size>
         <input_file_ref idref="fl-4"/>
      </object_component>
      <object_component id="oc-46">
         <name>.text:decompress:ZI:__TI_zero_init_nomemset:__TI_zero_init_nomemset</name>
         <load_address>0x2d0c</load_address>
         <run_address>0x2d0c</run_address>
         <size>0x1c</size>
         <input_file_ref idref="fl-d0"/>
      </object_component>
      <object_component id="oc-2bd">
         <name>.text:free_list_remove</name>
         <load_address>0x2d28</load_address>
         <run_address>0x2d28</run_address>
         <size>0x1c</size>
         <input_file_ref idref="fl-d6"/>
      </object_component>
      <object_component id="oc-255">
         <name>.text:strcmp</name>
         <load_address>0x2d44</load_address>
         <run_address>0x2d44</run_address>
         <size>0x18</size>
         <input_file_ref idref="fl-e3"/>
      </object_component>
      <object_component id="oc-35a">
         <name>.text:strchr</name>
         <load_address>0x2d5c</load_address>
         <run_address>0x2d5c</run_address>
         <size>0x16</size>
         <input_file_ref idref="fl-e2"/>
      </object_component>
      <object_component id="oc-30b">
         <name>.text:strcpy</name>
         <load_address>0x2d72</load_address>
         <run_address>0x2d72</run_address>
         <size>0x14</size>
         <input_file_ref idref="fl-f2"/>
      </object_component>
      <object_component id="oc-2eb">
         <name>.text:strlen</name>
         <load_address>0x2d86</load_address>
         <run_address>0x2d86</run_address>
         <size>0x14</size>
         <input_file_ref idref="fl-f3"/>
      </object_component>
      <object_component id="oc-1d">
         <name>.text:decompress:none:__TI_decompress_none</name>
         <load_address>0x2d9a</load_address>
         <run_address>0x2d9a</run_address>
         <size>0xe</size>
         <input_file_ref idref="fl-d1"/>
      </object_component>
      <object_component id="oc-6a">
         <name>.text</name>
         <load_address>0x2da8</load_address>
         <run_address>0x2da8</run_address>
         <size>0xe</size>
         <input_file_ref idref="fl-12"/>
      </object_component>
      <object_component id="oc-21b">
         <name>.text:malloc</name>
         <load_address>0x2db6</load_address>
         <run_address>0x2db6</run_address>
         <size>0x8</size>
         <input_file_ref idref="fl-d6"/>
      </object_component>
      <object_component id="oc-a6">
         <name>.text:_system_pre_init</name>
         <load_address>0x2dbe</load_address>
         <run_address>0x2dbe</run_address>
         <size>0x4</size>
         <input_file_ref idref="fl-df"/>
      </object_component>
      <object_component id="oc-125">
         <name>.text:abort:abort</name>
         <load_address>0x2dc2</load_address>
         <run_address>0x2dc2</run_address>
         <size>0x4</size>
         <input_file_ref idref="fl-d3"/>
      </object_component>
      <object_component id="oc-180">
         <name>.const:$P$T0$1</name>
         <load_address>0x2dc8</load_address>
         <run_address>0x2dc8</run_address>
         <size>0x20</size>
         <input_file_ref idref="fl-d"/>
      </object_component>
      <object_component id="oc-3af">
         <name>.cinit..data.load</name>
         <load_address>0x2de8</load_address>
         <run_address>0x2de8</run_address>
         <size>0x71</size>
      </object_component>
      <object_component id="oc-3ad">
         <name>__TI_handler_table</name>
         <load_address>0x2e5c</load_address>
         <run_address>0x2e5c</run_address>
         <size>0xc</size>
      </object_component>
      <object_component id="oc-3b0">
         <name>.cinit..bss.load</name>
         <load_address>0x2e68</load_address>
         <run_address>0x2e68</run_address>
         <size>0x8</size>
      </object_component>
      <object_component id="oc-3ae">
         <name>__TI_cinit_table</name>
         <load_address>0x2e70</load_address>
         <run_address>0x2e70</run_address>
         <size>0x10</size>
      </object_component>
      <object_component id="oc-381">
         <name>.binit</name>
         <load_address>0x0</load_address>
         <run_address>0x0</run_address>
         <size>0x0</size>
      </object_component>
      <object_component id="oc-db">
         <name>.data</name>
         <load_address>0x20000610</load_address>
         <run_address>0x20000610</run_address>
         <size>0x4</size>
         <input_file_ref idref="fl-2"/>
      </object_component>
      <object_component id="oc-1b1">
         <name>.data</name>
         <load_address>0x200005b8</load_address>
         <run_address>0x200005b8</run_address>
         <size>0x18</size>
         <input_file_ref idref="fl-3"/>
      </object_component>
      <object_component id="oc-121">
         <name>.data</name>
         <load_address>0x20000608</load_address>
         <run_address>0x20000608</run_address>
         <size>0x8</size>
         <input_file_ref idref="fl-5"/>
      </object_component>
      <object_component id="oc-d1">
         <name>.data</name>
         <load_address>0x200005ec</load_address>
         <run_address>0x200005ec</run_address>
         <size>0xc</size>
         <input_file_ref idref="fl-e"/>
      </object_component>
      <object_component id="oc-163">
         <name>.data</name>
         <load_address>0x20000620</load_address>
         <run_address>0x20000620</run_address>
         <size>0x4</size>
         <input_file_ref idref="fl-13"/>
      </object_component>
      <object_component id="oc-208">
         <name>.data</name>
         <load_address>0x20000618</load_address>
         <run_address>0x20000618</run_address>
         <size>0x4</size>
         <input_file_ref idref="fl-cd"/>
      </object_component>
      <object_component id="oc-1be">
         <name>.data:$O1$$</name>
         <load_address>0x200005e0</load_address>
         <run_address>0x200005e0</run_address>
         <size>0xc</size>
         <input_file_ref idref="fl-d3"/>
      </object_component>
      <object_component id="oc-1c1">
         <name>.data:$O1$$</name>
         <load_address>0x200005f8</load_address>
         <run_address>0x200005f8</run_address>
         <size>0x8</size>
         <input_file_ref idref="fl-d4"/>
      </object_component>
      <object_component id="oc-1a8">
         <name>.data:_ftable</name>
         <load_address>0x20000400</load_address>
         <run_address>0x20000400</run_address>
         <size>0xf0</size>
         <input_file_ref idref="fl-d5"/>
      </object_component>
      <object_component id="oc-209">
         <name>.data</name>
         <load_address>0x200005d0</load_address>
         <run_address>0x200005d0</run_address>
         <size>0x10</size>
         <input_file_ref idref="fl-d5"/>
      </object_component>
      <object_component id="oc-334">
         <name>.data:$O1$$</name>
         <load_address>0x20000600</load_address>
         <run_address>0x20000600</run_address>
         <size>0x8</size>
         <input_file_ref idref="fl-d6"/>
      </object_component>
      <object_component id="oc-320">
         <name>.data</name>
         <load_address>0x2000061c</load_address>
         <run_address>0x2000061c</run_address>
         <size>0x4</size>
         <input_file_ref idref="fl-d8"/>
      </object_component>
      <object_component id="oc-1fc">
         <name>.data</name>
         <load_address>0x20000614</load_address>
         <run_address>0x20000614</run_address>
         <size>0x4</size>
         <input_file_ref idref="fl-d9"/>
      </object_component>
      <object_component id="oc-1fd">
         <name>.data:_device</name>
         <load_address>0x200004f0</load_address>
         <run_address>0x200004f0</run_address>
         <size>0x78</size>
         <input_file_ref idref="fl-e6"/>
      </object_component>
      <object_component id="oc-321">
         <name>.data:_stream</name>
         <load_address>0x20000568</load_address>
         <run_address>0x20000568</run_address>
         <size>0x50</size>
         <input_file_ref idref="fl-e6"/>
      </object_component>
      <object_component id="oc-344">
         <name>.bss:_CIOBUF_</name>
         <uninitialized>true</uninitialized>
         <run_address>0x20000624</run_address>
         <size>0x120</size>
         <input_file_ref idref="fl-f1"/>
      </object_component>
      <object_component id="oc-ce">
         <name>.common:LogicData</name>
         <uninitialized>true</uninitialized>
         <run_address>0x20000800</run_address>
         <size>0x1</size>
      </object_component>
      <object_component id="oc-d4">
         <name>.common:PeriodicTask2</name>
         <uninitialized>true</uninitialized>
         <run_address>0x200007f8</run_address>
         <size>0x4</size>
      </object_component>
      <object_component id="oc-c5">
         <name>.common:TimerA1Task</name>
         <uninitialized>true</uninitialized>
         <run_address>0x200007fc</run_address>
         <size>0x4</size>
      </object_component>
      <object_component id="oc-18f">
         <name>.common:Messageindexb</name>
         <uninitialized>true</uninitialized>
         <run_address>0x200007f4</run_address>
         <size>0x4</size>
      </object_component>
      <object_component id="oc-18c">
         <name>.common:Messageb</name>
         <uninitialized>true</uninitialized>
         <run_address>0x200007e4</run_address>
         <size>0x8</size>
      </object_component>
      <object_component id="oc-2ba">
         <name>.common:__TI_tmpnams</name>
         <uninitialized>true</uninitialized>
         <run_address>0x20000744</run_address>
         <size>0xa0</size>
      </object_component>
      <object_component id="oc-2fd">
         <name>.common:parmbuf</name>
         <uninitialized>true</uninitialized>
         <run_address>0x200007ec</run_address>
         <size>0x8</size>
      </object_component>
      <object_component id="oc-29">
         <name>.sysmem</name>
         <uninitialized>true</uninitialized>
         <run_address>0x20000000</run_address>
         <size>0x10</size>
         <input_file_ref idref="fl-d6"/>
      </object_component>
      <object_component id="oc-3b3">
         <name>.sysmem</name>
         <uninitialized>true</uninitialized>
         <run_address>0x20000000</run_address>
         <size>0x0</size>
      </object_component>
      <object_component id="oc-2c">
         <name>.stack</name>
         <uninitialized>true</uninitialized>
         <run_address>0x2000fe00</run_address>
         <size>0x4</size>
         <input_file_ref idref="fl-d7"/>
      </object_component>
      <object_component id="oc-3b2">
         <name>.stack</name>
         <uninitialized>true</uninitialized>
         <run_address>0x2000fe00</run_address>
         <size>0x0</size>
      </object_component>
      <object_component id="oc-df">
         <name>.debug_info</name>
         <load_address>0x0</load_address>
         <run_address>0x0</run_address>
         <size>0x59e</size>
         <input_file_ref idref="fl-2"/>
      </object_component>
      <object_component id="oc-dc">
         <name>.debug_info</name>
         <load_address>0x59e</load_address>
         <run_address>0x59e</run_address>
         <size>0x134</size>
         <input_file_ref idref="fl-2"/>
      </object_component>
      <object_component id="oc-7d">
         <name>.debug_info</name>
         <load_address>0x6d2</load_address>
         <run_address>0x6d2</run_address>
         <size>0x3ed</size>
         <input_file_ref idref="fl-2"/>
      </object_component>
      <object_component id="oc-169">
         <name>.debug_info</name>
         <load_address>0xabf</load_address>
         <run_address>0xabf</run_address>
         <size>0x37e2</size>
         <input_file_ref idref="fl-2"/>
      </object_component>
      <object_component id="oc-16e">
         <name>.debug_info</name>
         <load_address>0x42a1</load_address>
         <run_address>0x42a1</run_address>
         <size>0x1055</size>
         <input_file_ref idref="fl-2"/>
      </object_component>
      <object_component id="oc-e2">
         <name>.debug_info</name>
         <load_address>0x52f6</load_address>
         <run_address>0x52f6</run_address>
         <size>0x26b</size>
         <input_file_ref idref="fl-2"/>
      </object_component>
      <object_component id="oc-35">
         <name>.debug_info</name>
         <load_address>0x5561</load_address>
         <run_address>0x5561</run_address>
         <size>0x84</size>
         <input_file_ref idref="fl-2"/>
      </object_component>
      <object_component id="oc-173">
         <name>.debug_info</name>
         <load_address>0x55e5</load_address>
         <run_address>0x55e5</run_address>
         <size>0x2a4</size>
         <input_file_ref idref="fl-2"/>
      </object_component>
      <object_component id="oc-c9">
         <name>.debug_info</name>
         <load_address>0x5889</load_address>
         <run_address>0x5889</run_address>
         <size>0xbb</size>
         <input_file_ref idref="fl-2"/>
      </object_component>
      <object_component id="oc-1b2">
         <name>.debug_info</name>
         <load_address>0x5944</load_address>
         <run_address>0x5944</run_address>
         <size>0x1e6</size>
         <input_file_ref idref="fl-3"/>
      </object_component>
      <object_component id="oc-119">
         <name>.debug_info</name>
         <load_address>0x5b2a</load_address>
         <run_address>0x5b2a</run_address>
         <size>0x594</size>
         <input_file_ref idref="fl-3"/>
      </object_component>
      <object_component id="oc-11e">
         <name>.debug_info</name>
         <load_address>0x60be</load_address>
         <run_address>0x60be</run_address>
         <size>0x555</size>
         <input_file_ref idref="fl-4"/>
      </object_component>
      <object_component id="oc-122">
         <name>.debug_info</name>
         <load_address>0x6613</load_address>
         <run_address>0x6613</run_address>
         <size>0x128</size>
         <input_file_ref idref="fl-5"/>
      </object_component>
      <object_component id="oc-af">
         <name>.debug_info</name>
         <load_address>0x673b</load_address>
         <run_address>0x673b</run_address>
         <size>0x64e</size>
         <input_file_ref idref="fl-5"/>
      </object_component>
      <object_component id="oc-1b8">
         <name>.debug_info</name>
         <load_address>0x6d89</load_address>
         <run_address>0x6d89</run_address>
         <size>0x7e</size>
         <input_file_ref idref="fl-5"/>
      </object_component>
      <object_component id="oc-d6">
         <name>.debug_info</name>
         <load_address>0x6e07</load_address>
         <run_address>0x6e07</run_address>
         <size>0xc6</size>
         <input_file_ref idref="fl-5"/>
      </object_component>
      <object_component id="oc-10c">
         <name>.debug_info</name>
         <load_address>0x6ecd</load_address>
         <run_address>0x6ecd</run_address>
         <size>0x845</size>
         <input_file_ref idref="fl-b"/>
      </object_component>
      <object_component id="oc-186">
         <name>.debug_info</name>
         <load_address>0x7712</load_address>
         <run_address>0x7712</run_address>
         <size>0xf71</size>
         <input_file_ref idref="fl-c"/>
      </object_component>
      <object_component id="oc-184">
         <name>.debug_info</name>
         <load_address>0x8683</load_address>
         <run_address>0x8683</run_address>
         <size>0x605</size>
         <input_file_ref idref="fl-d"/>
      </object_component>
      <object_component id="oc-181">
         <name>.debug_info</name>
         <load_address>0x8c88</load_address>
         <run_address>0x8c88</run_address>
         <size>0x136</size>
         <input_file_ref idref="fl-d"/>
      </object_component>
      <object_component id="oc-106">
         <name>.debug_info</name>
         <load_address>0x8dbe</load_address>
         <run_address>0x8dbe</run_address>
         <size>0x6d0</size>
         <input_file_ref idref="fl-d"/>
      </object_component>
      <object_component id="oc-1e3">
         <name>.debug_info</name>
         <load_address>0x948e</load_address>
         <run_address>0x948e</run_address>
         <size>0x37e2</size>
         <input_file_ref idref="fl-d"/>
      </object_component>
      <object_component id="oc-cf">
         <name>.debug_info</name>
         <load_address>0xcc70</load_address>
         <run_address>0xcc70</run_address>
         <size>0x5e5</size>
         <input_file_ref idref="fl-e"/>
      </object_component>
      <object_component id="oc-d2">
         <name>.debug_info</name>
         <load_address>0xd255</load_address>
         <run_address>0xd255</run_address>
         <size>0x1c9</size>
         <input_file_ref idref="fl-e"/>
      </object_component>
      <object_component id="oc-78">
         <name>.debug_info</name>
         <load_address>0xd41e</load_address>
         <run_address>0xd41e</run_address>
         <size>0x2be4</size>
         <input_file_ref idref="fl-e"/>
      </object_component>
      <object_component id="oc-c6">
         <name>.debug_info</name>
         <load_address>0x10002</load_address>
         <run_address>0x10002</run_address>
         <size>0x5bb</size>
         <input_file_ref idref="fl-f"/>
      </object_component>
      <object_component id="oc-71">
         <name>.debug_info</name>
         <load_address>0x105bd</load_address>
         <run_address>0x105bd</run_address>
         <size>0x3f2</size>
         <input_file_ref idref="fl-f"/>
      </object_component>
      <object_component id="oc-18d">
         <name>.debug_info</name>
         <load_address>0x109af</load_address>
         <run_address>0x109af</run_address>
         <size>0x796</size>
         <input_file_ref idref="fl-10"/>
      </object_component>
      <object_component id="oc-113">
         <name>.debug_info</name>
         <load_address>0x11145</load_address>
         <run_address>0x11145</run_address>
         <size>0x13a9</size>
         <input_file_ref idref="fl-10"/>
      </object_component>
      <object_component id="oc-1eb">
         <name>.debug_info</name>
         <load_address>0x124ee</load_address>
         <run_address>0x124ee</run_address>
         <size>0xcc</size>
         <input_file_ref idref="fl-10"/>
      </object_component>
      <object_component id="oc-1ac">
         <name>.debug_info</name>
         <load_address>0x125ba</load_address>
         <run_address>0x125ba</run_address>
         <size>0x2c</size>
         <input_file_ref idref="fl-10"/>
      </object_component>
      <object_component id="oc-84">
         <name>.debug_info</name>
         <load_address>0x125e6</load_address>
         <run_address>0x125e6</run_address>
         <size>0x2e8</size>
         <input_file_ref idref="fl-12"/>
      </object_component>
      <object_component id="oc-27">
         <name>.debug_info</name>
         <load_address>0x128ce</load_address>
         <run_address>0x128ce</run_address>
         <size>0x114</size>
         <input_file_ref idref="fl-12"/>
      </object_component>
      <object_component id="oc-6c">
         <name>.debug_info</name>
         <load_address>0x129e2</load_address>
         <run_address>0x129e2</run_address>
         <size>0x1db</size>
         <input_file_ref idref="fl-12"/>
      </object_component>
      <object_component id="oc-164">
         <name>.debug_info</name>
         <load_address>0x12bbd</load_address>
         <run_address>0x12bbd</run_address>
         <size>0x10d</size>
         <input_file_ref idref="fl-13"/>
      </object_component>
      <object_component id="oc-c2">
         <name>.debug_info</name>
         <load_address>0x12cca</load_address>
         <run_address>0x12cca</run_address>
         <size>0x27f</size>
         <input_file_ref idref="fl-13"/>
      </object_component>
      <object_component id="oc-20d">
         <name>.debug_info</name>
         <load_address>0x12f49</load_address>
         <run_address>0x12f49</run_address>
         <size>0x3f5</size>
         <input_file_ref idref="fl-cd"/>
      </object_component>
      <object_component id="oc-203">
         <name>.debug_info</name>
         <load_address>0x1333e</load_address>
         <run_address>0x1333e</run_address>
         <size>0x20e</size>
         <input_file_ref idref="fl-cd"/>
      </object_component>
      <object_component id="oc-224">
         <name>.debug_info</name>
         <load_address>0x1354c</load_address>
         <run_address>0x1354c</run_address>
         <size>0x176</size>
         <input_file_ref idref="fl-cd"/>
      </object_component>
      <object_component id="oc-19e">
         <name>.debug_info</name>
         <load_address>0x136c2</load_address>
         <run_address>0x136c2</run_address>
         <size>0x1e4</size>
         <input_file_ref idref="fl-cd"/>
      </object_component>
      <object_component id="oc-198">
         <name>.debug_info</name>
         <load_address>0x138a6</load_address>
         <run_address>0x138a6</run_address>
         <size>0x1cd</size>
         <input_file_ref idref="fl-cd"/>
      </object_component>
      <object_component id="oc-e9">
         <name>.debug_info</name>
         <load_address>0x13a73</load_address>
         <run_address>0x13a73</run_address>
         <size>0x2c</size>
         <input_file_ref idref="fl-cd"/>
      </object_component>
      <object_component id="oc-2a3">
         <name>.debug_info</name>
         <load_address>0x13a9f</load_address>
         <run_address>0x13a9f</run_address>
         <size>0xb2</size>
         <input_file_ref idref="fl-cd"/>
      </object_component>
      <object_component id="oc-228">
         <name>.debug_info</name>
         <load_address>0x13b51</load_address>
         <run_address>0x13b51</run_address>
         <size>0x374</size>
         <input_file_ref idref="fl-ce"/>
      </object_component>
      <object_component id="oc-1a5">
         <name>.debug_info</name>
         <load_address>0x13ec5</load_address>
         <run_address>0x13ec5</run_address>
         <size>0x20b</size>
         <input_file_ref idref="fl-ce"/>
      </object_component>
      <object_component id="oc-229">
         <name>.debug_info</name>
         <load_address>0x140d0</load_address>
         <run_address>0x140d0</run_address>
         <size>0xbf</size>
         <input_file_ref idref="fl-ce"/>
      </object_component>
      <object_component id="oc-a1">
         <name>.debug_info</name>
         <load_address>0x1418f</load_address>
         <run_address>0x1418f</run_address>
         <size>0x147</size>
         <input_file_ref idref="fl-cf"/>
      </object_component>
      <object_component id="oc-9f">
         <name>.debug_info</name>
         <load_address>0x142d6</load_address>
         <run_address>0x142d6</run_address>
         <size>0x2d4</size>
         <input_file_ref idref="fl-d0"/>
      </object_component>
      <object_component id="oc-48">
         <name>.debug_info</name>
         <load_address>0x145aa</load_address>
         <run_address>0x145aa</run_address>
         <size>0x1d2</size>
         <input_file_ref idref="fl-d0"/>
      </object_component>
      <object_component id="oc-9a">
         <name>.debug_info</name>
         <load_address>0x1477c</load_address>
         <run_address>0x1477c</run_address>
         <size>0x46</size>
         <input_file_ref idref="fl-d0"/>
      </object_component>
      <object_component id="oc-fa">
         <name>.debug_info</name>
         <load_address>0x147c2</load_address>
         <run_address>0x147c2</run_address>
         <size>0x2c</size>
         <input_file_ref idref="fl-d0"/>
      </object_component>
      <object_component id="oc-45">
         <name>.debug_info</name>
         <load_address>0x147ee</load_address>
         <run_address>0x147ee</run_address>
         <size>0x2a8</size>
         <input_file_ref idref="fl-d1"/>
      </object_component>
      <object_component id="oc-1e">
         <name>.debug_info</name>
         <load_address>0x14a96</load_address>
         <run_address>0x14a96</run_address>
         <size>0x1ea</size>
         <input_file_ref idref="fl-d1"/>
      </object_component>
      <object_component id="oc-40">
         <name>.debug_info</name>
         <load_address>0x14c80</load_address>
         <run_address>0x14c80</run_address>
         <size>0x46</size>
         <input_file_ref idref="fl-d1"/>
      </object_component>
      <object_component id="oc-92">
         <name>.debug_info</name>
         <load_address>0x14cc6</load_address>
         <run_address>0x14cc6</run_address>
         <size>0x2c</size>
         <input_file_ref idref="fl-d1"/>
      </object_component>
      <object_component id="oc-90">
         <name>.debug_info</name>
         <load_address>0x14cf2</load_address>
         <run_address>0x14cf2</run_address>
         <size>0x29e</size>
         <input_file_ref idref="fl-d2"/>
      </object_component>
      <object_component id="oc-18">
         <name>.debug_info</name>
         <load_address>0x14f90</load_address>
         <run_address>0x14f90</run_address>
         <size>0x250</size>
         <input_file_ref idref="fl-d2"/>
      </object_component>
      <object_component id="oc-30">
         <name>.debug_info</name>
         <load_address>0x151e0</load_address>
         <run_address>0x151e0</run_address>
         <size>0x60</size>
         <input_file_ref idref="fl-d2"/>
      </object_component>
      <object_component id="oc-f3">
         <name>.debug_info</name>
         <load_address>0x15240</load_address>
         <run_address>0x15240</run_address>
         <size>0x46</size>
         <input_file_ref idref="fl-d2"/>
      </object_component>
      <object_component id="oc-8b">
         <name>.debug_info</name>
         <load_address>0x15286</load_address>
         <run_address>0x15286</run_address>
         <size>0x39</size>
         <input_file_ref idref="fl-d2"/>
      </object_component>
      <object_component id="oc-1c5">
         <name>.debug_info</name>
         <load_address>0x152bf</load_address>
         <run_address>0x152bf</run_address>
         <size>0x3ad</size>
         <input_file_ref idref="fl-d3"/>
      </object_component>
      <object_component id="oc-1bf">
         <name>.debug_info</name>
         <load_address>0x1566c</load_address>
         <run_address>0x1566c</run_address>
         <size>0x190</size>
         <input_file_ref idref="fl-d3"/>
      </object_component>
      <object_component id="oc-129">
         <name>.debug_info</name>
         <load_address>0x157fc</load_address>
         <run_address>0x157fc</run_address>
         <size>0x122</size>
         <input_file_ref idref="fl-d3"/>
      </object_component>
      <object_component id="oc-12f">
         <name>.debug_info</name>
         <load_address>0x1591e</load_address>
         <run_address>0x1591e</run_address>
         <size>0x184</size>
         <input_file_ref idref="fl-d3"/>
      </object_component>
      <object_component id="oc-23e">
         <name>.debug_info</name>
         <load_address>0x15aa2</load_address>
         <run_address>0x15aa2</run_address>
         <size>0x2c9</size>
         <input_file_ref idref="fl-d4"/>
      </object_component>
      <object_component id="oc-1c2">
         <name>.debug_info</name>
         <load_address>0x15d6b</load_address>
         <run_address>0x15d6b</run_address>
         <size>0x11e</size>
         <input_file_ref idref="fl-d4"/>
      </object_component>
      <object_component id="oc-237">
         <name>.debug_info</name>
         <load_address>0x15e89</load_address>
         <run_address>0x15e89</run_address>
         <size>0x12e</size>
         <input_file_ref idref="fl-d4"/>
      </object_component>
      <object_component id="oc-230">
         <name>.debug_info</name>
         <load_address>0x15fb7</load_address>
         <run_address>0x15fb7</run_address>
         <size>0x144</size>
         <input_file_ref idref="fl-d5"/>
      </object_component>
      <object_component id="oc-1a9">
         <name>.debug_info</name>
         <load_address>0x160fb</load_address>
         <run_address>0x160fb</run_address>
         <size>0x102</size>
         <input_file_ref idref="fl-d5"/>
      </object_component>
      <object_component id="oc-20a">
         <name>.debug_info</name>
         <load_address>0x161fd</load_address>
         <run_address>0x161fd</run_address>
         <size>0x18f</size>
         <input_file_ref idref="fl-d5"/>
      </object_component>
      <object_component id="oc-87">
         <name>.debug_info</name>
         <load_address>0x1638c</load_address>
         <run_address>0x1638c</run_address>
         <size>0x3b2</size>
         <input_file_ref idref="fl-d6"/>
      </object_component>
      <object_component id="oc-2a">
         <name>.debug_info</name>
         <load_address>0x1673e</load_address>
         <run_address>0x1673e</run_address>
         <size>0x10c</size>
         <input_file_ref idref="fl-d6"/>
      </object_component>
      <object_component id="oc-335">
         <name>.debug_info</name>
         <load_address>0x1684a</load_address>
         <run_address>0x1684a</run_address>
         <size>0x13f</size>
         <input_file_ref idref="fl-d6"/>
      </object_component>
      <object_component id="oc-21e">
         <name>.debug_info</name>
         <load_address>0x16989</load_address>
         <run_address>0x16989</run_address>
         <size>0x168</size>
         <input_file_ref idref="fl-d6"/>
      </object_component>
      <object_component id="oc-2c0">
         <name>.debug_info</name>
         <load_address>0x16af1</load_address>
         <run_address>0x16af1</run_address>
         <size>0x18e</size>
         <input_file_ref idref="fl-d6"/>
      </object_component>
      <object_component id="oc-2c7">
         <name>.debug_info</name>
         <load_address>0x16c7f</load_address>
         <run_address>0x16c7f</run_address>
         <size>0x19f</size>
         <input_file_ref idref="fl-d6"/>
      </object_component>
      <object_component id="oc-219">
         <name>.debug_info</name>
         <load_address>0x16e1e</load_address>
         <run_address>0x16e1e</run_address>
         <size>0x203</size>
         <input_file_ref idref="fl-d6"/>
      </object_component>
      <object_component id="oc-33d">
         <name>.debug_info</name>
         <load_address>0x17021</load_address>
         <run_address>0x17021</run_address>
         <size>0x1db</size>
         <input_file_ref idref="fl-d6"/>
      </object_component>
      <object_component id="oc-2ce">
         <name>.debug_info</name>
         <load_address>0x171fc</load_address>
         <run_address>0x171fc</run_address>
         <size>0x299</size>
         <input_file_ref idref="fl-d6"/>
      </object_component>
      <object_component id="oc-ee">
         <name>.debug_info</name>
         <load_address>0x17495</load_address>
         <run_address>0x17495</run_address>
         <size>0xb2</size>
         <input_file_ref idref="fl-d6"/>
      </object_component>
      <object_component id="oc-2d">
         <name>.debug_info</name>
         <load_address>0x17547</load_address>
         <run_address>0x17547</run_address>
         <size>0x10b</size>
         <input_file_ref idref="fl-d7"/>
      </object_component>
      <object_component id="oc-5b">
         <name>.debug_info</name>
         <load_address>0x17652</load_address>
         <run_address>0x17652</run_address>
         <size>0x1a9</size>
         <input_file_ref idref="fl-d7"/>
      </object_component>
      <object_component id="oc-325">
         <name>.debug_info</name>
         <load_address>0x177fb</load_address>
         <run_address>0x177fb</run_address>
         <size>0x402</size>
         <input_file_ref idref="fl-d8"/>
      </object_component>
      <object_component id="oc-29c">
         <name>.debug_info</name>
         <load_address>0x17bfd</load_address>
         <run_address>0x17bfd</run_address>
         <size>0x245</size>
         <input_file_ref idref="fl-d8"/>
      </object_component>
      <object_component id="oc-315">
         <name>.debug_info</name>
         <load_address>0x17e42</load_address>
         <run_address>0x17e42</run_address>
         <size>0x120</size>
         <input_file_ref idref="fl-d8"/>
      </object_component>
      <object_component id="oc-201">
         <name>.debug_info</name>
         <load_address>0x17f62</load_address>
         <run_address>0x17f62</run_address>
         <size>0x445</size>
         <input_file_ref idref="fl-d9"/>
      </object_component>
      <object_component id="oc-191">
         <name>.debug_info</name>
         <load_address>0x183a7</load_address>
         <run_address>0x183a7</run_address>
         <size>0x2db</size>
         <input_file_ref idref="fl-d9"/>
      </object_component>
      <object_component id="oc-293">
         <name>.debug_info</name>
         <load_address>0x18682</load_address>
         <run_address>0x18682</run_address>
         <size>0xea</size>
         <input_file_ref idref="fl-d9"/>
      </object_component>
      <object_component id="oc-28e">
         <name>.debug_info</name>
         <load_address>0x1876c</load_address>
         <run_address>0x1876c</run_address>
         <size>0x2c</size>
         <input_file_ref idref="fl-d9"/>
      </object_component>
      <object_component id="oc-2bc">
         <name>.debug_info</name>
         <load_address>0x18798</load_address>
         <run_address>0x18798</run_address>
         <size>0x3a5</size>
         <input_file_ref idref="fl-da"/>
      </object_component>
      <object_component id="oc-210">
         <name>.debug_info</name>
         <load_address>0x18b3d</load_address>
         <run_address>0x18b3d</run_address>
         <size>0x1f3</size>
         <input_file_ref idref="fl-da"/>
      </object_component>
      <object_component id="oc-32d">
         <name>.debug_info</name>
         <load_address>0x18d30</load_address>
         <run_address>0x18d30</run_address>
         <size>0x347</size>
         <input_file_ref idref="fl-db"/>
      </object_component>
      <object_component id="oc-2ab">
         <name>.debug_info</name>
         <load_address>0x19077</load_address>
         <run_address>0x19077</run_address>
         <size>0x18a</size>
         <input_file_ref idref="fl-db"/>
      </object_component>
      <object_component id="oc-25c">
         <name>.debug_info</name>
         <load_address>0x19201</load_address>
         <run_address>0x19201</run_address>
         <size>0x42c</size>
         <input_file_ref idref="fl-dc"/>
      </object_component>
      <object_component id="oc-1f3">
         <name>.debug_info</name>
         <load_address>0x1962d</load_address>
         <run_address>0x1962d</run_address>
         <size>0x192</size>
         <input_file_ref idref="fl-dc"/>
      </object_component>
      <object_component id="oc-31c">
         <name>.debug_info</name>
         <load_address>0x197bf</load_address>
         <run_address>0x197bf</run_address>
         <size>0x1eb</size>
         <input_file_ref idref="fl-dc"/>
      </object_component>
      <object_component id="oc-3d">
         <name>.debug_info</name>
         <load_address>0x199aa</load_address>
         <run_address>0x199aa</run_address>
         <size>0x119</size>
         <input_file_ref idref="fl-dd"/>
      </object_component>
      <object_component id="oc-1c8">
         <name>.debug_info</name>
         <load_address>0x19ac3</load_address>
         <run_address>0x19ac3</run_address>
         <size>0x4b3</size>
         <input_file_ref idref="fl-de"/>
      </object_component>
      <object_component id="oc-132">
         <name>.debug_info</name>
         <load_address>0x19f76</load_address>
         <run_address>0x19f76</run_address>
         <size>0x1a6</size>
         <input_file_ref idref="fl-de"/>
      </object_component>
      <object_component id="oc-244">
         <name>.debug_info</name>
         <load_address>0x1a11c</load_address>
         <run_address>0x1a11c</run_address>
         <size>0x39</size>
         <input_file_ref idref="fl-de"/>
      </object_component>
      <object_component id="oc-2d9">
         <name>.debug_info</name>
         <load_address>0x1a155</load_address>
         <run_address>0x1a155</run_address>
         <size>0x39</size>
         <input_file_ref idref="fl-de"/>
      </object_component>
      <object_component id="oc-249">
         <name>.debug_info</name>
         <load_address>0x1a18e</load_address>
         <run_address>0x1a18e</run_address>
         <size>0x39</size>
         <input_file_ref idref="fl-de"/>
      </object_component>
      <object_component id="oc-24e">
         <name>.debug_info</name>
         <load_address>0x1a1c7</load_address>
         <run_address>0x1a1c7</run_address>
         <size>0xcd</size>
         <input_file_ref idref="fl-de"/>
      </object_component>
      <object_component id="oc-aa">
         <name>.debug_info</name>
         <load_address>0x1a294</load_address>
         <run_address>0x1a294</run_address>
         <size>0x153</size>
         <input_file_ref idref="fl-df"/>
      </object_component>
      <object_component id="oc-379">
         <name>.debug_info</name>
         <load_address>0x1a3e7</load_address>
         <run_address>0x1a3e7</run_address>
         <size>0x29a</size>
         <input_file_ref idref="fl-e2"/>
      </object_component>
      <object_component id="oc-35d">
         <name>.debug_info</name>
         <load_address>0x1a681</load_address>
         <run_address>0x1a681</run_address>
         <size>0x262</size>
         <input_file_ref idref="fl-e2"/>
      </object_component>
      <object_component id="oc-2e6">
         <name>.debug_info</name>
         <load_address>0x1a8e3</load_address>
         <run_address>0x1a8e3</run_address>
         <size>0x28a</size>
         <input_file_ref idref="fl-e3"/>
      </object_component>
      <object_component id="oc-256">
         <name>.debug_info</name>
         <load_address>0x1ab6d</load_address>
         <run_address>0x1ab6d</run_address>
         <size>0x273</size>
         <input_file_ref idref="fl-e3"/>
      </object_component>
      <object_component id="oc-25e">
         <name>.debug_info</name>
         <load_address>0x1ade0</load_address>
         <run_address>0x1ade0</run_address>
         <size>0x2af</size>
         <input_file_ref idref="fl-e4"/>
      </object_component>
      <object_component id="oc-1f7">
         <name>.debug_info</name>
         <load_address>0x1b08f</load_address>
         <run_address>0x1b08f</run_address>
         <size>0x277</size>
         <input_file_ref idref="fl-e4"/>
      </object_component>
      <object_component id="oc-366">
         <name>.debug_info</name>
         <load_address>0x1b306</load_address>
         <run_address>0x1b306</run_address>
         <size>0x397</size>
         <input_file_ref idref="fl-e5"/>
      </object_component>
      <object_component id="oc-327">
         <name>.debug_info</name>
         <load_address>0x1b69d</load_address>
         <run_address>0x1b69d</run_address>
         <size>0x18f</size>
         <input_file_ref idref="fl-e5"/>
      </object_component>
      <object_component id="oc-28b">
         <name>.debug_info</name>
         <load_address>0x1b82c</load_address>
         <run_address>0x1b82c</run_address>
         <size>0x337</size>
         <input_file_ref idref="fl-e6"/>
      </object_component>
      <object_component id="oc-1fe">
         <name>.debug_info</name>
         <load_address>0x1bb63</load_address>
         <run_address>0x1bb63</run_address>
         <size>0x109</size>
         <input_file_ref idref="fl-e6"/>
      </object_component>
      <object_component id="oc-322">
         <name>.debug_info</name>
         <load_address>0x1bc6c</load_address>
         <run_address>0x1bc6c</run_address>
         <size>0x109</size>
         <input_file_ref idref="fl-e6"/>
      </object_component>
      <object_component id="oc-32f">
         <name>.debug_info</name>
         <load_address>0x1bd75</load_address>
         <run_address>0x1bd75</run_address>
         <size>0x3cf</size>
         <input_file_ref idref="fl-e8"/>
      </object_component>
      <object_component id="oc-2af">
         <name>.debug_info</name>
         <load_address>0x1c144</load_address>
         <run_address>0x1c144</run_address>
         <size>0x195</size>
         <input_file_ref idref="fl-e8"/>
      </object_component>
      <object_component id="oc-331">
         <name>.debug_info</name>
         <load_address>0x1c2d9</load_address>
         <run_address>0x1c2d9</run_address>
         <size>0x3d1</size>
         <input_file_ref idref="fl-e9"/>
      </object_component>
      <object_component id="oc-2b5">
         <name>.debug_info</name>
         <load_address>0x1c6aa</load_address>
         <run_address>0x1c6aa</run_address>
         <size>0x1a5</size>
         <input_file_ref idref="fl-e9"/>
      </object_component>
      <object_component id="oc-302">
         <name>.debug_info</name>
         <load_address>0x1c84f</load_address>
         <run_address>0x1c84f</run_address>
         <size>0x373</size>
         <input_file_ref idref="fl-ea"/>
      </object_component>
      <object_component id="oc-266">
         <name>.debug_info</name>
         <load_address>0x1cbc2</load_address>
         <run_address>0x1cbc2</run_address>
         <size>0x1bc</size>
         <input_file_ref idref="fl-ea"/>
      </object_component>
      <object_component id="oc-308">
         <name>.debug_info</name>
         <load_address>0x1cd7e</load_address>
         <run_address>0x1cd7e</run_address>
         <size>0x378</size>
         <input_file_ref idref="fl-eb"/>
      </object_component>
      <object_component id="oc-27a">
         <name>.debug_info</name>
         <load_address>0x1d0f6</load_address>
         <run_address>0x1d0f6</run_address>
         <size>0x210</size>
         <input_file_ref idref="fl-eb"/>
      </object_component>
      <object_component id="oc-2fe">
         <name>.debug_info</name>
         <load_address>0x1d306</load_address>
         <run_address>0x1d306</run_address>
         <size>0x3a3</size>
         <input_file_ref idref="fl-ec"/>
      </object_component>
      <object_component id="oc-260">
         <name>.debug_info</name>
         <load_address>0x1d6a9</load_address>
         <run_address>0x1d6a9</run_address>
         <size>0x20c</size>
         <input_file_ref idref="fl-ec"/>
      </object_component>
      <object_component id="oc-304">
         <name>.debug_info</name>
         <load_address>0x1d8b5</load_address>
         <run_address>0x1d8b5</run_address>
         <size>0x377</size>
         <input_file_ref idref="fl-ed"/>
      </object_component>
      <object_component id="oc-26f">
         <name>.debug_info</name>
         <load_address>0x1dc2c</load_address>
         <run_address>0x1dc2c</run_address>
         <size>0x1fb</size>
         <input_file_ref idref="fl-ed"/>
      </object_component>
      <object_component id="oc-312">
         <name>.debug_info</name>
         <load_address>0x1de27</load_address>
         <run_address>0x1de27</run_address>
         <size>0x3d5</size>
         <input_file_ref idref="fl-ee"/>
      </object_component>
      <object_component id="oc-284">
         <name>.debug_info</name>
         <load_address>0x1e1fc</load_address>
         <run_address>0x1e1fc</run_address>
         <size>0x236</size>
         <input_file_ref idref="fl-ee"/>
      </object_component>
      <object_component id="oc-30a">
         <name>.debug_info</name>
         <load_address>0x1e432</load_address>
         <run_address>0x1e432</run_address>
         <size>0x396</size>
         <input_file_ref idref="fl-ef"/>
      </object_component>
      <object_component id="oc-27e">
         <name>.debug_info</name>
         <load_address>0x1e7c8</load_address>
         <run_address>0x1e7c8</run_address>
         <size>0x1c6</size>
         <input_file_ref idref="fl-ef"/>
      </object_component>
      <object_component id="oc-306">
         <name>.debug_info</name>
         <load_address>0x1e98e</load_address>
         <run_address>0x1e98e</run_address>
         <size>0x378</size>
         <input_file_ref idref="fl-f0"/>
      </object_component>
      <object_component id="oc-274">
         <name>.debug_info</name>
         <load_address>0x1ed06</load_address>
         <run_address>0x1ed06</run_address>
         <size>0x200</size>
         <input_file_ref idref="fl-f0"/>
      </object_component>
      <object_component id="oc-348">
         <name>.debug_info</name>
         <load_address>0x1ef06</load_address>
         <run_address>0x1ef06</run_address>
         <size>0x2bb</size>
         <input_file_ref idref="fl-f1"/>
      </object_component>
      <object_component id="oc-345">
         <name>.debug_info</name>
         <load_address>0x1f1c1</load_address>
         <run_address>0x1f1c1</run_address>
         <size>0x108</size>
         <input_file_ref idref="fl-f1"/>
      </object_component>
      <object_component id="oc-2f3">
         <name>.debug_info</name>
         <load_address>0x1f2c9</load_address>
         <run_address>0x1f2c9</run_address>
         <size>0x1df</size>
         <input_file_ref idref="fl-f1"/>
      </object_component>
      <object_component id="oc-2f9">
         <name>.debug_info</name>
         <load_address>0x1f4a8</load_address>
         <run_address>0x1f4a8</run_address>
         <size>0x19a</size>
         <input_file_ref idref="fl-f1"/>
      </object_component>
      <object_component id="oc-357">
         <name>.debug_info</name>
         <load_address>0x1f642</load_address>
         <run_address>0x1f642</run_address>
         <size>0x2a4</size>
         <input_file_ref idref="fl-f2"/>
      </object_component>
      <object_component id="oc-30f">
         <name>.debug_info</name>
         <load_address>0x1f8e6</load_address>
         <run_address>0x1f8e6</run_address>
         <size>0x24d</size>
         <input_file_ref idref="fl-f2"/>
      </object_component>
      <object_component id="oc-343">
         <name>.debug_info</name>
         <load_address>0x1fb33</load_address>
         <run_address>0x1fb33</run_address>
         <size>0x28f</size>
         <input_file_ref idref="fl-f3"/>
      </object_component>
      <object_component id="oc-2ec">
         <name>.debug_info</name>
         <load_address>0x1fdc2</load_address>
         <run_address>0x1fdc2</run_address>
         <size>0x245</size>
         <input_file_ref idref="fl-f3"/>
      </object_component>
      <object_component id="oc-3b4">
         <name>.debug_info</name>
         <load_address>0x20007</load_address>
         <run_address>0x20007</run_address>
         <size>0xc0</size>
      </object_component>
      <object_component id="oc-17f">
         <name>.debug_line</name>
         <load_address>0x0</load_address>
         <run_address>0x0</run_address>
         <size>0x20</size>
         <input_file_ref idref="fl-2"/>
      </object_component>
      <object_component id="oc-17d">
         <name>.debug_line</name>
         <load_address>0x20</load_address>
         <run_address>0x20</run_address>
         <size>0x71</size>
         <input_file_ref idref="fl-2"/>
      </object_component>
      <object_component id="oc-81">
         <name>.debug_line</name>
         <load_address>0x91</load_address>
         <run_address>0x91</run_address>
         <size>0xcd</size>
         <input_file_ref idref="fl-2"/>
      </object_component>
      <object_component id="oc-16c">
         <name>.debug_line</name>
         <load_address>0x15e</load_address>
         <run_address>0x15e</run_address>
         <size>0x58</size>
         <input_file_ref idref="fl-2"/>
      </object_component>
      <object_component id="oc-171">
         <name>.debug_line</name>
         <load_address>0x1b6</load_address>
         <run_address>0x1b6</run_address>
         <size>0x5b</size>
         <input_file_ref idref="fl-2"/>
      </object_component>
      <object_component id="oc-e5">
         <name>.debug_line</name>
         <load_address>0x211</load_address>
         <run_address>0x211</run_address>
         <size>0x6f</size>
         <input_file_ref idref="fl-2"/>
      </object_component>
      <object_component id="oc-38">
         <name>.debug_line</name>
         <load_address>0x280</load_address>
         <run_address>0x280</run_address>
         <size>0x20</size>
         <input_file_ref idref="fl-2"/>
      </object_component>
      <object_component id="oc-176">
         <name>.debug_line</name>
         <load_address>0x2a0</load_address>
         <run_address>0x2a0</run_address>
         <size>0x73</size>
         <input_file_ref idref="fl-2"/>
      </object_component>
      <object_component id="oc-cc">
         <name>.debug_line</name>
         <load_address>0x313</load_address>
         <run_address>0x313</run_address>
         <size>0x70</size>
         <input_file_ref idref="fl-2"/>
      </object_component>
      <object_component id="oc-233">
         <name>.debug_line</name>
         <load_address>0x383</load_address>
         <run_address>0x383</run_address>
         <size>0x6f</size>
         <input_file_ref idref="fl-3"/>
      </object_component>
      <object_component id="oc-117">
         <name>.debug_line</name>
         <load_address>0x3f2</load_address>
         <run_address>0x3f2</run_address>
         <size>0x13c</size>
         <input_file_ref idref="fl-3"/>
      </object_component>
      <object_component id="oc-120">
         <name>.debug_line</name>
         <load_address>0x52e</load_address>
         <run_address>0x52e</run_address>
         <size>0xf0</size>
         <input_file_ref idref="fl-4"/>
      </object_component>
      <object_component id="oc-1b7">
         <name>.debug_line</name>
         <load_address>0x61e</load_address>
         <run_address>0x61e</run_address>
         <size>0x31</size>
         <input_file_ref idref="fl-5"/>
      </object_component>
      <object_component id="oc-ae">
         <name>.debug_line</name>
         <load_address>0x64f</load_address>
         <run_address>0x64f</run_address>
         <size>0x178</size>
         <input_file_ref idref="fl-5"/>
      </object_component>
      <object_component id="oc-1bb">
         <name>.debug_line</name>
         <load_address>0x7c7</load_address>
         <run_address>0x7c7</run_address>
         <size>0x31</size>
         <input_file_ref idref="fl-5"/>
      </object_component>
      <object_component id="oc-d9">
         <name>.debug_line</name>
         <load_address>0x7f8</load_address>
         <run_address>0x7f8</run_address>
         <size>0x35</size>
         <input_file_ref idref="fl-5"/>
      </object_component>
      <object_component id="oc-10b">
         <name>.debug_line</name>
         <load_address>0x82d</load_address>
         <run_address>0x82d</run_address>
         <size>0x11e</size>
         <input_file_ref idref="fl-b"/>
      </object_component>
      <object_component id="oc-18a">
         <name>.debug_line</name>
         <load_address>0x94b</load_address>
         <run_address>0x94b</run_address>
         <size>0x267</size>
         <input_file_ref idref="fl-c"/>
      </object_component>
      <object_component id="oc-1e2">
         <name>.debug_line</name>
         <load_address>0xbb2</load_address>
         <run_address>0xbb2</run_address>
         <size>0xcb</size>
         <input_file_ref idref="fl-d"/>
      </object_component>
      <object_component id="oc-1e0">
         <name>.debug_line</name>
         <load_address>0xc7d</load_address>
         <run_address>0xc7d</run_address>
         <size>0x75</size>
         <input_file_ref idref="fl-d"/>
      </object_component>
      <object_component id="oc-108">
         <name>.debug_line</name>
         <load_address>0xcf2</load_address>
         <run_address>0xcf2</run_address>
         <size>0x133</size>
         <input_file_ref idref="fl-d"/>
      </object_component>
      <object_component id="oc-1e6">
[...]
         <name>outnibble</name>
         <value>0x591</value>
         <object_component_ref idref="oc-10f"/>
      </symbol>
      <symbol id="sm-360">
         <name>uart_open</name>
         <value>0x67f</value>
         <object_component_ref idref="oc-10f"/>
      </symbol>
      <symbol id="sm-361">
         <name>UART0_OutSDec</name>
         <value>0x22b</value>
         <object_component_ref idref="oc-10f"/>
      </symbol>
      <symbol id="sm-362">
         <name>UART0_Init</name>
         <value>0xe5</value>
         <object_component_ref idref="oc-10f"/>
      </symbol>
      <symbol id="sm-363">
         <name>uart_close</name>
         <value>0x68f</value>
         <object_component_ref idref="oc-10f"/>
      </symbol>
      <symbol id="sm-364">
         <name>fgetc</name>
         <value>0x64f</value>
         <object_component_ref idref="oc-10f"/>
      </symbol>
      <symbol id="sm-365">
         <name>UART0_OutChar</name>
         <value>0x13d</value>
         <object_component_ref idref="oc-10f"/>
      </symbol>
      <symbol id="sm-366">
         <name>UART0_InUDec</name>
         <value>0x177</value>
         <object_component_ref idref="oc-10f"/>
      </symbol>
      <symbol id="sm-367">
         <name>UART0_InUHex</name>
         <value>0x489</value>
         <object_component_ref idref="oc-10f"/>
      </symbol>
      <symbol id="sm-37d">
         <name>Reset_Handler</name>
         <value>0x2da9</value>
         <object_component_ref idref="oc-6a"/>
      </symbol>
      <symbol id="sm-37e">
         <name>Default_Handler</name>
         <value>0x2db5</value>
         <object_component_ref idref="oc-6a"/>
      </symbol>
      <symbol id="sm-37f">
         <name>interruptVectors</name>
         <value>0x0</value>
         <object_component_ref idref="oc-26"/>
      </symbol>
      <symbol id="sm-3c5">
         <name>SystemInit</name>
         <value>0x14fd</value>
         <object_component_ref idref="oc-be"/>
      </symbol>
      <symbol id="sm-3c6">
         <name>SystemCoreClockUpdate</name>
         <value>0x1289</value>
         <object_component_ref idref="oc-be"/>
      </symbol>
      <symbol id="sm-3c7">
         <name>SystemCoreClock</name>
         <value>0x20000620</value>
         <object_component_ref idref="oc-163"/>
      </symbol>
      <symbol id="sm-423">
         <name>__TI_cleanup</name>
         <value>0x2b6d</value>
         <object_component_ref idref="oc-221"/>
      </symbol>
      <symbol id="sm-424">
         <name>freopen</name>
         <value>0x2c09</value>
         <object_component_ref idref="oc-19c"/>
      </symbol>
      <symbol id="sm-425">
         <name>fopen</name>
         <value>0x2399</value>
         <object_component_ref idref="oc-196"/>
      </symbol>
      <symbol id="sm-446">
         <name>setvbuf</name>
         <value>0x2149</value>
         <object_component_ref idref="oc-1a2"/>
      </symbol>
      <symbol id="sm-455">
         <name>__aeabi_memset</name>
         <value>0x2553</value>
         <object_component_ref idref="oc-a0"/>
      </symbol>
      <symbol id="sm-456">
         <name>memset</name>
         <value>0x2559</value>
         <object_component_ref idref="oc-a0"/>
      </symbol>
      <symbol id="sm-457">
         <name>__aeabi_memset8</name>
         <value>0x2553</value>
         <object_component_ref idref="oc-a0"/>
      </symbol>
      <symbol id="sm-458">
         <name>__aeabi_memset4</name>
         <value>0x2553</value>
         <object_component_ref idref="oc-a0"/>
      </symbol>
      <symbol id="sm-459">
         <name>__aeabi_memclr8</name>
         <value>0x2551</value>
         <object_component_ref idref="oc-a0"/>
      </symbol>
      <symbol id="sm-45a">
         <name>__aeabi_memclr4</name>
         <value>0x2551</value>
         <object_component_ref idref="oc-a0"/>
      </symbol>
      <symbol id="sm-45b">
         <name>__aeabi_memclr</name>
         <value>0x2551</value>
         <object_component_ref idref="oc-a0"/>
      </symbol>
      <symbol id="sm-474">
         <name>__TI_zero_init_nomemset</name>
         <value>0x2d0d</value>
         <object_component_ref idref="oc-46"/>
      </symbol>
      <symbol id="sm-48b">
         <name>__TI_decompress_none</name>
         <value>0x2d9b</value>
         <object_component_ref idref="oc-1d"/>
      </symbol>
      <symbol id="sm-4ae">
         <name>__TI_decompress_lzss</name>
         <value>0x2785</value>
         <object_component_ref idref="oc-17"/>
      </symbol>
      <symbol id="sm-4d4">
         <name>C$$EXIT</name>
         <value>0x2dc3</value>
         <object_component_ref idref="oc-125"/>
      </symbol>
      <symbol id="sm-4d5">
         <name>abort</name>
         <value>0x2dc3</value>
         <object_component_ref idref="oc-125"/>
      </symbol>
      <symbol id="sm-4d6">
         <name>__TI_dtors_ptr</name>
         <value>0x200005e4</value>
         <object_component_ref idref="oc-1be"/>
      </symbol>
      <symbol id="sm-4d7">
         <name>__TI_cleanup_ptr</name>
         <value>0x200005e0</value>
         <object_component_ref idref="oc-1be"/>
      </symbol>
      <symbol id="sm-4d8">
         <name>__TI_enable_exit_profile_output</name>
         <value>0x200005e8</value>
         <object_component_ref idref="oc-1be"/>
      </symbol>
      <symbol id="sm-4d9">
         <name>exit</name>
         <value>0x29a5</value>
         <object_component_ref idref="oc-12b"/>
      </symbol>
      <symbol id="sm-4ee">
         <name>_nop</name>
         <value>0x25cb</value>
         <object_component_ref idref="oc-236"/>
      </symbol>
      <symbol id="sm-4ef">
         <name>_lock</name>
         <value>0x200005f8</value>
         <object_component_ref idref="oc-1c1"/>
      </symbol>
      <symbol id="sm-4f0">
         <name>_unlock</name>
         <value>0x200005fc</value>
         <object_component_ref idref="oc-1c1"/>
      </symbol>
      <symbol id="sm-505">
         <name>__TI_tmpnams</name>
         <value>0x20000744</value>
      </symbol>
      <symbol id="sm-506">
         <name>__aeabi_stdout</name>
         <value>0x200005d8</value>
         <object_component_ref idref="oc-209"/>
      </symbol>
      <symbol id="sm-507">
         <name>__aeabi_stderr</name>
         <value>0x200005dc</value>
         <object_component_ref idref="oc-209"/>
      </symbol>
      <symbol id="sm-508">
         <name>__aeabi_stdin</name>
         <value>0x200005d4</value>
         <object_component_ref idref="oc-209"/>
      </symbol>
      <symbol id="sm-509">
         <name>_ftable</name>
         <value>0x20000400</value>
         <object_component_ref idref="oc-1a8"/>
      </symbol>
      <symbol id="sm-50a">
         <name>__TI_ft_end</name>
         <value>0x200005d0</value>
         <object_component_ref idref="oc-209"/>
      </symbol>
      <symbol id="sm-58e">
         <name>_sys_memory</name>
         <value>0x20000000</value>
         <object_component_ref idref="oc-29"/>
      </symbol>
      <symbol id="sm-58f">
         <name>free</name>
         <value>0x1f85</value>
         <object_component_ref idref="oc-215"/>
      </symbol>
      <symbol id="sm-590">
         <name>memalign</name>
         <value>0x1e85</value>
         <object_component_ref idref="oc-2ca"/>
      </symbol>
      <symbol id="sm-591">
         <name>malloc</name>
         <value>0x2db7</value>
         <object_component_ref idref="oc-21b"/>
      </symbol>
      <symbol id="sm-592">
         <name>aligned_alloc</name>
         <value>0x1e85</value>
         <object_component_ref idref="oc-2ca"/>
      </symbol>
      <symbol id="sm-5a5">
         <name>__stack</name>
         <value>0x2000fe00</value>
         <object_component_ref idref="oc-2c"/>
      </symbol>
      <symbol id="sm-5a6">
         <name>_c_int00_noargs</name>
         <value>0x2bd5</value>
         <object_component_ref idref="oc-58"/>
      </symbol>
      <symbol id="sm-5c8">
         <name>open</name>
         <value>0x2225</value>
         <object_component_ref idref="oc-298"/>
      </symbol>
      <symbol id="sm-5ed">
         <name>add_device</name>
         <value>0x22e1</value>
         <object_component_ref idref="oc-190"/>
      </symbol>
      <symbol id="sm-602">
         <name>__TI_closefile</name>
         <value>0x25cd</value>
         <object_component_ref idref="oc-20e"/>
      </symbol>
      <symbol id="sm-612">
         <name>__TI_doflush</name>
         <value>0x2959</value>
         <object_component_ref idref="oc-2a8"/>
      </symbol>
      <symbol id="sm-630">
         <name>finddevice</name>
         <value>0x2c3d</value>
         <object_component_ref idref="oc-1f0"/>
      </symbol>
      <symbol id="sm-631">
         <name>getdevice</name>
         <value>0x2ab9</value>
         <object_component_ref idref="oc-31a"/>
      </symbol>
      <symbol id="sm-64c">
         <name>memcpy</name>
         <value>0x2435</value>
         <object_component_ref idref="oc-3a"/>
      </symbol>
      <symbol id="sm-64d">
         <name>__aeabi_memcpy</name>
         <value>0x2435</value>
         <object_component_ref idref="oc-3a"/>
      </symbol>
      <symbol id="sm-64e">
         <name>__aeabi_memcpy8</name>
         <value>0x2435</value>
         <object_component_ref idref="oc-3a"/>
      </symbol>
      <symbol id="sm-64f">
         <name>__aeabi_memcpy4</name>
         <value>0x2435</value>
         <object_component_ref idref="oc-3a"/>
      </symbol>
      <symbol id="sm-677">
         <name>__TI_auto_init_nobinit_nopinit</name>
         <value>0x2a75</value>
         <object_component_ref idref="oc-131"/>
      </symbol>
      <symbol id="sm-681">
         <name>_system_pre_init</name>
         <value>0x2dbf</value>
         <object_component_ref idref="oc-a6"/>
      </symbol>
      <symbol id="sm-693">
         <name>strchr</name>
         <value>0x2d5d</value>
         <object_component_ref idref="oc-35a"/>
      </symbol>
      <symbol id="sm-6a2">
         <name>strcmp</name>
         <value>0x2d45</value>
         <object_component_ref idref="oc-255"/>
      </symbol>
      <symbol id="sm-6b2">
         <name>strncpy</name>
         <value>0x2b35</value>
         <object_component_ref idref="oc-1f6"/>
      </symbol>
      <symbol id="sm-6c2">
         <name>write</name>
         <value>0x2cc1</value>
         <object_component_ref idref="oc-326"/>
      </symbol>
      <symbol id="sm-6d3">
         <name>_stream</name>
         <value>0x20000568</value>
         <object_component_ref idref="oc-321"/>
      </symbol>
      <symbol id="sm-6d4">
         <name>_device</name>
         <value>0x200004f0</value>
         <object_component_ref idref="oc-1fd"/>
      </symbol>
      <symbol id="sm-6e9">
         <name>close</name>
         <value>0x284d</value>
         <object_component_ref idref="oc-2ae"/>
      </symbol>
      <symbol id="sm-6f9">
         <name>unlink</name>
         <value>0x2c6d</value>
         <object_component_ref idref="oc-2b4"/>
      </symbol>
      <symbol id="sm-70a">
         <name>HOSTclose</name>
         <value>0x29ed</value>
         <object_component_ref idref="oc-265"/>
      </symbol>
      <symbol id="sm-71b">
         <name>HOSTlseek</name>
         <value>0x271d</value>
         <object_component_ref idref="oc-277"/>
      </symbol>
      <symbol id="sm-72d">
         <name>parmbuf</name>
         <value>0x200007ec</value>
      </symbol>
      <symbol id="sm-72e">
         <name>HOSTopen</name>
         <value>0x27ed</value>
         <object_component_ref idref="oc-25f"/>
      </symbol>
      <symbol id="sm-73f">
         <name>HOSTread</name>
         <value>0x28a9</value>
         <object_component_ref idref="oc-26b"/>
      </symbol>
      <symbol id="sm-750">
         <name>HOSTrename</name>
         <value>0x26b1</value>
         <object_component_ref idref="oc-283"/>
      </symbol>
      <symbol id="sm-761">
         <name>HOSTunlink</name>
         <value>0x2a31</value>
         <object_component_ref idref="oc-27d"/>
      </symbol>
      <symbol id="sm-772">
         <name>HOSTwrite</name>
         <value>0x2901</value>
         <object_component_ref idref="oc-271"/>
      </symbol>
      <symbol id="sm-796">
         <name>__TI_readmsg</name>
         <value>0x2ba1</value>
         <object_component_ref idref="oc-2f7"/>
      </symbol>
      <symbol id="sm-797">
         <name>C$$IO$$</name>
         <value>0x2b2b</value>
         <object_component_ref idref="oc-2f1"/>
      </symbol>
      <symbol id="sm-798">
         <name>__CIOBUF_</name>
         <value>0x20000624</value>
         <object_component_ref idref="oc-344"/>
      </symbol>
      <symbol id="sm-799">
         <name>__TI_writemsg</name>
         <value>0x2afd</value>
         <object_component_ref idref="oc-2f1"/>
      </symbol>
      <symbol id="sm-7a7">
         <name>strcpy</name>
         <value>0x2d73</value>
         <object_component_ref idref="oc-30b"/>
      </symbol>
      <symbol id="sm-7b5">
         <name>strlen</name>
         <value>0x2d87</value>
         <object_component_ref idref="oc-2eb"/>
      </symbol>
      <symbol id="sm-7b6">
         <name>__TI_static_base__</name>
         <value>0x0</value>
      </symbol>
      <symbol id="sm-7b9">
         <name>__mpu_init</name>
         <value>0x0</value>
      </symbol>
      <symbol id="sm-7ba">
         <name>_system_post_cinit</name>
         <value>0x0</value>
      </symbol>
      <symbol id="sm-7bb">
         <name>NMI_Handler</name>
         <value>0x2db5</value>
      </symbol>
      <symbol id="sm-7bc">
         <name>HardFault_Handler</name>
         <value>0x2db5</value>
      </symbol>
      <symbol id="sm-7bd">
         <name>MemManage_Handler</name>
         <value>0x2db5</value>
      </symbol>
      <symbol id="sm-7be">
         <name>BusFault_Handler</name>
         <value>0x2db5</value>
      </symbol>
      <symbol id="sm-7bf">
         <name>UsageFault_Handler</name>
         <value>0x2db5</value>
      </symbol>
      <symbol id="sm-7c0">
         <name>SVC_Handler</name>
         <value>0x2db5</value>
      </symbol>
      <symbol id="sm-7c1">
         <name>DebugMon_Handler</name>
         <value>0x2db5</value>
      </symbol>
      <symbol id="sm-7c2">
         <name>PendSV_Handler</name>
         <value>0x2db5</value>
      </symbol>
      <symbol id="sm-7c3">
         <name>SysTick_Handler</name>
         <value>0x2db5</value>
      </symbol>
      <symbol id="sm-7c4">
         <name>PSS_IRQHandler</name>
         <value>0x2db5</value>
      </symbol>
      <symbol id="sm-7c5">
         <name>CS_IRQHandler</name>
         <value>0x2db5</value>
      </symbol>
      <symbol id="sm-7c6">
         <name>PCM_IRQHandler</name>
         <value>0x2db5</value>
      </symbol>
      <symbol id="sm-7c7">
         <name>WDT_A_IRQHandler</name>
         <value>0x2db5</value>
      </symbol>
      <symbol id="sm-7c8">
         <name>FPU_IRQHandler</name>
         <value>0x2db5</value>
      </symbol>
      <symbol id="sm-7c9">
         <name>FLCTL_IRQHandler</name>
         <value>0x2db5</value>
      </symbol>
      <symbol id="sm-7ca">
         <name>COMP_E0_IRQHandler</name>
         <value>0x2db5</value>
      </symbol>
      <symbol id="sm-7cb">
         <name>COMP_E1_IRQHandler</name>
         <value>0x2db5</value>
      </symbol>
      <symbol id="sm-7cc">
         <name>TA0_0_IRQHandler</name>
         <value>0x2db5</value>
      </symbol>
      <symbol id="sm-7cd">
         <name>TA0_N_IRQHandler</name>
         <value>0x2db5</value>
      </symbol>
      <symbol id="sm-7ce">
         <name>TA1_0_IRQHandler</name>
         <value>0x251d</value>
      </symbol>
      <symbol id="sm-7cf">
         <name>TA1_N_IRQHandler</name>
         <value>0x2db5</value>
      </symbol>
      <symbol id="sm-7d0">
         <name>TA2_0_IRQHandler</name>
         <value>0x2db5</value>
      </symbol>
      <symbol id="sm-7d1">
         <name>TA2_N_IRQHandler</name>
         <value>0x2db5</value>
      </symbol>
      <symbol id="sm-7d2">
         <name>TA3_0_IRQHandler</name>
         <value>0x2db5</value>
      </symbol>
      <symbol id="sm-7d3">
         <name>TA3_N_IRQHandler</name>
         <value>0x2db5</value>
      </symbol>
      <symbol id="sm-7d4">
         <name>EUSCIA0_IRQHandler</name>
         <value>0x2db5</value>
      </symbol>
      <symbol id="sm-7d5">
         <name>EUSCIA1_IRQHandler</name>
         <value>0x2db5</value>
      </symbol>
      <symbol id="sm-7d6">
         <name>EUSCIA2_IRQHandler</name>
         <value>0x2db5</value>
      </symbol>
      <symbol id="sm-7d7">
         <name>EUSCIA3_IRQHandler</name>
         <value>0x2db5</value>
      </symbol>
      <symbol id="sm-7d8">
         <name>EUSCIB0_IRQHandler</name>
         <value>0x2db5</value>
      </symbol>
      <symbol id="sm-7d9">
         <name>EUSCIB1_IRQHandler</name>
         <value>0x2db5</value>
      </symbol>
      <symbol id="sm-7da">
         <name>EUSCIB2_IRQHandler</name>
         <value>0x2db5</value>
      </symbol>
      <symbol id="sm-7db">
         <name>EUSCIB3_IRQHandler</name>
         <value>0x2db5</value>
      </symbol>
      <symbol id="sm-7dc">
         <name>ADC14_IRQHandler</name>
         <value>0x2db5</value>
      </symbol>
      <symbol id="sm-7dd">
         <name>T32_INT1_IRQHandler</name>
         <value>0xa03</value>
      </symbol>
      <symbol id="sm-7de">
         <name>T32_INT2_IRQHandler</name>
         <value>0x2db5</value>
      </symbol>
      <symbol id="sm-7df">
         <name>T32_INTC_IRQHandler</name>
         <value>0x2db5</value>
      </symbol>
      <symbol id="sm-7e0">
         <name>AES256_IRQHandler</name>
         <value>0x2db5</value>
      </symbol>
      <symbol id="sm-7e1">
         <name>RTC_C_IRQHandler</name>
         <value>0x2db5</value>
      </symbol>
      <symbol id="sm-7e2">
         <name>DMA_ERR_IRQHandler</name>
         <value>0x2db5</value>
      </symbol>
      <symbol id="sm-7e3">
         <name>DMA_INT3_IRQHandler</name>
         <value>0x2db5</value>
      </symbol>
      <symbol id="sm-7e4">
         <name>DMA_INT2_IRQHandler</name>
         <value>0x2db5</value>
      </symbol>
      <symbol id="sm-7e5">
         <name>DMA_INT1_IRQHandler</name>
         <value>0x2db5</value>
      </symbol>
      <symbol id="sm-7e6">
         <name>DMA_INT0_IRQHandler</name>
         <value>0x2db5</value>
      </symbol>
      <symbol id="sm-7e7">
         <name>PORT1_IRQHandler</name>
         <value>0x2db5</value>
      </symbol>
      <symbol id="sm-7e8">
         <name>PORT2_IRQHandler</name>
         <value>0x2db5</value>
      </symbol>
      <symbol id="sm-7e9">
         <name>PORT3_IRQHandler</name>
         <value>0x2db5</value>
      </symbol>
      <symbol id="sm-7ea">
         <name>PORT4_IRQHandler</name>
         <value>0x20ed</value>
      </symbol>
      <symbol id="sm-7eb">
         <name>PORT5_IRQHandler</name>
         <value>0x2db5</value>
      </symbol>
      <symbol id="sm-7ec">
         <name>PORT6_IRQHandler</name>
         <value>0x2db5</value>
      </symbol>
      <symbol id="sm-7ed">
         <name>remove</name>
         <value>0x2c6d</value>
      </symbol>
   </symbol_table>
   <title>Link successful</title>
</link_info>
