******************************************************************************
                  TI ARM Linker PC v20.2.7                     
******************************************************************************
>> Linked Tue Mar 18 17:00:21 2025

OUTPUT FILE NAME:   <DesignProj1.out>
ENTRY POINT SYMBOL: "_c_int00_noargs"  address: 00002bd5


MEMORY CONFIGURATION

         name            origin    length      used     unused   attr    fill
----------------------  --------  ---------  --------  --------  ----  --------
  MAIN                  00000000   00040000  00002e7e  0003d182  R  X
  INFO                  00200000   00004000  00000000  00004000  R  X
  SRAM_CODE             01000000   00010000  00000a01  0000f5ff  RW X
  SRAM_DATA             20000000   00010000  00000a01  0000f5ff  RW  


SEGMENT ALLOCATION MAP

run origin  load origin   length   init length attrs members
----------  ----------- ---------- ----------- ----- -------
00000000    00000000    00002e80   00002e80    r-x
  00000000    00000000    000000e4   000000e4    r-- .intvecs
  000000e4    000000e4    00002ce2   00002ce2    r-x .text
  00002dc8    00002dc8    00000020   00000020    r-- .const
  00002de8    00002de8    00000098   00000098    r-- .cinit
20000000    20000000    00000801   00000000    rw-
  20000000    20000000    00000400   00000000    rw- .sysmem
  20000400    20000400    00000224   00000000    rw- .data
  20000624    20000624    000001dd   00000000    rw- .bss
2000fe00    2000fe00    00000200   00000000    rw-
  2000fe00    2000fe00    00000200   00000000    rw- .stack


SECTION ALLOCATION MAP

 output                                  attributes/
section   page    origin      length       input sections
--------  ----  ----------  ----------   ----------------
.intvecs   0    00000000    000000e4     
                  00000000    000000e4     startup_msp432p401r_ccs.obj (.intvecs:retain)

.text      0    000000e4    00002ce2     
                  000000e4    000006e0     UART0.obj (.text)
                  000007c4    000006c8     TExaS.obj (.text)
                  00000e8c    000003fc     PWM.obj (.text)
                  00001288    0000032c     system_msp432p401r.obj (.text)
                  000015b4    000002b4     FSM_main.obj (.text)
                  00001868    000001e0     Clock.obj (.text)
                  00001a48    000001d0     Reflectance.obj (.text)
                  00001c18    0000015c     Motor.obj (.text)
                  00001d74    00000110     rtsv7M4_T_le_v4SPD16_eabi.lib : fopen.c.obj (.text:_openfile)
                  00001e84    00000100                                   : memory.c.obj (.text:aligned_alloc)
                  00001f84    000000e4                                   : memory.c.obj (.text:free)
                  00002068    000000e0     BumpInt.obj (.text)
                  00002148    000000dc     rtsv7M4_T_le_v4SPD16_eabi.lib : setvbuf.c.obj (.text:setvbuf)
                  00002224    000000bc                                   : open.c.obj (.text:open)
                  000022e0    000000b8                                   : add_device.c.obj (.text:add_device)
                  00002398    0000009c                                   : fopen.c.obj (.text:fopen)
                  00002434    0000009c                                   : memcpy_t2.asm.obj (.text)
                  000024d0    00000080     TimerA1.obj (.text)
                  00002550    0000007a     rtsv7M4_T_le_v4SPD16_eabi.lib : memset_t2.asm.obj (.text)
                  000025ca    00000002                                   : _lock.c.obj (.text:_nop)
                  000025cc    00000074                                   : fclose.c.obj (.text:__TI_closefile)
                  00002640    00000070                                   : memory.c.obj (.text:split)
                  000026b0    0000006c                                   : hostrename.c.obj (.text:HOSTrename)
                  0000271c    00000068                                   : hostlseek.c.obj (.text:HOSTlseek)
                  00002784    00000068                                   : copy_decompress_lzss.c.obj (.text:decompress:lzss:__TI_decompress_lzss)
                  000027ec    00000060                                   : hostopen.c.obj (.text:HOSTopen)
                  0000284c    0000005c                                   : close.c.obj (.text:close)
                  000028a8    00000058                                   : hostread.c.obj (.text:HOSTread)
                  00002900    00000058                                   : hostwrite.c.obj (.text:HOSTwrite)
                  00002958    0000004c                                   : fflush.c.obj (.text:__TI_doflush)
                  000029a4    00000048                                   : exit.c.obj (.text:exit)
                  000029ec    00000044                                   : hostclose.c.obj (.text:HOSTclose)
                  00002a30    00000044                                   : hostunlink.c.obj (.text:HOSTunlink)
                  00002a74    00000044                                   : autoinit.c.obj (.text:__TI_auto_init_nobinit_nopinit:__TI_auto_init_nobinit_nopinit)
                  00002ab8    00000044                                   : getdevice.c.obj (.text:getdevice)
                  00002afc    00000038                                   : trgmsg.c.obj (.text:__TI_writemsg)
                  00002b34    00000036                                   : strncpy.c.obj (.text:strncpy)
                  00002b6a    00000002     --HOLE-- [fill = 0]
                  00002b6c    00000034                                   : fopen.c.obj (.text:__TI_cleanup)
                  00002ba0    00000034                                   : trgmsg.c.obj (.text:__TI_readmsg)
                  00002bd4    00000034                                   : boot_cortex_m.c.obj (.text:_c_int00_noargs:_c_int00_noargs)
                  00002c08    00000034                                   : fopen.c.obj (.text:freopen)
                  00002c3c    00000030                                   : getdevice.c.obj (.text:finddevice)
                  00002c6c    0000002c                                   : unlink.c.obj (.text:unlink)
                  00002c98    00000028                                   : memory.c.obj (.text:free_list_insert)
                  00002cc0    00000028                                   : write.c.obj (.text:write)
                  00002ce8    00000024     CortexM.obj (.text)
                  00002d0c    0000001c     rtsv7M4_T_le_v4SPD16_eabi.lib : copy_zero_init.c.obj (.text:decompress:ZI:__TI_zero_init_nomemset:__TI_zero_init_nomemset)
                  00002d28    0000001c                                   : memory.c.obj (.text:free_list_remove)
                  00002d44    00000018                                   : strcmp.c.obj (.text:strcmp)
                  00002d5c    00000016                                   : strchr.c.obj (.text:strchr)
                  00002d72    00000014                                   : strcpy.c.obj (.text:strcpy)
                  00002d86    00000014                                   : strlen.c.obj (.text:strlen)
                  00002d9a    0000000e                                   : copy_decompress_none.c.obj (.text:decompress:none:__TI_decompress_none)
                  00002da8    0000000e     startup_msp432p401r_ccs.obj (.text)
                  00002db6    00000008     rtsv7M4_T_le_v4SPD16_eabi.lib : memory.c.obj (.text:malloc)
                  00002dbe    00000004                                   : pre_init.c.obj (.text:_system_pre_init)
                  00002dc2    00000004                                   : exit.c.obj (.text:abort:abort)

.const     0    00002dc8    00000020     
                  00002dc8    00000020     Reflectance.obj (.const:$P$T0$1)

.cinit     0    00002de8    00000098     
                  00002de8    00000071     (.cinit..data.load) [load image, compression = lzss]
                  00002e59    00000003     --HOLE-- [fill = 0]
                  00002e5c    0000000c     (__TI_handler_table)
                  00002e68    00000008     (.cinit..bss.load) [load image, compression = zero_init]
                  00002e70    00000010     (__TI_cinit_table)

.init_array 
*          0    00000000    00000000     UNINITIALIZED

.binit     0    00000000    00000000     

.sysmem    0    20000000    00000400     UNINITIALIZED
                  20000000    00000010     rtsv7M4_T_le_v4SPD16_eabi.lib : memory.c.obj (.sysmem)
                  20000010    000003f0     --HOLE--

.data      0    20000400    00000224     UNINITIALIZED
                  20000400    000000f0     rtsv7M4_T_le_v4SPD16_eabi.lib : defs.c.obj (.data:_ftable)
                  200004f0    00000078                                   : host_device.c.obj (.data:_device)
                  20000568    00000050                                   : host_device.c.obj (.data:_stream)
                  200005b8    00000018     Clock.obj (.data)
                  200005d0    00000010     rtsv7M4_T_le_v4SPD16_eabi.lib : defs.c.obj (.data)
                  200005e0    0000000c                                   : exit.c.obj (.data:$O1$$)
                  200005ec    0000000c     TExaS.obj (.data)
                  200005f8    00000008     rtsv7M4_T_le_v4SPD16_eabi.lib : _lock.c.obj (.data:$O1$$)
                  20000600    00000008                                   : memory.c.obj (.data:$O1$$)
                  20000608    00000008     FSM_main.obj (.data)
                  20000610    00000004     BumpInt.obj (.data)
                  20000614    00000004     rtsv7M4_T_le_v4SPD16_eabi.lib : add_device.c.obj (.data)
                  20000618    00000004                                   : fopen.c.obj (.data)
                  2000061c    00000004                                   : open.c.obj (.data)
                  20000620    00000004     system_msp432p401r.obj (.data)

.bss       0    20000624    000001dd     UNINITIALIZED
                  20000624    00000120     rtsv7M4_T_le_v4SPD16_eabi.lib : trgmsg.c.obj (.bss:_CIOBUF_)
                  20000744    000000a0     (.common:__TI_tmpnams)
                  200007e4    00000008     (.common:Messageb)
                  200007ec    00000008     (.common:parmbuf)
                  200007f4    00000004     (.common:Messageindexb)
                  200007f8    00000004     (.common:PeriodicTask2)
                  200007fc    00000004     (.common:TimerA1Task)
                  20000800    00000001     (.common:LogicData)

.stack     0    2000fe00    00000200     UNINITIALIZED
                  2000fe00    00000004     rtsv7M4_T_le_v4SPD16_eabi.lib : boot_cortex_m.c.obj (.stack)
                  2000fe04    000001fc     --HOLE--

__llvm_prf_cnts 
*          0    20000000    00000000     UNINITIALIZED

MODULE SUMMARY

       Module                        code    ro data   rw data
       ------                        ----    -------   -------
    .\
       UART0.obj                     1760    0         24     
       TExaS.obj                     1736    0         34     
       PWM.obj                       1020    0         0      
       system_msp432p401r.obj        812     0         8      
       FSM_main.obj                  692     0         16     
       Clock.obj                     480     0         48     
       Reflectance.obj               464     32        0      
       Motor.obj                     348     0         0      
       startup_msp432p401r_ccs.obj   14      228       0      
       BumpInt.obj                   224     0         8      
       TimerA1.obj                   128     0         8      
       CortexM.obj                   36      0         0      
    +--+-----------------------------+-------+---------+---------+
       Total:                        7714    260       146    
                                                              
    C:\ti\ccs1260\ccs\tools\compiler\ti-cgt-arm_20.2.7.LTS\lib\rtsv7M4_T_le_v4SPD16_eabi.lib
       defs.c.obj                    0       0         832    
       memory.c.obj                  672     0         16     
       trgmsg.c.obj                  108     0         576    
       fopen.c.obj                   532     0         8      
       host_device.c.obj             0       0         400    
       setvbuf.c.obj                 220     0         0      
       open.c.obj                    188     0         8      
       add_device.c.obj              184     0         8      
       memcpy_t2.asm.obj             156     0         0      
       memset_t2.asm.obj             122     0         0      
       fclose.c.obj                  116     0         0      
       getdevice.c.obj               116     0         0      
       hostopen.c.obj                96      0         16     
       hostrename.c.obj              108     0         0      
       copy_decompress_lzss.c.obj    104     0         0      
       hostlseek.c.obj               104     0         0      
       exit.c.obj                    76      0         24     
       close.c.obj                   92      0         0      
       hostread.c.obj                88      0         0      
       hostwrite.c.obj               88      0         0      
       fflush.c.obj                  76      0         0      
       autoinit.c.obj                68      0         0      
       hostclose.c.obj               68      0         0      
       hostunlink.c.obj              68      0         0      
       strncpy.c.obj                 54      0         0      
       boot_cortex_m.c.obj           52      0         0      
       unlink.c.obj                  44      0         0      
       write.c.obj                   40      0         0      
       copy_zero_init.c.obj          28      0         0      
       strcmp.c.obj                  24      0         0      
       strchr.c.obj                  22      0         0      
       strcpy.c.obj                  20      0         0      
       strlen.c.obj                  20      0         0      
       _lock.c.obj                   2       0         16     
       copy_decompress_none.c.obj    14      0         0      
       pre_init.c.obj                4       0         0      
    +--+-----------------------------+-------+---------+---------+
       Total:                        3774    0         1904   
                                                              
       Heap:                         0       0         2048   
       Stack:                        0       0         1024   
       Linker Generated:             0       149       0      
    +--+-----------------------------+-------+---------+---------+
       Grand Total:                  11488   409       5122   


LINKER GENERATED COPY TABLES

__TI_cinit_table @ 00002e70 records: 2, size/record: 8, table size: 16
	.data: load addr=00002de8, load size=00000071 bytes, run addr=20000400, run size=00000224 bytes, compression=lzss
	.bss: load addr=00002e68, load size=00000008 bytes, run addr=20000624, run size=000001dd bytes, compression=zero_init


LINKER GENERATED HANDLER TABLE

__TI_handler_table @ 00002e5c records: 3, size/record: 4, table size: 12
	index: 0, handler: __TI_decompress_lzss
	index: 1, handler: __TI_decompress_none
	index: 2, handler: __TI_zero_init


GLOBAL SYMBOLS: SORTED ALPHABETICALLY BY Name 

address   name                                   
-------   ----                                   
00002db5  ADC14_IRQHandler                       
00000bd1  ADC_Init                               
00002db5  AES256_IRQHandler                      
00002069  BumpInt_Init                           
000020cf  Bump_Read                              
00002db5  BusFault_Handler                       
00002dc3  C$$EXIT                                
00002b2b  C$$IO$$                                
00002db5  COMP_E0_IRQHandler                     
00002db5  COMP_E1_IRQHandler                     
200005c0  CPMwait                                
00002db5  CS_IRQHandler                          
200005b8  ClockFrequency                         
000019bd  Clock_Delay1ms                         
00001993  Clock_Delay1us                         
0000197f  Clock_GetFreq                          
00001869  Clock_Init48MHz                        
20000609  CollisionFlag                          
200005cc  Crystalstable                          
00002db5  DMA_ERR_IRQHandler                     
00002db5  DMA_INT0_IRQHandler                    
00002db5  DMA_INT1_IRQHandler                    
00002db5  DMA_INT2_IRQHandler                    
00002db5  DMA_INT3_IRQHandler                    
00002db5  DebugMon_Handler                       
00002db5  Default_Handler                        
00002ce9  DisableInterrupts                      
00002db5  EUSCIA0_IRQHandler                     
00002db5  EUSCIA1_IRQHandler                     
00002db5  EUSCIA2_IRQHandler                     
00002db5  EUSCIA3_IRQHandler                     
00002db5  EUSCIB0_IRQHandler                     
00002db5  EUSCIB1_IRQHandler                     
00002db5  EUSCIB2_IRQHandler                     
00002db5  EUSCIB3_IRQHandler                     
00002cef  EnableInterrupts                       
00002cff  EndCritical                            
00002db5  FLCTL_IRQHandler                       
00002db5  FPU_IRQHandler                         
00001631  FSM_Update                             
000029ed  HOSTclose                              
0000271d  HOSTlseek                              
000027ed  HOSTopen                               
000028a9  HOSTread                               
000026b1  HOSTrename                             
00002a31  HOSTunlink                             
00002901  HOSTwrite                              
000015db  HandleCollision                        
00002db5  HardFault_Handler                      
200005c8  IFlags                                 
000007c5  LogicAnalyzer                          
000007cf  LogicAnalyzer_P1                       
000008a5  LogicAnalyzer_P10                      
000007dd  LogicAnalyzer_P2                       
000008b3  LogicAnalyzer_P27_P26_P82_P92_P104_P105
000007eb  LogicAnalyzer_P2_7654                  
000007fb  LogicAnalyzer_P3                       
00000809  LogicAnalyzer_P4                       
00000827  LogicAnalyzer_P4_765320                
00000817  LogicAnalyzer_P4_765432                
0000085f  LogicAnalyzer_P5                       
000008eb  LogicAnalyzer_P55_P54_P27_P26_P37_P36  
0000086d  LogicAnalyzer_P6                       
0000087b  LogicAnalyzer_P7                       
00000889  LogicAnalyzer_P8                       
00000897  LogicAnalyzer_P9                       
20000800  LogicData                              
00002db5  MemManage_Handler                      
200007e4  Messageb                               
200007f4  Messageindexb                          
00001d23  Motor_Backward                         
00001c89  Motor_Forward                          
00001c19  Motor_Init                             
00001ce9  Motor_Left                             
00001caf  Motor_Right                            
00001c6f  Motor_Stop                             
00002db5  NMI_Handler                            
00002db5  PCM_IRQHandler                         
00002db5  PORT1_IRQHandler                       
00002db5  PORT2_IRQHandler                       
00002db5  PORT3_IRQHandler                       
000020ed  PORT4_IRQHandler                       
000020ed  PORT4_IRQHandler                       
00002db5  PORT5_IRQHandler                       
00002db5  PORT6_IRQHandler                       
00002db5  PSS_IRQHandler                         
00000f77  PWM_Duty1                              
00000f97  PWM_Duty2                              
00001017  PWM_Duty3                              
00001037  PWM_Duty4                              
00000e8d  PWM_Init1                              
00000ef3  PWM_Init12                             
00000fb7  PWM_Init34                             
0000117f  PWM_RobotArmDuty0                      
000011a5  PWM_RobotArmDuty1                      
000011cb  PWM_RobotArmDuty2                      
0000119f  PWM_RobotArmGetDuty0                   
000011c5  PWM_RobotArmGetDuty1                   
000011eb  PWM_RobotArmGetDuty2                   
00001057  PWM_RobotArmInit                       
00002db5  PendSV_Handler                         
200007f8  PeriodicTask2                          
00000999  PeriodicTask2_Init                     
00000a13  PeriodicTask2_Stop                     
200005c4  Postwait                               
200005bc  Prewait                                
00002db5  RTC_C_IRQHandler                       
000015cf  Read_Line_Position                     
000015c3  Read_Line_Sensors                      
00001bb7  Reflectance_End                        
00001a49  Reflectance_Init                       
00001b15  Reflectance_Position                   
00001aad  Reflectance_Read                       
00001b7f  Reflectance_Start                      
00002da9  Reset_Handler                          
00002db5  SVC_Handler                            
00000915  Scope                                  
000015b5  Sensor_Init                            
00002cf5  StartCritical                          
00002db5  SysTick_Handler                        
20000620  SystemCoreClock                        
00001289  SystemCoreClockUpdate                  
000014fd  SystemInit                             
00000a03  T32_INT1_IRQHandler                    
00000a03  T32_INT1_IRQHandler                    
00002db5  T32_INT2_IRQHandler                    
00002db5  T32_INTC_IRQHandler                    
00002db5  TA0_0_IRQHandler                       
00002db5  TA0_N_IRQHandler                       
0000251d  TA1_0_IRQHandler                       
0000251d  TA1_0_IRQHandler                       
00002db5  TA1_N_IRQHandler                       
00002db5  TA2_0_IRQHandler                       
00002db5  TA2_N_IRQHandler                       
00002db5  TA3_0_IRQHandler                       
00002db5  TA3_N_IRQHandler                       
00000b65  TExaS_Clear0                           
00000b71  TExaS_Clear1                           
00000b85  TExaS_Clear2                           
00000b91  TExaS_Clear3                           
00000b9d  TExaS_Clear4                           
00000b9f  TExaS_Clear5                           
00000bab  TExaS_Clear6                           
00000c95  TExaS_Init                             
200005f0  TExaS_ScopeErrConflict                 
200005ec  TExaS_ScopeErrLostData                 
200005f4  TExaS_ScopeWrnReconfig                 
00000af3  TExaS_Set                              
00000b0b  TExaS_Set0                             
00000b17  TExaS_Set1                             
00000b23  TExaS_Set2                             
00000b2f  TExaS_Set3                             
00000b3b  TExaS_Set4                             
00000b3d  TExaS_Set5                             
00000b55  TExaS_Set6                             
00000e21  TExaS_Stop                             
00000aa9  TExaS_Task0                            
00000ab5  TExaS_Task1                            
00000ac1  TExaS_Task2                            
00000acd  TExaS_Task3                            
00000ad9  TExaS_Task4                            
00000adb  TExaS_Task5                            
00000ae7  TExaS_Task6                            
200007fc  TimerA1Task                            
000024d1  TimerA1_Init                           
0000250d  TimerA1_Stop                           
0000012d  UART0_InChar                           
000005d5  UART0_InString                         
00000177  UART0_InUDec                           
00000489  UART0_InUHex                           
000000e5  UART0_Init                             
00000737  UART0_Initprintf                       
0000013d  UART0_OutChar                          
0000022b  UART0_OutSDec                          
00000159  UART0_OutString                        
000001fb  UART0_OutUDec                          
0000039d  UART0_OutUDec4                         
000003e5  UART0_OutUDec5                         
00000417  UART0_OutUFix1                         
0000043f  UART0_OutUFix2                         
0000054d  UART0_OutUHex                          
000005b9  UART0_OutUHex2                         
00000a7d  UART_InChar                            
00000a23  UART_Init                              
00000a8d  UART_OutChar                           
00002db5  UsageFault_Handler                     
4000480c  WDTCTL_SYM                             
00002db5  WDT_A_IRQHandler                       
000015f3  WaitForButtonPress                     
00002d07  WaitForInterrupt                       
20000624  __CIOBUF_                              
20010000  __STACK_END                            
00000200  __STACK_SIZE                           
00000400  __SYSMEM_SIZE                          
00002e70  __TI_CINIT_Base                        
00002e80  __TI_CINIT_Limit                       
00002e5c  __TI_Handler_Table_Base                
00002e68  __TI_Handler_Table_Limit               
00002a75  __TI_auto_init_nobinit_nopinit         
00002b6d  __TI_cleanup                           
200005e0  __TI_cleanup_ptr                       
000025cd  __TI_closefile                         
00002785  __TI_decompress_lzss                   
00002d9b  __TI_decompress_none                   
00002959  __TI_doflush                           
200005e4  __TI_dtors_ptr                         
200005e8  __TI_enable_exit_profile_output        
200005d0  __TI_ft_end                            
ffffffff  __TI_pprof_out_hndl                    
ffffffff  __TI_prof_data_size                    
ffffffff  __TI_prof_data_start                   
00002ba1  __TI_readmsg                           
00000000  __TI_static_base__                     
20000744  __TI_tmpnams                           
00002afd  __TI_writemsg                          
00002d0d  __TI_zero_init_nomemset                
00002551  __aeabi_memclr                         
00002551  __aeabi_memclr4                        
00002551  __aeabi_memclr8                        
00002435  __aeabi_memcpy                         
00002435  __aeabi_memcpy4                        
00002435  __aeabi_memcpy8                        
00002553  __aeabi_memset                         
00002553  __aeabi_memset4                        
00002553  __aeabi_memset8                        
200005dc  __aeabi_stderr                         
200005d4  __aeabi_stdin                          
200005d8  __aeabi_stdout                         
ffffffff  __binit__                              
ffffffff  __c_args__                             
UNDEFED   __mpu_init                             
2000fe00  __stack                                
20000000  __start___llvm_prf_cnts                
20000000  __stop___llvm_prf_cnts                 
00002bd5  _c_int00_noargs                        
200004f0  _device                                
20000400  _ftable                                
200005f8  _lock                                  
000025cb  _nop                                   
20000568  _stream                                
20000000  _sys_memory                            
UNDEFED   _system_post_cinit                     
00002dbf  _system_pre_init                       
200005fc  _unlock                                
00002dc3  abort                                  
000022e1  add_device                             
00001e85  aligned_alloc                          
ffffffff  binit                                  
0000284d  close                                  
20000608  currentState                           
00001985  delay                                  
000029a5  exit                                   
00000669  ferror                                 
0000064f  fgetc                                  
00002c3d  finddevice                             
00002399  fopen                                  
00001f85  free                                   
00002c09  freopen                                
00002ab9  getdevice                              
00000000  interruptVectors                       
000017cb  main                                   
00002db7  malloc                                 
00001e85  memalign                               
00002435  memcpy                                 
00002559  memset                                 
00002225  open                                   
00000591  outnibble                              
200007ec  parmbuf                                
00002c6d  remove                                 
00002149  setvbuf                                
00002d5d  strchr                                 
00002d45  strcmp                                 
00002d73  strcpy                                 
00002d87  strlen                                 
00002b35  strncpy                                
0000068f  uart_close                             
0000070d  uart_lseek                             
0000067f  uart_open                              
0000069b  uart_read                              
00000729  uart_rename                            
0000071d  uart_unlink                            
000006cb  uart_write                             
00002c6d  unlink                                 
00002cc1  write                                  


GLOBAL SYMBOLS: SORTED BY Symbol Address 

address   name                                   
-------   ----                                   
00000000  __TI_static_base__                     
00000000  interruptVectors                       
000000e5  UART0_Init                             
0000012d  UART0_InChar                           
0000013d  UART0_OutChar                          
00000159  UART0_OutString                        
00000177  UART0_InUDec                           
000001fb  UART0_OutUDec                          
00000200  __STACK_SIZE                           
0000022b  UART0_OutSDec                          
0000039d  UART0_OutUDec4                         
000003e5  UART0_OutUDec5                         
00000400  __SYSMEM_SIZE                          
00000417  UART0_OutUFix1                         
0000043f  UART0_OutUFix2                         
00000489  UART0_InUHex                           
0000054d  UART0_OutUHex                          
00000591  outnibble                              
000005b9  UART0_OutUHex2                         
000005d5  UART0_InString                         
0000064f  fgetc                                  
00000669  ferror                                 
0000067f  uart_open                              
0000068f  uart_close                             
0000069b  uart_read                              
000006cb  uart_write                             
0000070d  uart_lseek                             
0000071d  uart_unlink                            
00000729  uart_rename                            
00000737  UART0_Initprintf                       
000007c5  LogicAnalyzer                          
000007cf  LogicAnalyzer_P1                       
000007dd  LogicAnalyzer_P2                       
000007eb  LogicAnalyzer_P2_7654                  
000007fb  LogicAnalyzer_P3                       
00000809  LogicAnalyzer_P4                       
00000817  LogicAnalyzer_P4_765432                
00000827  LogicAnalyzer_P4_765320                
0000085f  LogicAnalyzer_P5                       
0000086d  LogicAnalyzer_P6                       
0000087b  LogicAnalyzer_P7                       
00000889  LogicAnalyzer_P8                       
00000897  LogicAnalyzer_P9                       
000008a5  LogicAnalyzer_P10                      
000008b3  LogicAnalyzer_P27_P26_P82_P92_P104_P105
000008eb  LogicAnalyzer_P55_P54_P27_P26_P37_P36  
00000915  Scope                                  
00000999  PeriodicTask2_Init                     
00000a03  T32_INT1_IRQHandler                    
00000a03  T32_INT1_IRQHandler                    
00000a13  PeriodicTask2_Stop                     
00000a23  UART_Init                              
00000a7d  UART_InChar                            
00000a8d  UART_OutChar                           
00000aa9  TExaS_Task0                            
00000ab5  TExaS_Task1                            
00000ac1  TExaS_Task2                            
00000acd  TExaS_Task3                            
00000ad9  TExaS_Task4                            
00000adb  TExaS_Task5                            
00000ae7  TExaS_Task6                            
00000af3  TExaS_Set                              
00000b0b  TExaS_Set0                             
00000b17  TExaS_Set1                             
00000b23  TExaS_Set2                             
00000b2f  TExaS_Set3                             
00000b3b  TExaS_Set4                             
00000b3d  TExaS_Set5                             
00000b55  TExaS_Set6                             
00000b65  TExaS_Clear0                           
00000b71  TExaS_Clear1                           
00000b85  TExaS_Clear2                           
00000b91  TExaS_Clear3                           
00000b9d  TExaS_Clear4                           
00000b9f  TExaS_Clear5                           
00000bab  TExaS_Clear6                           
00000bd1  ADC_Init                               
00000c95  TExaS_Init                             
00000e21  TExaS_Stop                             
00000e8d  PWM_Init1                              
00000ef3  PWM_Init12                             
00000f77  PWM_Duty1                              
00000f97  PWM_Duty2                              
00000fb7  PWM_Init34                             
00001017  PWM_Duty3                              
00001037  PWM_Duty4                              
00001057  PWM_RobotArmInit                       
0000117f  PWM_RobotArmDuty0                      
0000119f  PWM_RobotArmGetDuty0                   
000011a5  PWM_RobotArmDuty1                      
000011c5  PWM_RobotArmGetDuty1                   
000011cb  PWM_RobotArmDuty2                      
000011eb  PWM_RobotArmGetDuty2                   
00001289  SystemCoreClockUpdate                  
000014fd  SystemInit                             
000015b5  Sensor_Init                            
000015c3  Read_Line_Sensors                      
000015cf  Read_Line_Position                     
000015db  HandleCollision                        
000015f3  WaitForButtonPress                     
00001631  FSM_Update                             
000017cb  main                                   
00001869  Clock_Init48MHz                        
0000197f  Clock_GetFreq                          
00001985  delay                                  
00001993  Clock_Delay1us                         
000019bd  Clock_Delay1ms                         
00001a49  Reflectance_Init                       
00001aad  Reflectance_Read                       
00001b15  Reflectance_Position                   
00001b7f  Reflectance_Start                      
00001bb7  Reflectance_End                        
00001c19  Motor_Init                             
00001c6f  Motor_Stop                             
00001c89  Motor_Forward                          
00001caf  Motor_Right                            
00001ce9  Motor_Left                             
00001d23  Motor_Backward                         
00001e85  aligned_alloc                          
00001e85  memalign                               
00001f85  free                                   
00002069  BumpInt_Init                           
000020cf  Bump_Read                              
000020ed  PORT4_IRQHandler                       
000020ed  PORT4_IRQHandler                       
00002149  setvbuf                                
00002225  open                                   
000022e1  add_device                             
00002399  fopen                                  
00002435  __aeabi_memcpy                         
00002435  __aeabi_memcpy4                        
00002435  __aeabi_memcpy8                        
00002435  memcpy                                 
000024d1  TimerA1_Init                           
0000250d  TimerA1_Stop                           
0000251d  TA1_0_IRQHandler                       
0000251d  TA1_0_IRQHandler                       
00002551  __aeabi_memclr                         
00002551  __aeabi_memclr4                        
00002551  __aeabi_memclr8                        
00002553  __aeabi_memset                         
00002553  __aeabi_memset4                        
00002553  __aeabi_memset8                        
00002559  memset                                 
000025cb  _nop                                   
000025cd  __TI_closefile                         
000026b1  HOSTrename                             
0000271d  HOSTlseek                              
00002785  __TI_decompress_lzss                   
000027ed  HOSTopen                               
0000284d  close                                  
000028a9  HOSTread                               
00002901  HOSTwrite                              
00002959  __TI_doflush                           
000029a5  exit                                   
000029ed  HOSTclose                              
00002a31  HOSTunlink                             
00002a75  __TI_auto_init_nobinit_nopinit         
00002ab9  getdevice                              
00002afd  __TI_writemsg                          
00002b2b  C$$IO$$                                
00002b35  strncpy                                
00002b6d  __TI_cleanup                           
00002ba1  __TI_readmsg                           
00002bd5  _c_int00_noargs                        
00002c09  freopen                                
00002c3d  finddevice                             
00002c6d  remove                                 
00002c6d  unlink                                 
00002cc1  write                                  
00002ce9  DisableInterrupts                      
00002cef  EnableInterrupts                       
00002cf5  StartCritical                          
00002cff  EndCritical                            
00002d07  WaitForInterrupt                       
00002d0d  __TI_zero_init_nomemset                
00002d45  strcmp                                 
00002d5d  strchr                                 
00002d73  strcpy                                 
00002d87  strlen                                 
00002d9b  __TI_decompress_none                   
00002da9  Reset_Handler                          
00002db5  ADC14_IRQHandler                       
00002db5  AES256_IRQHandler                      
00002db5  BusFault_Handler                       
00002db5  COMP_E0_IRQHandler                     
00002db5  COMP_E1_IRQHandler                     
00002db5  CS_IRQHandler                          
00002db5  DMA_ERR_IRQHandler                     
00002db5  DMA_INT0_IRQHandler                    
00002db5  DMA_INT1_IRQHandler                    
00002db5  DMA_INT2_IRQHandler                    
00002db5  DMA_INT3_IRQHandler                    
00002db5  DebugMon_Handler                       
00002db5  Default_Handler                        
00002db5  EUSCIA0_IRQHandler                     
00002db5  EUSCIA1_IRQHandler                     
00002db5  EUSCIA2_IRQHandler                     
00002db5  EUSCIA3_IRQHandler                     
00002db5  EUSCIB0_IRQHandler                     
00002db5  EUSCIB1_IRQHandler                     
00002db5  EUSCIB2_IRQHandler                     
00002db5  EUSCIB3_IRQHandler                     
00002db5  FLCTL_IRQHandler                       
00002db5  FPU_IRQHandler                         
00002db5  HardFault_Handler                      
00002db5  MemManage_Handler                      
00002db5  NMI_Handler                            
00002db5  PCM_IRQHandler                         
00002db5  PORT1_IRQHandler                       
00002db5  PORT2_IRQHandler                       
00002db5  PORT3_IRQHandler                       
00002db5  PORT5_IRQHandler                       
00002db5  PORT6_IRQHandler                       
00002db5  PSS_IRQHandler                         
00002db5  PendSV_Handler                         
00002db5  RTC_C_IRQHandler                       
00002db5  SVC_Handler                            
00002db5  SysTick_Handler                        
00002db5  T32_INT2_IRQHandler                    
00002db5  T32_INTC_IRQHandler                    
00002db5  TA0_0_IRQHandler                       
00002db5  TA0_N_IRQHandler                       
00002db5  TA1_N_IRQHandler                       
00002db5  TA2_0_IRQHandler                       
00002db5  TA2_N_IRQHandler                       
00002db5  TA3_0_IRQHandler                       
00002db5  TA3_N_IRQHandler                       
00002db5  UsageFault_Handler                     
00002db5  WDT_A_IRQHandler                       
00002db7  malloc                                 
00002dbf  _system_pre_init                       
00002dc3  C$$EXIT                                
00002dc3  abort                                  
00002e5c  __TI_Handler_Table_Base                
00002e68  __TI_Handler_Table_Limit               
00002e70  __TI_CINIT_Base                        
00002e80  __TI_CINIT_Limit                       
20000000  __start___llvm_prf_cnts                
20000000  __stop___llvm_prf_cnts                 
20000000  _sys_memory                            
20000400  _ftable                                
200004f0  _device                                
20000568  _stream                                
200005b8  ClockFrequency                         
200005bc  Prewait                                
200005c0  CPMwait                                
200005c4  Postwait                               
200005c8  IFlags                                 
200005cc  Crystalstable                          
200005d0  __TI_ft_end                            
200005d4  __aeabi_stdin                          
200005d8  __aeabi_stdout                         
200005dc  __aeabi_stderr                         
200005e0  __TI_cleanup_ptr                       
200005e4  __TI_dtors_ptr                         
200005e8  __TI_enable_exit_profile_output        
200005ec  TExaS_ScopeErrLostData                 
200005f0  TExaS_ScopeErrConflict                 
200005f4  TExaS_ScopeWrnReconfig                 
200005f8  _lock                                  
200005fc  _unlock                                
20000608  currentState                           
20000609  CollisionFlag                          
20000620  SystemCoreClock                        
20000624  __CIOBUF_                              
20000744  __TI_tmpnams                           
200007e4  Messageb                               
200007ec  parmbuf                                
200007f4  Messageindexb                          
200007f8  PeriodicTask2                          
200007fc  TimerA1Task                            
20000800  LogicData                              
2000fe00  __stack                                
20010000  __STACK_END                            
4000480c  WDTCTL_SYM                             
ffffffff  __TI_pprof_out_hndl                    
ffffffff  __TI_prof_data_size                    
ffffffff  __TI_prof_data_start                   
ffffffff  __binit__                              
ffffffff  __c_args__                             
ffffffff  binit                                  
UNDEFED   __mpu_init                             
UNDEFED   _system_post_cinit                     

[284 symbols]
