******************************************************************************
                  TI ARM Linker PC v18.12.4                    
******************************************************************************
>> Linked Tue Mar 18 15:30:00 2025

OUTPUT FILE NAME:   <line_following_race.out>
ENTRY POINT SYMBOL: "_c_int00_noargs"  address: 000029d9


MEMORY CONFIGURATION

         name            origin    length      used     unused   attr    fill
----------------------  --------  ---------  --------  --------  ----  --------
  MAIN                  00000000   00040000  00002c92  0003d36e  R  X
  INFO                  00200000   00004000  00000000  00004000  R  X
  SRAM_CODE             01000000   00010000  000009f9  0000f607  RW X
  SRAM_DATA             20000000   00010000  000009f9  0000f607  RW  


SEGMENT ALLOCATION MAP

run origin  load origin   length   init length attrs members
----------  ----------- ---------- ----------- ----- -------
00000000    00000000    00002c98   00002c98    r-x
  00000000    00000000    000000e4   000000e4    r-- .intvecs
  000000e4    000000e4    00002af6   00002af6    r-x .text
  00002bdc    00002bdc    00000020   00000020    r-- .const
  00002c00    00002c00    00000098   00000098    r-- .cinit
20000000    20000000    000007f9   00000000    rw-
  20000000    20000000    00000400   00000000    rw- .sysmem
  20000400    20000400    00000220   00000000    rw- .data
  20000620    20000620    000001d9   00000000    rw- .bss
2000fe00    2000fe00    00000200   00000000    rw-
  2000fe00    2000fe00    00000200   00000000    rw- .stack


SECTION ALLOCATION MAP

 output                                  attributes/
section   page    origin      length       input sections
--------  ----  ----------  ----------   ----------------
.intvecs   0    00000000    000000e4     
                  00000000    000000e4     startup_msp432p401r_ccs.obj (.intvecs:retain)

.text      0    000000e4    00002af6     
                  000000e4    000006c8     TExaS.obj (.text)
                  000007ac    000006a0     UART0.obj (.text)
                  00000e4c    00000424     PWM.obj (.text)
                  00001270    00000334     system_msp432p401r.obj (.text)
                  000015a4    0000020c     main.obj (.text)
                  000017b0    000001e0     Clock.obj (.text)
                  00001990    000001d0     Reflectance.obj (.text)
                  00001b60    00000164     Motor.obj (.text)
                  00001cc4    00000118     rtsv7M4_T_le_v4SPD16_eabi.lib : memory.c.obj (.text:aligned_alloc)
                  00001ddc    0000010c                                   : fopen.c.obj (.text:_openfile)
                  00001ee8    000000e4                                   : memory.c.obj (.text:free)
                  00001fcc    000000dc                                   : setvbuf.c.obj (.text:setvbuf)
                  000020a8    000000bc                                   : open.c.obj (.text:open)
                  00002164    000000b8                                   : add_device.c.obj (.text:add_device)
                  0000221c    0000009c                                   : fopen.c.obj (.text:fopen)
                  000022b8    0000009c                                   : memcpy_t2.asm.obj (.text)
                  00002354    0000007a                                   : memset_t2.asm.obj (.text)
                  000023ce    00000002                                   : _lock.c.obj (.text:_nop)
                  000023d0    00000074                                   : fclose.c.obj (.text:__TI_closefile)
                  00002444    00000070                                   : memory.c.obj (.text:split)
                  000024b4    0000006c                                   : hostrename.c.obj (.text:HOSTrename)
                  00002520    00000068                                   : hostlseek.c.obj (.text:HOSTlseek)
                  00002588    00000068                                   : copy_decompress_lzss.c.obj (.text:decompress:lzss:__TI_decompress_lzss)
                  000025f0    00000060                                   : hostopen.c.obj (.text:HOSTopen)
                  00002650    0000005c                                   : close.c.obj (.text:close)
                  000026ac    00000058                                   : hostread.c.obj (.text:HOSTread)
                  00002704    00000058                                   : hostwrite.c.obj (.text:HOSTwrite)
                  0000275c    0000004c                                   : fflush.c.obj (.text:__TI_doflush)
                  000027a8    00000048                                   : exit.c.obj (.text:exit)
                  000027f0    00000044                                   : hostclose.c.obj (.text:HOSTclose)
                  00002834    00000044                                   : hostunlink.c.obj (.text:HOSTunlink)
                  00002878    00000044                                   : autoinit.c.obj (.text:__TI_auto_init_nobinit_nopinit:__TI_auto_init_nobinit_nopinit)
                  000028bc    00000044                                   : getdevice.c.obj (.text:getdevice)
                  00002900    00000038                                   : trgmsg.c.obj (.text:__TI_writemsg)
                  00002938    00000036                                   : strncpy.c.obj (.text:strncpy)
                  0000296e    00000002     --HOLE-- [fill = 0]
                  00002970    00000034                                   : fopen.c.obj (.text:__TI_cleanup)
                  000029a4    00000034                                   : trgmsg.c.obj (.text:__TI_readmsg)
                  000029d8    00000034                                   : boot_cortex_m.c.obj (.text:_c_int00_noargs:_c_int00_noargs)
                  00002a0c    00000034                                   : fopen.c.obj (.text:freopen)
                  00002a40    00000030                                   : getdevice.c.obj (.text:finddevice)
                  00002a70    0000002c                                   : unlink.c.obj (.text:unlink)
                  00002a9c    00000028                                   : memory.c.obj (.text:free_list_insert)
                  00002ac4    00000028                                   : write.c.obj (.text:write)
                  00002aec    00000024     CortexM.obj (.text)
                  00002b10    0000001c     rtsv7M4_T_le_v4SPD16_eabi.lib : copy_zero_init.c.obj (.text:decompress:ZI:__TI_zero_init_nomemset:__TI_zero_init_nomemset)
                  00002b2c    0000001c                                   : memory.c.obj (.text:free_list_remove)
                  00002b48    00000018                                   : strcmp.c.obj (.text:strcmp)
                  00002b60    00000016                                   : strchr.c.obj (.text:strchr)
                  00002b76    00000014                                   : strcpy.c.obj (.text:strcpy)
                  00002b8a    00000014                                   : strlen.c.obj (.text:strlen)
                  00002b9e    00000010     BumpInt.obj (.text)
                  00002bae    0000000e     rtsv7M4_T_le_v4SPD16_eabi.lib : copy_decompress_none.c.obj (.text:decompress:none:__TI_decompress_none)
                  00002bbc    0000000e     startup_msp432p401r_ccs.obj (.text)
                  00002bca    00000008     rtsv7M4_T_le_v4SPD16_eabi.lib : memory.c.obj (.text:malloc)
                  00002bd2    00000004                                   : pre_init.c.obj (.text:_system_pre_init)
                  00002bd6    00000004                                   : exit.c.obj (.text:abort:abort)

.const     0    00002bdc    00000020     
                  00002bdc    00000020     Reflectance.obj (.const:$P$T0$1)

.cinit     0    00002c00    00000098     
                  00002c00    00000071     (.cinit..data.load) [load image, compression = lzss]
                  00002c71    00000003     --HOLE-- [fill = 0]
                  00002c74    0000000c     (__TI_handler_table)
                  00002c80    00000008     (.cinit..bss.load) [load image, compression = zero_init]
                  00002c88    00000010     (__TI_cinit_table)

.init_array 
*          0    00000000    00000000     UNINITIALIZED

.binit     0    00000000    00000000     

.sysmem    0    20000000    00000400     UNINITIALIZED
                  20000000    00000010     rtsv7M4_T_le_v4SPD16_eabi.lib : memory.c.obj (.sysmem)
                  20000010    000003f0     --HOLE--

.data      0    20000400    00000220     UNINITIALIZED
                  20000400    000000f0     rtsv7M4_T_le_v4SPD16_eabi.lib : defs.c.obj (.data:_ftable)
                  200004f0    00000078                                   : host_device.c.obj (.data:_device)
                  20000568    00000050                                   : host_device.c.obj (.data:_stream)
                  200005b8    00000018     Clock.obj (.data)
                  200005d0    00000010     rtsv7M4_T_le_v4SPD16_eabi.lib : defs.c.obj (.data)
                  200005e0    0000000c                                   : exit.c.obj (.data:$O1$$)
                  200005ec    0000000c     TExaS.obj (.data)
                  200005f8    00000008     rtsv7M4_T_le_v4SPD16_eabi.lib : _lock.c.obj (.data:$O1$$)
                  20000600    00000008                                   : memory.c.obj (.data:$O1$$)
                  20000608    00000008     main.obj (.data)
                  20000610    00000004     rtsv7M4_T_le_v4SPD16_eabi.lib : add_device.c.obj (.data)
                  20000614    00000004                                   : fopen.c.obj (.data)
                  20000618    00000004                                   : open.c.obj (.data)
                  2000061c    00000004     system_msp432p401r.obj (.data)

.bss       0    20000620    000001d9     UNINITIALIZED
                  20000620    00000120     rtsv7M4_T_le_v4SPD16_eabi.lib : trgmsg.c.obj (.bss:_CIOBUF_)
                  20000740    000000a0     (.common:__TI_tmpnams)
                  200007e0    00000008     (.common:Messageb)
                  200007e8    00000008     (.common:parmbuf)
                  200007f0    00000004     (.common:Messageindexb)
                  200007f4    00000004     (.common:PeriodicTask2)
                  200007f8    00000001     (.common:LogicData)

.stack     0    2000fe00    00000200     UNINITIALIZED
                  2000fe00    00000004     rtsv7M4_T_le_v4SPD16_eabi.lib : boot_cortex_m.c.obj (.stack)
                  2000fe04    000001fc     --HOLE--

MODULE SUMMARY

       Module                        code    ro data   rw data
       ------                        ----    -------   -------
    .\
       system_msp432p401r.obj        820     0         8      
       main.obj                      524     0         16     
       startup_msp432p401r_ccs.obj   14      228       0      
    +--+-----------------------------+-------+---------+---------+
       Total:                        1358    228       24     
                                                              
    .\inc\
       TExaS.obj                     1736    0         34     
       UART0.obj                     1696    0         24     
       PWM.obj                       1060    0         0      
       Clock.obj                     480     0         48     
       Reflectance.obj               464     32        0      
       Motor.obj                     356     0         0      
       CortexM.obj                   36      0         0      
       BumpInt.obj                   16      0         0      
    +--+-----------------------------+-------+---------+---------+
       Total:                        5844    32        106    
                                                              
    C:\ti\ccs930\ccs\tools\compiler\ti-cgt-arm_18.12.4.LTS\lib\rtsv7M4_T_le_v4SPD16_eabi.lib
       defs.c.obj                    0       0         832    
       memory.c.obj                  696     0         16     
       trgmsg.c.obj                  108     0         576    
       fopen.c.obj                   528     0         8      
       host_device.c.obj             0       0         400    
       setvbuf.c.obj                 220     0         0      
       open.c.obj                    188     0         8      
       add_device.c.obj              184     0         8      
       memcpy_t2.asm.obj             156     0         0      
       memset_t2.asm.obj             122     0         0      
       fclose.c.obj                  116     0         0      
       getdevice.c.obj               116     0         0      
       hostopen.c.obj                96      0         16     
       hostrename.c.obj              108     0         0      
       copy_decompress_lzss.c.obj    104     0         0      
       hostlseek.c.obj               104     0         0      
       exit.c.obj                    76      0         24     
       close.c.obj                   92      0         0      
       hostread.c.obj                88      0         0      
       hostwrite.c.obj               88      0         0      
       fflush.c.obj                  76      0         0      
       autoinit.c.obj                68      0         0      
       hostclose.c.obj               68      0         0      
       hostunlink.c.obj              68      0         0      
       strncpy.c.obj                 54      0         0      
       boot_cortex_m.c.obj           52      0         0      
       unlink.c.obj                  44      0         0      
       write.c.obj                   40      0         0      
       copy_zero_init.c.obj          28      0         0      
       strcmp.c.obj                  24      0         0      
       strchr.c.obj                  22      0         0      
       strcpy.c.obj                  20      0         0      
       strlen.c.obj                  20      0         0      
       _lock.c.obj                   2       0         16     
       copy_decompress_none.c.obj    14      0         0      
       pre_init.c.obj                4       0         0      
    +--+-----------------------------+-------+---------+---------+
       Total:                        3794    0         1904   
                                                              
       Heap:                         0       0         2048   
       Stack:                        0       0         1024   
       Linker Generated:             0       149       0      
    +--+-----------------------------+-------+---------+---------+
       Grand Total:                  10996   409       5106   


LINKER GENERATED COPY TABLES

__TI_cinit_table @ 00002c88 records: 2, size/record: 8, table size: 16
	.data: load addr=00002c00, load size=00000071 bytes, run addr=20000400, run size=00000220 bytes, compression=lzss
	.bss: load addr=00002c80, load size=00000008 bytes, run addr=20000620, run size=000001d9 bytes, compression=zero_init


LINKER GENERATED HANDLER TABLE

__TI_handler_table @ 00002c74 records: 3, size/record: 4, table size: 12
	index: 0, handler: __TI_decompress_lzss
	index: 1, handler: __TI_decompress_none
	index: 2, handler: __TI_zero_init


GLOBAL SYMBOLS: SORTED ALPHABETICALLY BY Name 

address   name                                   
-------   ----                                   
00002bc9  ADC14_IRQHandler                       
000004f1  ADC_Init                               
00002bc9  AES256_IRQHandler                      
00002b9f  BumpInt_Init                           
00002ba9  Bump_Read                              
00002bc9  BusFault_Handler                       
00002bd7  C$$EXIT                                
0000292f  C$$IO$$                                
00002bc9  COMP_E0_IRQHandler                     
00002bc9  COMP_E1_IRQHandler                     
200005c0  CPMwait                                
00002bc9  CS_IRQHandler                          
200005b8  ClockFrequency                         
00001905  Clock_Delay1ms                         
000018db  Clock_Delay1us                         
000018c7  Clock_GetFreq                          
000017b1  Clock_Init48MHz                        
20000609  CollisionFlag                          
200005cc  Crystalstable                          
00002bc9  DMA_ERR_IRQHandler                     
00002bc9  DMA_INT0_IRQHandler                    
00002bc9  DMA_INT1_IRQHandler                    
00002bc9  DMA_INT2_IRQHandler                    
00002bc9  DMA_INT3_IRQHandler                    
00002bc9  DebugMon_Handler                       
00002bc9  Default_Handler                        
00002aed  DisableInterrupts                      
00002bc9  EUSCIA0_IRQHandler                     
00002bc9  EUSCIA1_IRQHandler                     
00002bc9  EUSCIA2_IRQHandler                     
00002bc9  EUSCIA3_IRQHandler                     
00002bc9  EUSCIB0_IRQHandler                     
00002bc9  EUSCIB1_IRQHandler                     
00002bc9  EUSCIB2_IRQHandler                     
00002bc9  EUSCIB3_IRQHandler                     
00002af3  EnableInterrupts                       
00002b03  EndCritical                            
00002bc9  FLCTL_IRQHandler                       
00002bc9  FPU_IRQHandler                         
00001621  FSM_Update                             
000027f1  HOSTclose                              
00002521  HOSTlseek                              
000025f1  HOSTopen                               
000026ad  HOSTread                               
000024b5  HOSTrename                             
00002835  HOSTunlink                             
00002705  HOSTwrite                              
000015cb  HandleCollision                        
00002bc9  HardFault_Handler                      
200005c8  IFlags                                 
000000e5  LogicAnalyzer                          
000000ef  LogicAnalyzer_P1                       
000001c5  LogicAnalyzer_P10                      
000000fd  LogicAnalyzer_P2                       
000001d3  LogicAnalyzer_P27_P26_P82_P92_P104_P105
0000010b  LogicAnalyzer_P2_7654                  
0000011b  LogicAnalyzer_P3                       
00000129  LogicAnalyzer_P4                       
00000147  LogicAnalyzer_P4_765320                
00000137  LogicAnalyzer_P4_765432                
0000017f  LogicAnalyzer_P5                       
0000020b  LogicAnalyzer_P55_P54_P27_P26_P37_P36  
0000018d  LogicAnalyzer_P6                       
0000019b  LogicAnalyzer_P7                       
000001a9  LogicAnalyzer_P8                       
000001b7  LogicAnalyzer_P9                       
200007f8  LogicData                              
00002bc9  MemManage_Handler                      
200007e0  Messageb                               
200007f0  Messageindexb                          
00001c75  Motor_Backward                         
00001bd1  Motor_Forward                          
00001b61  Motor_Init                             
00001c3b  Motor_Left                             
00001c01  Motor_Right                            
00001bb7  Motor_Stop                             
00002bc9  NMI_Handler                            
00002bc9  PCM_IRQHandler                         
00002bc9  PORT1_IRQHandler                       
00002bc9  PORT2_IRQHandler                       
00002bc9  PORT3_IRQHandler                       
00002bad  PORT4_IRQHandler                       
00002bad  PORT4_IRQHandler                       
00002bc9  PORT5_IRQHandler                       
00002bc9  PORT6_IRQHandler                       
00002bc9  PSS_IRQHandler                         
00000f37  PWM_Duty1                              
00000f57  PWM_Duty2                              
00000ffd  PWM_Duty3                              
0000101d  PWM_Duty4                              
00000e4d  PWM_Init1                              
00000eb3  PWM_Init12                             
00000f77  PWM_Init34                             
00001165  PWM_RobotArmDuty0                      
0000118b  PWM_RobotArmDuty1                      
000011b1  PWM_RobotArmDuty2                      
00001185  PWM_RobotArmGetDuty0                   
000011ab  PWM_RobotArmGetDuty1                   
000011d1  PWM_RobotArmGetDuty2                   
0000103d  PWM_RobotArmInit                       
00002bc9  PendSV_Handler                         
200007f4  PeriodicTask2                          
000002b9  PeriodicTask2_Init                     
00000333  PeriodicTask2_Stop                     
200005c4  Postwait                               
200005bc  Prewait                                
00002bc9  RTC_C_IRQHandler                       
000015bf  Read_Line_Position                     
000015b3  Read_Line_Sensors                      
00001aff  Reflectance_End                        
00001991  Reflectance_Init                       
00001a5d  Reflectance_Position                   
000019f5  Reflectance_Read                       
00001ac7  Reflectance_Start                      
00002bbd  Reset_Handler                          
00002bc9  SVC_Handler                            
00000235  Scope                                  
000015a5  Sensor_Init                            
00002af9  StartCritical                          
00002bc9  SysTick_Handler                        
2000061c  SystemCoreClock                        
00001271  SystemCoreClockUpdate                  
000014e9  SystemInit                             
00000323  T32_INT1_IRQHandler                    
00000323  T32_INT1_IRQHandler                    
00002bc9  T32_INT2_IRQHandler                    
00002bc9  T32_INTC_IRQHandler                    
00002bc9  TA0_0_IRQHandler                       
00002bc9  TA0_N_IRQHandler                       
00002bc9  TA1_0_IRQHandler                       
00002bc9  TA1_N_IRQHandler                       
00002bc9  TA2_0_IRQHandler                       
00002bc9  TA2_N_IRQHandler                       
00002bc9  TA3_0_IRQHandler                       
00002bc9  TA3_N_IRQHandler                       
00000485  TExaS_Clear0                           
00000491  TExaS_Clear1                           
000004a5  TExaS_Clear2                           
000004b1  TExaS_Clear3                           
000004bd  TExaS_Clear4                           
000004bf  TExaS_Clear5                           
000004cb  TExaS_Clear6                           
000005b5  TExaS_Init                             
200005f0  TExaS_ScopeErrConflict                 
200005ec  TExaS_ScopeErrLostData                 
200005f4  TExaS_ScopeWrnReconfig                 
00000413  TExaS_Set                              
0000042b  TExaS_Set0                             
00000437  TExaS_Set1                             
00000443  TExaS_Set2                             
0000044f  TExaS_Set3                             
0000045b  TExaS_Set4                             
0000045d  TExaS_Set5                             
00000475  TExaS_Set6                             
00000741  TExaS_Stop                             
000003c9  TExaS_Task0                            
000003d5  TExaS_Task1                            
000003e1  TExaS_Task2                            
000003ed  TExaS_Task3                            
000003f9  TExaS_Task4                            
000003fb  TExaS_Task5                            
00000407  TExaS_Task6                            
000007f3  UART0_InChar                           
00000c61  UART0_InString                         
0000083d  UART0_InUDec                           
00000b15  UART0_InUHex                           
000007ad  UART0_Init                             
00000dc1  UART0_Initprintf                       
00000803  UART0_OutChar                          
000008cb  UART0_OutSDec                          
0000081f  UART0_OutString                        
000008c1  UART0_OutUDec                          
00000a11  UART0_OutUDec4                         
00000a49  UART0_OutUDec5                         
00000a9d  UART0_OutUFix1                         
00000ac9  UART0_OutUFix2                         
00000bdd  UART0_OutUHex                          
00000c45  UART0_OutUHex2                         
0000039d  UART_InChar                            
00000343  UART_Init                              
000003ad  UART_OutChar                           
00002bc9  UsageFault_Handler                     
4000480c  WDTCTL_SYM                             
00002bc9  WDT_A_IRQHandler                       
000015e3  WaitForButtonPress                     
00002b0b  WaitForInterrupt                       
20000620  __CIOBUF_                              
20010000  __STACK_END                            
00000200  __STACK_SIZE                           
00000400  __SYSMEM_SIZE                          
00002c88  __TI_CINIT_Base                        
00002c98  __TI_CINIT_Limit                       
00002c74  __TI_Handler_Table_Base                
00002c80  __TI_Handler_Table_Limit               
00002879  __TI_auto_init_nobinit_nopinit         
00002971  __TI_cleanup                           
200005e0  __TI_cleanup_ptr                       
000023d1  __TI_closefile                         
00002589  __TI_decompress_lzss                   
00002baf  __TI_decompress_none                   
0000275d  __TI_doflush                           
200005e4  __TI_dtors_ptr                         
200005e8  __TI_enable_exit_profile_output        
200005d0  __TI_ft_end                            
ffffffff  __TI_pprof_out_hndl                    
ffffffff  __TI_prof_data_size                    
ffffffff  __TI_prof_data_start                   
000029a5  __TI_readmsg                           
00000000  __TI_static_base__                     
20000740  __TI_tmpnams                           
00002901  __TI_writemsg                          
00002b11  __TI_zero_init_nomemset                
00002355  __aeabi_memclr                         
00002355  __aeabi_memclr4                        
00002355  __aeabi_memclr8                        
000022b9  __aeabi_memcpy                         
000022b9  __aeabi_memcpy4                        
000022b9  __aeabi_memcpy8                        
00002357  __aeabi_memset                         
00002357  __aeabi_memset4                        
00002357  __aeabi_memset8                        
200005dc  __aeabi_stderr                         
200005d4  __aeabi_stdin                          
200005d8  __aeabi_stdout                         
ffffffff  __binit__                              
ffffffff  __c_args__                             
UNDEFED   __mpu_init                             
2000fe00  __stack                                
000029d9  _c_int00_noargs                        
200004f0  _device                                
20000400  _ftable                                
200005f8  _lock                                  
000023cf  _nop                                   
20000568  _stream                                
20000000  _sys_memory                            
UNDEFED   _system_post_cinit                     
00002bd3  _system_pre_init                       
200005fc  _unlock                                
00002bd7  abort                                  
00002165  add_device                             
00001cc5  aligned_alloc                          
ffffffff  binit                                  
00002651  close                                  
20000608  currentState                           
000018cd  delay                                  
000027a9  exit                                   
00000cfb  ferror                                 
00000cdb  fgetc                                  
00002a41  finddevice                             
0000221d  fopen                                  
00001ee9  free                                   
00002a0d  freopen                                
000028bd  getdevice                              
00000000  interruptVectors                       
00001717  main                                   
00002bcb  malloc                                 
00001cc5  memalign                               
000022b9  memcpy                                 
0000235d  memset                                 
000020a9  open                                   
00000c1d  outnibble                              
200007e8  parmbuf                                
00002a71  remove                                 
00001fcd  setvbuf                                
00002b61  strchr                                 
00002b49  strcmp                                 
00002b77  strcpy                                 
00002b8b  strlen                                 
00002939  strncpy                                
00000d19  uart_close                             
00000d97  uart_lseek                             
00000d09  uart_open                              
00000d2b  uart_read                              
00000db3  uart_rename                            
00000da7  uart_unlink                            
00000d55  uart_write                             
00002a71  unlink                                 
00002ac5  write                                  


GLOBAL SYMBOLS: SORTED BY Symbol Address 

address   name                                   
-------   ----                                   
00000000  __TI_static_base__                     
00000000  interruptVectors                       
000000e5  LogicAnalyzer                          
000000ef  LogicAnalyzer_P1                       
000000fd  LogicAnalyzer_P2                       
0000010b  LogicAnalyzer_P2_7654                  
0000011b  LogicAnalyzer_P3                       
00000129  LogicAnalyzer_P4                       
00000137  LogicAnalyzer_P4_765432                
00000147  LogicAnalyzer_P4_765320                
0000017f  LogicAnalyzer_P5                       
0000018d  LogicAnalyzer_P6                       
0000019b  LogicAnalyzer_P7                       
000001a9  LogicAnalyzer_P8                       
000001b7  LogicAnalyzer_P9                       
000001c5  LogicAnalyzer_P10                      
000001d3  LogicAnalyzer_P27_P26_P82_P92_P104_P105
00000200  __STACK_SIZE                           
0000020b  LogicAnalyzer_P55_P54_P27_P26_P37_P36  
00000235  Scope                                  
000002b9  PeriodicTask2_Init                     
00000323  T32_INT1_IRQHandler                    
00000323  T32_INT1_IRQHandler                    
00000333  PeriodicTask2_Stop                     
00000343  UART_Init                              
0000039d  UART_InChar                            
000003ad  UART_OutChar                           
000003c9  TExaS_Task0                            
000003d5  TExaS_Task1                            
000003e1  TExaS_Task2                            
000003ed  TExaS_Task3                            
000003f9  TExaS_Task4                            
000003fb  TExaS_Task5                            
00000400  __SYSMEM_SIZE                          
00000407  TExaS_Task6                            
00000413  TExaS_Set                              
0000042b  TExaS_Set0                             
00000437  TExaS_Set1                             
00000443  TExaS_Set2                             
0000044f  TExaS_Set3                             
0000045b  TExaS_Set4                             
0000045d  TExaS_Set5                             
00000475  TExaS_Set6                             
00000485  TExaS_Clear0                           
00000491  TExaS_Clear1                           
000004a5  TExaS_Clear2                           
000004b1  TExaS_Clear3                           
000004bd  TExaS_Clear4                           
000004bf  TExaS_Clear5                           
000004cb  TExaS_Clear6                           
000004f1  ADC_Init                               
000005b5  TExaS_Init                             
00000741  TExaS_Stop                             
000007ad  UART0_Init                             
000007f3  UART0_InChar                           
00000803  UART0_OutChar                          
0000081f  UART0_OutString                        
0000083d  UART0_InUDec                           
000008c1  UART0_OutUDec                          
000008cb  UART0_OutSDec                          
00000a11  UART0_OutUDec4                         
00000a49  UART0_OutUDec5                         
00000a9d  UART0_OutUFix1                         
00000ac9  UART0_OutUFix2                         
00000b15  UART0_InUHex                           
00000bdd  UART0_OutUHex                          
00000c1d  outnibble                              
00000c45  UART0_OutUHex2                         
00000c61  UART0_InString                         
00000cdb  fgetc                                  
00000cfb  ferror                                 
00000d09  uart_open                              
00000d19  uart_close                             
00000d2b  uart_read                              
00000d55  uart_write                             
00000d97  uart_lseek                             
00000da7  uart_unlink                            
00000db3  uart_rename                            
00000dc1  UART0_Initprintf                       
00000e4d  PWM_Init1                              
00000eb3  PWM_Init12                             
00000f37  PWM_Duty1                              
00000f57  PWM_Duty2                              
00000f77  PWM_Init34                             
00000ffd  PWM_Duty3                              
0000101d  PWM_Duty4                              
0000103d  PWM_RobotArmInit                       
00001165  PWM_RobotArmDuty0                      
00001185  PWM_RobotArmGetDuty0                   
0000118b  PWM_RobotArmDuty1                      
000011ab  PWM_RobotArmGetDuty1                   
000011b1  PWM_RobotArmDuty2                      
000011d1  PWM_RobotArmGetDuty2                   
00001271  SystemCoreClockUpdate                  
000014e9  SystemInit                             
000015a5  Sensor_Init                            
000015b3  Read_Line_Sensors                      
000015bf  Read_Line_Position                     
000015cb  HandleCollision                        
000015e3  WaitForButtonPress                     
00001621  FSM_Update                             
00001717  main                                   
000017b1  Clock_Init48MHz                        
000018c7  Clock_GetFreq                          
000018cd  delay                                  
000018db  Clock_Delay1us                         
00001905  Clock_Delay1ms                         
00001991  Reflectance_Init                       
000019f5  Reflectance_Read                       
00001a5d  Reflectance_Position                   
00001ac7  Reflectance_Start                      
00001aff  Reflectance_End                        
00001b61  Motor_Init                             
00001bb7  Motor_Stop                             
00001bd1  Motor_Forward                          
00001c01  Motor_Right                            
00001c3b  Motor_Left                             
00001c75  Motor_Backward                         
00001cc5  aligned_alloc                          
00001cc5  memalign                               
00001ee9  free                                   
00001fcd  setvbuf                                
000020a9  open                                   
00002165  add_device                             
0000221d  fopen                                  
000022b9  __aeabi_memcpy                         
000022b9  __aeabi_memcpy4                        
000022b9  __aeabi_memcpy8                        
000022b9  memcpy                                 
00002355  __aeabi_memclr                         
00002355  __aeabi_memclr4                        
00002355  __aeabi_memclr8                        
00002357  __aeabi_memset                         
00002357  __aeabi_memset4                        
00002357  __aeabi_memset8                        
0000235d  memset                                 
000023cf  _nop                                   
000023d1  __TI_closefile                         
000024b5  HOSTrename                             
00002521  HOSTlseek                              
00002589  __TI_decompress_lzss                   
000025f1  HOSTopen                               
00002651  close                                  
000026ad  HOSTread                               
00002705  HOSTwrite                              
0000275d  __TI_doflush                           
000027a9  exit                                   
000027f1  HOSTclose                              
00002835  HOSTunlink                             
00002879  __TI_auto_init_nobinit_nopinit         
000028bd  getdevice                              
00002901  __TI_writemsg                          
0000292f  C$$IO$$                                
00002939  strncpy                                
00002971  __TI_cleanup                           
000029a5  __TI_readmsg                           
000029d9  _c_int00_noargs                        
00002a0d  freopen                                
00002a41  finddevice                             
00002a71  remove                                 
00002a71  unlink                                 
00002ac5  write                                  
00002aed  DisableInterrupts                      
00002af3  EnableInterrupts                       
00002af9  StartCritical                          
00002b03  EndCritical                            
00002b0b  WaitForInterrupt                       
00002b11  __TI_zero_init_nomemset                
00002b49  strcmp                                 
00002b61  strchr                                 
00002b77  strcpy                                 
00002b8b  strlen                                 
00002b9f  BumpInt_Init                           
00002ba9  Bump_Read                              
00002bad  PORT4_IRQHandler                       
00002bad  PORT4_IRQHandler                       
00002baf  __TI_decompress_none                   
00002bbd  Reset_Handler                          
00002bc9  ADC14_IRQHandler                       
00002bc9  AES256_IRQHandler                      
00002bc9  BusFault_Handler                       
00002bc9  COMP_E0_IRQHandler                     
00002bc9  COMP_E1_IRQHandler                     
00002bc9  CS_IRQHandler                          
00002bc9  DMA_ERR_IRQHandler                     
00002bc9  DMA_INT0_IRQHandler                    
00002bc9  DMA_INT1_IRQHandler                    
00002bc9  DMA_INT2_IRQHandler                    
00002bc9  DMA_INT3_IRQHandler                    
00002bc9  DebugMon_Handler                       
00002bc9  Default_Handler                        
00002bc9  EUSCIA0_IRQHandler                     
00002bc9  EUSCIA1_IRQHandler                     
00002bc9  EUSCIA2_IRQHandler                     
00002bc9  EUSCIA3_IRQHandler                     
00002bc9  EUSCIB0_IRQHandler                     
00002bc9  EUSCIB1_IRQHandler                     
00002bc9  EUSCIB2_IRQHandler                     
00002bc9  EUSCIB3_IRQHandler                     
00002bc9  FLCTL_IRQHandler                       
00002bc9  FPU_IRQHandler                         
00002bc9  HardFault_Handler                      
00002bc9  MemManage_Handler                      
00002bc9  NMI_Handler                            
00002bc9  PCM_IRQHandler                         
00002bc9  PORT1_IRQHandler                       
00002bc9  PORT2_IRQHandler                       
00002bc9  PORT3_IRQHandler                       
00002bc9  PORT5_IRQHandler                       
00002bc9  PORT6_IRQHandler                       
00002bc9  PSS_IRQHandler                         
00002bc9  PendSV_Handler                         
00002bc9  RTC_C_IRQHandler                       
00002bc9  SVC_Handler                            
00002bc9  SysTick_Handler                        
00002bc9  T32_INT2_IRQHandler                    
00002bc9  T32_INTC_IRQHandler                    
00002bc9  TA0_0_IRQHandler                       
00002bc9  TA0_N_IRQHandler                       
00002bc9  TA1_0_IRQHandler                       
00002bc9  TA1_N_IRQHandler                       
00002bc9  TA2_0_IRQHandler                       
00002bc9  TA2_N_IRQHandler                       
00002bc9  TA3_0_IRQHandler                       
00002bc9  TA3_N_IRQHandler                       
00002bc9  UsageFault_Handler                     
00002bc9  WDT_A_IRQHandler                       
00002bcb  malloc                                 
00002bd3  _system_pre_init                       
00002bd7  C$$EXIT                                
00002bd7  abort                                  
00002c74  __TI_Handler_Table_Base                
00002c80  __TI_Handler_Table_Limit               
00002c88  __TI_CINIT_Base                        
00002c98  __TI_CINIT_Limit                       
20000000  _sys_memory                            
20000400  _ftable                                
200004f0  _device                                
20000568  _stream                                
200005b8  ClockFrequency                         
200005bc  Prewait                                
200005c0  CPMwait                                
200005c4  Postwait                               
200005c8  IFlags                                 
200005cc  Crystalstable                          
200005d0  __TI_ft_end                            
200005d4  __aeabi_stdin                          
200005d8  __aeabi_stdout                         
200005dc  __aeabi_stderr                         
200005e0  __TI_cleanup_ptr                       
200005e4  __TI_dtors_ptr                         
200005e8  __TI_enable_exit_profile_output        
200005ec  TExaS_ScopeErrLostData                 
200005f0  TExaS_ScopeErrConflict                 
200005f4  TExaS_ScopeWrnReconfig                 
200005f8  _lock                                  
200005fc  _unlock                                
20000608  currentState                           
20000609  CollisionFlag                          
2000061c  SystemCoreClock                        
20000620  __CIOBUF_                              
20000740  __TI_tmpnams                           
200007e0  Messageb                               
200007e8  parmbuf                                
200007f0  Messageindexb                          
200007f4  PeriodicTask2                          
200007f8  LogicData                              
2000fe00  __stack                                
20010000  __STACK_END                            
4000480c  WDTCTL_SYM                             
ffffffff  __TI_pprof_out_hndl                    
ffffffff  __TI_prof_data_size                    
ffffffff  __TI_prof_data_start                   
ffffffff  __binit__                              
ffffffff  __c_args__                             
ffffffff  binit                                  
UNDEFED   __mpu_init                             
UNDEFED   _system_post_cinit                     

[278 symbols]
