<?xml version="1.0" encoding="ISO-8859-1" ?>
<link_info>
   <banner>TI ARM Linker PC v18.12.4.LTS</banner>
   <copyright>Copyright (c) 1996-2018 Texas Instruments Incorporated</copyright>
   <link_time>0x67d9c9b8</link_time>
   <link_errors>0x0</link_errors>
   <output_file>line_following_race.out</output_file>
   <entry_point>
      <name>_c_int00_noargs</name>
      <address>0x29d9</address>
   </entry_point>
   <input_file_list>
      <input_file id="fl-2">
         <path>.\</path>
         <kind>object</kind>
         <file>main.obj</file>
         <name>main.obj</name>
      </input_file>
      <input_file id="fl-3">
         <path>.\</path>
         <kind>object</kind>
         <file>startup_msp432p401r_ccs.obj</file>
         <name>startup_msp432p401r_ccs.obj</name>
      </input_file>
      <input_file id="fl-4">
         <path>.\</path>
         <kind>object</kind>
         <file>system_msp432p401r.obj</file>
         <name>system_msp432p401r.obj</name>
      </input_file>
      <input_file id="fl-5">
         <path>.\inc\</path>
         <kind>object</kind>
         <file>BumpInt.obj</file>
         <name>BumpInt.obj</name>
      </input_file>
      <input_file id="fl-6">
         <path>.\inc\</path>
         <kind>object</kind>
         <file>Clock.obj</file>
         <name>Clock.obj</name>
      </input_file>
      <input_file id="fl-7">
         <path>.\inc\</path>
         <kind>object</kind>
         <file>CortexM.obj</file>
         <name>CortexM.obj</name>
      </input_file>
      <input_file id="fl-8">
         <path>.\inc\</path>
         <kind>object</kind>
         <file>LaunchPad.obj</file>
         <name>LaunchPad.obj</name>
      </input_file>
      <input_file id="fl-9">
         <path>.\inc\</path>
         <kind>object</kind>
         <file>Motor.obj</file>
         <name>Motor.obj</name>
      </input_file>
      <input_file id="fl-a">
         <path>.\inc\</path>
         <kind>object</kind>
         <file>PWM.obj</file>
         <name>PWM.obj</name>
      </input_file>
      <input_file id="fl-b">
         <path>.\inc\</path>
         <kind>object</kind>
         <file>Reflectance.obj</file>
         <name>Reflectance.obj</name>
      </input_file>
      <input_file id="fl-c">
         <path>.\inc\</path>
         <kind>object</kind>
         <file>TExaS.obj</file>
         <name>TExaS.obj</name>
      </input_file>
      <input_file id="fl-d">
         <path>.\inc\</path>
         <kind>object</kind>
         <file>UART0.obj</file>
         <name>UART0.obj</name>
      </input_file>
      <input_file id="fl-11">
         <kind>object</kind>
         <file>&lt;internal&gt;</file>
         <name>&lt;internal&gt;</name>
      </input_file>
      <input_file id="fl-c7">
         <path>C:\ti\ccs930\ccs\tools\compiler\ti-cgt-arm_18.12.4.LTS\lib\</path>
         <kind>archive</kind>
         <file>rtsv7M4_T_le_v4SPD16_eabi.lib</file>
         <name>fopen.c.obj</name>
      </input_file>
      <input_file id="fl-c8">
         <path>C:\ti\ccs930\ccs\tools\compiler\ti-cgt-arm_18.12.4.LTS\lib\</path>
         <kind>archive</kind>
         <file>rtsv7M4_T_le_v4SPD16_eabi.lib</file>
         <name>setvbuf.c.obj</name>
      </input_file>
      <input_file id="fl-c9">
         <path>C:\ti\ccs930\ccs\tools\compiler\ti-cgt-arm_18.12.4.LTS\lib\</path>
         <kind>archive</kind>
         <file>rtsv7M4_T_le_v4SPD16_eabi.lib</file>
         <name>memset_t2.asm.obj</name>
      </input_file>
      <input_file id="fl-ca">
         <path>C:\ti\ccs930\ccs\tools\compiler\ti-cgt-arm_18.12.4.LTS\lib\</path>
         <kind>archive</kind>
         <file>rtsv7M4_T_le_v4SPD16_eabi.lib</file>
         <name>copy_zero_init.c.obj</name>
      </input_file>
      <input_file id="fl-cb">
         <path>C:\ti\ccs930\ccs\tools\compiler\ti-cgt-arm_18.12.4.LTS\lib\</path>
         <kind>archive</kind>
         <file>rtsv7M4_T_le_v4SPD16_eabi.lib</file>
         <name>copy_decompress_none.c.obj</name>
      </input_file>
      <input_file id="fl-cc">
         <path>C:\ti\ccs930\ccs\tools\compiler\ti-cgt-arm_18.12.4.LTS\lib\</path>
         <kind>archive</kind>
         <file>rtsv7M4_T_le_v4SPD16_eabi.lib</file>
         <name>copy_decompress_lzss.c.obj</name>
      </input_file>
      <input_file id="fl-cd">
         <path>C:\ti\ccs930\ccs\tools\compiler\ti-cgt-arm_18.12.4.LTS\lib\</path>
         <kind>archive</kind>
         <file>rtsv7M4_T_le_v4SPD16_eabi.lib</file>
         <name>exit.c.obj</name>
      </input_file>
      <input_file id="fl-ce">
         <path>C:\ti\ccs930\ccs\tools\compiler\ti-cgt-arm_18.12.4.LTS\lib\</path>
         <kind>archive</kind>
         <file>rtsv7M4_T_le_v4SPD16_eabi.lib</file>
         <name>_lock.c.obj</name>
      </input_file>
      <input_file id="fl-cf">
         <path>C:\ti\ccs930\ccs\tools\compiler\ti-cgt-arm_18.12.4.LTS\lib\</path>
         <kind>archive</kind>
         <file>rtsv7M4_T_le_v4SPD16_eabi.lib</file>
         <name>defs.c.obj</name>
      </input_file>
      <input_file id="fl-d0">
         <path>C:\ti\ccs930\ccs\tools\compiler\ti-cgt-arm_18.12.4.LTS\lib\</path>
         <kind>archive</kind>
         <file>rtsv7M4_T_le_v4SPD16_eabi.lib</file>
         <name>memory.c.obj</name>
      </input_file>
      <input_file id="fl-d1">
         <path>C:\ti\ccs930\ccs\tools\compiler\ti-cgt-arm_18.12.4.LTS\lib\</path>
         <kind>archive</kind>
         <file>rtsv7M4_T_le_v4SPD16_eabi.lib</file>
         <name>open.c.obj</name>
      </input_file>
      <input_file id="fl-d2">
         <path>C:\ti\ccs930\ccs\tools\compiler\ti-cgt-arm_18.12.4.LTS\lib\</path>
         <kind>archive</kind>
         <file>rtsv7M4_T_le_v4SPD16_eabi.lib</file>
         <name>add_device.c.obj</name>
      </input_file>
      <input_file id="fl-d3">
         <path>C:\ti\ccs930\ccs\tools\compiler\ti-cgt-arm_18.12.4.LTS\lib\</path>
         <kind>archive</kind>
         <file>rtsv7M4_T_le_v4SPD16_eabi.lib</file>
         <name>boot_cortex_m.c.obj</name>
      </input_file>
      <input_file id="fl-d4">
         <path>C:\ti\ccs930\ccs\tools\compiler\ti-cgt-arm_18.12.4.LTS\lib\</path>
         <kind>archive</kind>
         <file>rtsv7M4_T_le_v4SPD16_eabi.lib</file>
         <name>fclose.c.obj</name>
      </input_file>
      <input_file id="fl-d5">
         <path>C:\ti\ccs930\ccs\tools\compiler\ti-cgt-arm_18.12.4.LTS\lib\</path>
         <kind>archive</kind>
         <file>rtsv7M4_T_le_v4SPD16_eabi.lib</file>
         <name>fflush.c.obj</name>
      </input_file>
      <input_file id="fl-d6">
         <path>C:\ti\ccs930\ccs\tools\compiler\ti-cgt-arm_18.12.4.LTS\lib\</path>
         <kind>archive</kind>
         <file>rtsv7M4_T_le_v4SPD16_eabi.lib</file>
         <name>getdevice.c.obj</name>
      </input_file>
      <input_file id="fl-d7">
         <path>C:\ti\ccs930\ccs\tools\compiler\ti-cgt-arm_18.12.4.LTS\lib\</path>
         <kind>archive</kind>
         <file>rtsv7M4_T_le_v4SPD16_eabi.lib</file>
         <name>memcpy_t2.asm.obj</name>
      </input_file>
      <input_file id="fl-d8">
         <path>C:\ti\ccs930\ccs\tools\compiler\ti-cgt-arm_18.12.4.LTS\lib\</path>
         <kind>archive</kind>
         <file>rtsv7M4_T_le_v4SPD16_eabi.lib</file>
         <name>autoinit.c.obj</name>
      </input_file>
      <input_file id="fl-d9">
         <path>C:\ti\ccs930\ccs\tools\compiler\ti-cgt-arm_18.12.4.LTS\lib\</path>
         <kind>archive</kind>
         <file>rtsv7M4_T_le_v4SPD16_eabi.lib</file>
         <name>pre_init.c.obj</name>
      </input_file>
      <input_file id="fl-da">
         <path>C:\ti\ccs930\ccs\tools\compiler\ti-cgt-arm_18.12.4.LTS\lib\</path>
         <kind>archive</kind>
         <file>rtsv7M4_T_le_v4SPD16_eabi.lib</file>
         <name>cpy_tbl.c.obj</name>
      </input_file>
      <input_file id="fl-db">
         <path>C:\ti\ccs930\ccs\tools\compiler\ti-cgt-arm_18.12.4.LTS\lib\</path>
         <kind>archive</kind>
         <file>rtsv7M4_T_le_v4SPD16_eabi.lib</file>
         <name>args_main.c.obj</name>
      </input_file>
      <input_file id="fl-dc">
         <path>C:\ti\ccs930\ccs\tools\compiler\ti-cgt-arm_18.12.4.LTS\lib\</path>
         <kind>archive</kind>
         <file>rtsv7M4_T_le_v4SPD16_eabi.lib</file>
         <name>strchr.c.obj</name>
      </input_file>
      <input_file id="fl-dd">
         <path>C:\ti\ccs930\ccs\tools\compiler\ti-cgt-arm_18.12.4.LTS\lib\</path>
         <kind>archive</kind>
         <file>rtsv7M4_T_le_v4SPD16_eabi.lib</file>
         <name>strcmp.c.obj</name>
      </input_file>
      <input_file id="fl-de">
         <path>C:\ti\ccs930\ccs\tools\compiler\ti-cgt-arm_18.12.4.LTS\lib\</path>
         <kind>archive</kind>
         <file>rtsv7M4_T_le_v4SPD16_eabi.lib</file>
         <name>strncpy.c.obj</name>
      </input_file>
      <input_file id="fl-df">
         <path>C:\ti\ccs930\ccs\tools\compiler\ti-cgt-arm_18.12.4.LTS\lib\</path>
         <kind>archive</kind>
         <file>rtsv7M4_T_le_v4SPD16_eabi.lib</file>
         <name>write.c.obj</name>
      </input_file>
      <input_file id="fl-e0">
         <path>C:\ti\ccs930\ccs\tools\compiler\ti-cgt-arm_18.12.4.LTS\lib\</path>
         <kind>archive</kind>
         <file>rtsv7M4_T_le_v4SPD16_eabi.lib</file>
         <name>host_device.c.obj</name>
      </input_file>
      <input_file id="fl-e1">
         <path>C:\ti\ccs930\ccs\tools\compiler\ti-cgt-arm_18.12.4.LTS\lib\</path>
         <kind>archive</kind>
         <file>rtsv7M4_T_le_v4SPD16_eabi.lib</file>
         <name>remove.c.obj</name>
      </input_file>
      <input_file id="fl-e2">
         <path>C:\ti\ccs930\ccs\tools\compiler\ti-cgt-arm_18.12.4.LTS\lib\</path>
         <kind>archive</kind>
         <file>rtsv7M4_T_le_v4SPD16_eabi.lib</file>
         <name>close.c.obj</name>
      </input_file>
      <input_file id="fl-e3">
         <path>C:\ti\ccs930\ccs\tools\compiler\ti-cgt-arm_18.12.4.LTS\lib\</path>
         <kind>archive</kind>
         <file>rtsv7M4_T_le_v4SPD16_eabi.lib</file>
         <name>unlink.c.obj</name>
      </input_file>
      <input_file id="fl-e4">
         <path>C:\ti\ccs930\ccs\tools\compiler\ti-cgt-arm_18.12.4.LTS\lib\</path>
         <kind>archive</kind>
         <file>rtsv7M4_T_le_v4SPD16_eabi.lib</file>
         <name>hostclose.c.obj</name>
      </input_file>
      <input_file id="fl-e5">
         <path>C:\ti\ccs930\ccs\tools\compiler\ti-cgt-arm_18.12.4.LTS\lib\</path>
         <kind>archive</kind>
         <file>rtsv7M4_T_le_v4SPD16_eabi.lib</file>
         <name>hostlseek.c.obj</name>
      </input_file>
      <input_file id="fl-e6">
         <path>C:\ti\ccs930\ccs\tools\compiler\ti-cgt-arm_18.12.4.LTS\lib\</path>
         <kind>archive</kind>
         <file>rtsv7M4_T_le_v4SPD16_eabi.lib</file>
         <name>hostopen.c.obj</name>
      </input_file>
      <input_file id="fl-e7">
         <path>C:\ti\ccs930\ccs\tools\compiler\ti-cgt-arm_18.12.4.LTS\lib\</path>
         <kind>archive</kind>
         <file>rtsv7M4_T_le_v4SPD16_eabi.lib</file>
         <name>hostread.c.obj</name>
      </input_file>
      <input_file id="fl-e8">
         <path>C:\ti\ccs930\ccs\tools\compiler\ti-cgt-arm_18.12.4.LTS\lib\</path>
         <kind>archive</kind>
         <file>rtsv7M4_T_le_v4SPD16_eabi.lib</file>
         <name>hostrename.c.obj</name>
      </input_file>
      <input_file id="fl-e9">
         <path>C:\ti\ccs930\ccs\tools\compiler\ti-cgt-arm_18.12.4.LTS\lib\</path>
         <kind>archive</kind>
         <file>rtsv7M4_T_le_v4SPD16_eabi.lib</file>
         <name>hostunlink.c.obj</name>
      </input_file>
      <input_file id="fl-ea">
         <path>C:\ti\ccs930\ccs\tools\compiler\ti-cgt-arm_18.12.4.LTS\lib\</path>
         <kind>archive</kind>
         <file>rtsv7M4_T_le_v4SPD16_eabi.lib</file>
         <name>hostwrite.c.obj</name>
      </input_file>
      <input_file id="fl-eb">
         <path>C:\ti\ccs930\ccs\tools\compiler\ti-cgt-arm_18.12.4.LTS\lib\</path>
         <kind>archive</kind>
         <file>rtsv7M4_T_le_v4SPD16_eabi.lib</file>
         <name>trgmsg.c.obj</name>
      </input_file>
      <input_file id="fl-ec">
         <path>C:\ti\ccs930\ccs\tools\compiler\ti-cgt-arm_18.12.4.LTS\lib\</path>
         <kind>archive</kind>
         <file>rtsv7M4_T_le_v4SPD16_eabi.lib</file>
         <name>strcpy.c.obj</name>
      </input_file>
      <input_file id="fl-ed">
         <path>C:\ti\ccs930\ccs\tools\compiler\ti-cgt-arm_18.12.4.LTS\lib\</path>
         <kind>archive</kind>
         <file>rtsv7M4_T_le_v4SPD16_eabi.lib</file>
         <name>strlen.c.obj</name>
      </input_file>
   </input_file_list>
   <object_component_list>
      <object_component id="oc-23">
         <name>.intvecs:retain</name>
         <load_address>0x0</load_address>
         <run_address>0x0</run_address>
         <size>0xe4</size>
         <input_file_ref idref="fl-3"/>
      </object_component>
      <object_component id="oc-6d">
         <name>.text</name>
         <load_address>0xe4</load_address>
         <run_address>0xe4</run_address>
         <size>0x6c8</size>
         <input_file_ref idref="fl-c"/>
      </object_component>
      <object_component id="oc-ff">
         <name>.text</name>
         <load_address>0x7ac</load_address>
         <run_address>0x7ac</run_address>
         <size>0x6a0</size>
         <input_file_ref idref="fl-d"/>
      </object_component>
      <object_component id="oc-172">
         <name>.text</name>
         <load_address>0xe4c</load_address>
         <run_address>0xe4c</run_address>
         <size>0x424</size>
         <input_file_ref idref="fl-a"/>
      </object_component>
      <object_component id="oc-b5">
         <name>.text</name>
         <load_address>0x1270</load_address>
         <run_address>0x1270</run_address>
         <size>0x334</size>
         <input_file_ref idref="fl-4"/>
      </object_component>
      <object_component id="oc-a3">
         <name>.text</name>
         <load_address>0x15a4</load_address>
         <run_address>0x15a4</run_address>
         <size>0x20c</size>
         <input_file_ref idref="fl-2"/>
      </object_component>
      <object_component id="oc-105">
         <name>.text</name>
         <load_address>0x17b0</load_address>
         <run_address>0x17b0</run_address>
         <size>0x1e0</size>
         <input_file_ref idref="fl-6"/>
      </object_component>
      <object_component id="oc-f3">
         <name>.text</name>
         <load_address>0x1990</load_address>
         <run_address>0x1990</run_address>
         <size>0x1d0</size>
         <input_file_ref idref="fl-b"/>
      </object_component>
      <object_component id="oc-f9">
         <name>.text</name>
         <load_address>0x1b60</load_address>
         <run_address>0x1b60</run_address>
         <size>0x164</size>
         <input_file_ref idref="fl-9"/>
      </object_component>
      <object_component id="oc-2b9">
         <name>.text:aligned_alloc</name>
         <load_address>0x1cc4</load_address>
         <run_address>0x1cc4</run_address>
         <size>0x118</size>
         <input_file_ref idref="fl-d0"/>
      </object_component>
      <object_component id="oc-1f1">
         <name>.text:_openfile</name>
         <load_address>0x1ddc</load_address>
         <run_address>0x1ddc</run_address>
         <size>0x10c</size>
         <input_file_ref idref="fl-c7"/>
      </object_component>
      <object_component id="oc-204">
         <name>.text:free</name>
         <load_address>0x1ee8</load_address>
         <run_address>0x1ee8</run_address>
         <size>0xe4</size>
         <input_file_ref idref="fl-d0"/>
      </object_component>
      <object_component id="oc-18f">
         <name>.text:setvbuf</name>
         <load_address>0x1fcc</load_address>
         <run_address>0x1fcc</run_address>
         <size>0xdc</size>
         <input_file_ref idref="fl-c8"/>
      </object_component>
      <object_component id="oc-287">
         <name>.text:open</name>
         <load_address>0x20a8</load_address>
         <run_address>0x20a8</run_address>
         <size>0xbc</size>
         <input_file_ref idref="fl-d1"/>
      </object_component>
      <object_component id="oc-17d">
         <name>.text:add_device</name>
         <load_address>0x2164</load_address>
         <run_address>0x2164</run_address>
         <size>0xb8</size>
         <input_file_ref idref="fl-d2"/>
      </object_component>
      <object_component id="oc-183">
         <name>.text:fopen</name>
         <load_address>0x221c</load_address>
         <run_address>0x221c</run_address>
         <size>0x9c</size>
         <input_file_ref idref="fl-c7"/>
      </object_component>
      <object_component id="oc-37">
         <name>.text</name>
         <load_address>0x22b8</load_address>
         <run_address>0x22b8</run_address>
         <size>0x9c</size>
         <input_file_ref idref="fl-d7"/>
      </object_component>
      <object_component id="oc-97">
         <name>.text</name>
         <load_address>0x2354</load_address>
         <run_address>0x2354</run_address>
         <size>0x7a</size>
         <input_file_ref idref="fl-c9"/>
      </object_component>
      <object_component id="oc-225">
         <name>.text:_nop</name>
         <load_address>0x23ce</load_address>
         <run_address>0x23ce</run_address>
         <size>0x2</size>
         <input_file_ref idref="fl-ce"/>
      </object_component>
      <object_component id="oc-1fd">
         <name>.text:__TI_closefile</name>
         <load_address>0x23d0</load_address>
         <run_address>0x23d0</run_address>
         <size>0x74</size>
         <input_file_ref idref="fl-d4"/>
      </object_component>
      <object_component id="oc-328">
         <name>.text:split</name>
         <load_address>0x2444</load_address>
         <run_address>0x2444</run_address>
         <size>0x70</size>
         <input_file_ref idref="fl-d0"/>
      </object_component>
      <object_component id="oc-272">
         <name>.text:HOSTrename</name>
         <load_address>0x24b4</load_address>
         <run_address>0x24b4</run_address>
         <size>0x6c</size>
         <input_file_ref idref="fl-e8"/>
      </object_component>
      <object_component id="oc-266">
         <name>.text:HOSTlseek</name>
         <load_address>0x2520</load_address>
         <run_address>0x2520</run_address>
         <size>0x68</size>
         <input_file_ref idref="fl-e5"/>
      </object_component>
      <object_component id="oc-14">
         <name>.text:decompress:lzss:__TI_decompress_lzss</name>
         <load_address>0x2588</load_address>
         <run_address>0x2588</run_address>
         <size>0x68</size>
         <input_file_ref idref="fl-cc"/>
      </object_component>
      <object_component id="oc-24e">
         <name>.text:HOSTopen</name>
         <load_address>0x25f0</load_address>
         <run_address>0x25f0</run_address>
         <size>0x60</size>
         <input_file_ref idref="fl-e6"/>
      </object_component>
      <object_component id="oc-29d">
         <name>.text:close</name>
         <load_address>0x2650</load_address>
         <run_address>0x2650</run_address>
         <size>0x5c</size>
         <input_file_ref idref="fl-e2"/>
      </object_component>
      <object_component id="oc-25a">
         <name>.text:HOSTread</name>
         <load_address>0x26ac</load_address>
         <run_address>0x26ac</run_address>
         <size>0x58</size>
         <input_file_ref idref="fl-e7"/>
      </object_component>
      <object_component id="oc-260">
         <name>.text:HOSTwrite</name>
         <load_address>0x2704</load_address>
         <run_address>0x2704</run_address>
         <size>0x58</size>
         <input_file_ref idref="fl-ea"/>
      </object_component>
      <object_component id="oc-297">
         <name>.text:__TI_doflush</name>
         <load_address>0x275c</load_address>
         <run_address>0x275c</run_address>
         <size>0x4c</size>
         <input_file_ref idref="fl-d5"/>
      </object_component>
      <object_component id="oc-11b">
         <name>.text:exit</name>
         <load_address>0x27a8</load_address>
         <run_address>0x27a8</run_address>
         <size>0x48</size>
         <input_file_ref idref="fl-cd"/>
      </object_component>
      <object_component id="oc-254">
         <name>.text:HOSTclose</name>
         <load_address>0x27f0</load_address>
         <run_address>0x27f0</run_address>
         <size>0x44</size>
         <input_file_ref idref="fl-e4"/>
      </object_component>
      <object_component id="oc-26c">
         <name>.text:HOSTunlink</name>
         <load_address>0x2834</load_address>
         <run_address>0x2834</run_address>
         <size>0x44</size>
         <input_file_ref idref="fl-e9"/>
      </object_component>
      <object_component id="oc-121">
         <name>.text:__TI_auto_init_nobinit_nopinit:__TI_auto_init_nobinit_nopinit</name>
         <load_address>0x2878</load_address>
         <run_address>0x2878</run_address>
         <size>0x44</size>
         <input_file_ref idref="fl-d8"/>
      </object_component>
      <object_component id="oc-309">
         <name>.text:getdevice</name>
         <load_address>0x28bc</load_address>
         <run_address>0x28bc</run_address>
         <size>0x44</size>
         <input_file_ref idref="fl-d6"/>
      </object_component>
      <object_component id="oc-2e0">
         <name>.text:__TI_writemsg</name>
         <load_address>0x2900</load_address>
         <run_address>0x2900</run_address>
         <size>0x38</size>
         <input_file_ref idref="fl-eb"/>
      </object_component>
      <object_component id="oc-1e5">
         <name>.text:strncpy</name>
         <load_address>0x2938</load_address>
         <run_address>0x2938</run_address>
         <size>0x36</size>
         <input_file_ref idref="fl-de"/>
      </object_component>
      <object_component id="oc-210">
         <name>.text:__TI_cleanup</name>
         <load_address>0x2970</load_address>
         <run_address>0x2970</run_address>
         <size>0x34</size>
         <input_file_ref idref="fl-c7"/>
      </object_component>
      <object_component id="oc-2e6">
         <name>.text:__TI_readmsg</name>
         <load_address>0x29a4</load_address>
         <run_address>0x29a4</run_address>
         <size>0x34</size>
         <input_file_ref idref="fl-eb"/>
      </object_component>
      <object_component id="oc-55">
         <name>.text:_c_int00_noargs:_c_int00_noargs</name>
         <load_address>0x29d8</load_address>
         <run_address>0x29d8</run_address>
         <size>0x34</size>
         <input_file_ref idref="fl-d3"/>
      </object_component>
      <object_component id="oc-189">
         <name>.text:freopen</name>
         <load_address>0x2a0c</load_address>
         <run_address>0x2a0c</run_address>
         <size>0x34</size>
         <input_file_ref idref="fl-c7"/>
      </object_component>
      <object_component id="oc-1df">
         <name>.text:finddevice</name>
         <load_address>0x2a40</load_address>
         <run_address>0x2a40</run_address>
         <size>0x30</size>
         <input_file_ref idref="fl-d6"/>
      </object_component>
      <object_component id="oc-2a3">
         <name>.text:unlink</name>
         <load_address>0x2a70</load_address>
         <run_address>0x2a70</run_address>
         <size>0x2c</size>
         <input_file_ref idref="fl-e3"/>
      </object_component>
      <object_component id="oc-2b2">
         <name>.text:free_list_insert</name>
         <load_address>0x2a9c</load_address>
         <run_address>0x2a9c</run_address>
         <size>0x28</size>
         <input_file_ref idref="fl-d0"/>
      </object_component>
      <object_component id="oc-315">
         <name>.text:write</name>
         <load_address>0x2ac4</load_address>
         <run_address>0x2ac4</run_address>
         <size>0x28</size>
         <input_file_ref idref="fl-df"/>
      </object_component>
      <object_component id="oc-10b">
         <name>.text</name>
         <load_address>0x2aec</load_address>
         <run_address>0x2aec</run_address>
         <size>0x24</size>
         <input_file_ref idref="fl-7"/>
      </object_component>
      <object_component id="oc-43">
         <name>.text:decompress:ZI:__TI_zero_init_nomemset:__TI_zero_init_nomemset</name>
         <load_address>0x2b10</load_address>
         <run_address>0x2b10</run_address>
         <size>0x1c</size>
         <input_file_ref idref="fl-ca"/>
      </object_component>
      <object_component id="oc-2ac">
         <name>.text:free_list_remove</name>
         <load_address>0x2b2c</load_address>
         <run_address>0x2b2c</run_address>
         <size>0x1c</size>
         <input_file_ref idref="fl-d0"/>
      </object_component>
      <object_component id="oc-244">
         <name>.text:strcmp</name>
         <load_address>0x2b48</load_address>
         <run_address>0x2b48</run_address>
         <size>0x18</size>
         <input_file_ref idref="fl-dd"/>
      </object_component>
      <object_component id="oc-349">
         <name>.text:strchr</name>
         <load_address>0x2b60</load_address>
         <run_address>0x2b60</run_address>
         <size>0x16</size>
         <input_file_ref idref="fl-dc"/>
      </object_component>
      <object_component id="oc-2fa">
         <name>.text:strcpy</name>
         <load_address>0x2b76</load_address>
         <run_address>0x2b76</run_address>
         <size>0x14</size>
         <input_file_ref idref="fl-ec"/>
      </object_component>
      <object_component id="oc-2da">
         <name>.text:strlen</name>
         <load_address>0x2b8a</load_address>
         <run_address>0x2b8a</run_address>
         <size>0x14</size>
         <input_file_ref idref="fl-ed"/>
      </object_component>
      <object_component id="oc-73">
         <name>.text</name>
         <load_address>0x2b9e</load_address>
         <run_address>0x2b9e</run_address>
         <size>0x10</size>
         <input_file_ref idref="fl-5"/>
      </object_component>
      <object_component id="oc-1a">
         <name>.text:decompress:none:__TI_decompress_none</name>
         <load_address>0x2bae</load_address>
         <run_address>0x2bae</run_address>
         <size>0xe</size>
         <input_file_ref idref="fl-cb"/>
      </object_component>
      <object_component id="oc-67">
         <name>.text</name>
         <load_address>0x2bbc</load_address>
         <run_address>0x2bbc</run_address>
         <size>0xe</size>
         <input_file_ref idref="fl-3"/>
      </object_component>
      <object_component id="oc-20a">
         <name>.text:malloc</name>
         <load_address>0x2bca</load_address>
         <run_address>0x2bca</run_address>
         <size>0x8</size>
         <input_file_ref idref="fl-d0"/>
      </object_component>
      <object_component id="oc-9d">
         <name>.text:_system_pre_init</name>
         <load_address>0x2bd2</load_address>
         <run_address>0x2bd2</run_address>
         <size>0x4</size>
         <input_file_ref idref="fl-d9"/>
      </object_component>
      <object_component id="oc-115">
         <name>.text:abort:abort</name>
         <load_address>0x2bd6</load_address>
         <run_address>0x2bd6</run_address>
         <size>0x4</size>
         <input_file_ref idref="fl-cd"/>
      </object_component>
      <object_component id="oc-16d">
         <name>.const:$P$T0$1</name>
         <load_address>0x2bdc</load_address>
         <run_address>0x2bdc</run_address>
         <size>0x20</size>
         <input_file_ref idref="fl-b"/>
      </object_component>
      <object_component id="oc-39c">
         <name>.cinit..data.load</name>
         <load_address>0x2c00</load_address>
         <run_address>0x2c00</run_address>
         <size>0x71</size>
      </object_component>
      <object_component id="oc-39a">
         <name>__TI_handler_table</name>
         <load_address>0x2c74</load_address>
         <run_address>0x2c74</run_address>
         <size>0xc</size>
      </object_component>
      <object_component id="oc-39d">
         <name>.cinit..bss.load</name>
         <load_address>0x2c80</load_address>
         <run_address>0x2c80</run_address>
         <size>0x8</size>
      </object_component>
      <object_component id="oc-39b">
         <name>__TI_cinit_table</name>
         <load_address>0x2c88</load_address>
         <run_address>0x2c88</run_address>
         <size>0x10</size>
      </object_component>
      <object_component id="oc-36f">
         <name>.binit</name>
         <load_address>0x0</load_address>
         <run_address>0x0</run_address>
         <size>0x0</size>
      </object_component>
      <object_component id="oc-111">
         <name>.data</name>
         <load_address>0x20000608</load_address>
         <run_address>0x20000608</run_address>
         <size>0x8</size>
         <input_file_ref idref="fl-2"/>
      </object_component>
      <object_component id="oc-153">
         <name>.data</name>
         <load_address>0x2000061c</load_address>
         <run_address>0x2000061c</run_address>
         <size>0x4</size>
         <input_file_ref idref="fl-4"/>
      </object_component>
      <object_component id="oc-19e">
         <name>.data</name>
         <load_address>0x200005b8</load_address>
         <run_address>0x200005b8</run_address>
         <size>0x18</size>
         <input_file_ref idref="fl-6"/>
      </object_component>
      <object_component id="oc-bf">
         <name>.data</name>
         <load_address>0x200005ec</load_address>
         <run_address>0x200005ec</run_address>
         <size>0xc</size>
         <input_file_ref idref="fl-c"/>
      </object_component>
      <object_component id="oc-1f7">
         <name>.data</name>
         <load_address>0x20000614</load_address>
         <run_address>0x20000614</run_address>
         <size>0x4</size>
         <input_file_ref idref="fl-c7"/>
      </object_component>
      <object_component id="oc-1ab">
         <name>.data:$O1$$</name>
         <load_address>0x200005e0</load_address>
         <run_address>0x200005e0</run_address>
         <size>0xc</size>
         <input_file_ref idref="fl-cd"/>
      </object_component>
      <object_component id="oc-1ae">
         <name>.data:$O1$$</name>
         <load_address>0x200005f8</load_address>
         <run_address>0x200005f8</run_address>
         <size>0x8</size>
         <input_file_ref idref="fl-ce"/>
      </object_component>
      <object_component id="oc-195">
         <name>.data:_ftable</name>
         <load_address>0x20000400</load_address>
         <run_address>0x20000400</run_address>
         <size>0xf0</size>
         <input_file_ref idref="fl-cf"/>
      </object_component>
      <object_component id="oc-1f8">
         <name>.data</name>
         <load_address>0x200005d0</load_address>
         <run_address>0x200005d0</run_address>
         <size>0x10</size>
         <input_file_ref idref="fl-cf"/>
      </object_component>
      <object_component id="oc-323">
         <name>.data:$O1$$</name>
         <load_address>0x20000600</load_address>
         <run_address>0x20000600</run_address>
         <size>0x8</size>
         <input_file_ref idref="fl-d0"/>
      </object_component>
      <object_component id="oc-30f">
         <name>.data</name>
         <load_address>0x20000618</load_address>
         <run_address>0x20000618</run_address>
         <size>0x4</size>
         <input_file_ref idref="fl-d1"/>
      </object_component>
      <object_component id="oc-1eb">
         <name>.data</name>
         <load_address>0x20000610</load_address>
         <run_address>0x20000610</run_address>
         <size>0x4</size>
         <input_file_ref idref="fl-d2"/>
      </object_component>
      <object_component id="oc-1ec">
         <name>.data:_device</name>
         <load_address>0x200004f0</load_address>
         <run_address>0x200004f0</run_address>
         <size>0x78</size>
         <input_file_ref idref="fl-e0"/>
      </object_component>
      <object_component id="oc-310">
         <name>.data:_stream</name>
         <load_address>0x20000568</load_address>
         <run_address>0x20000568</run_address>
         <size>0x50</size>
         <input_file_ref idref="fl-e0"/>
      </object_component>
      <object_component id="oc-333">
         <name>.bss:_CIOBUF_</name>
         <uninitialized>true</uninitialized>
         <run_address>0x20000620</run_address>
         <size>0x120</size>
         <input_file_ref idref="fl-eb"/>
      </object_component>
      <object_component id="oc-bc">
         <name>.common:LogicData</name>
         <uninitialized>true</uninitialized>
         <run_address>0x200007f8</run_address>
         <size>0x1</size>
      </object_component>
      <object_component id="oc-c2">
         <name>.common:PeriodicTask2</name>
         <uninitialized>true</uninitialized>
         <run_address>0x200007f4</run_address>
         <size>0x4</size>
      </object_component>
      <object_component id="oc-17c">
         <name>.common:Messageindexb</name>
         <uninitialized>true</uninitialized>
         <run_address>0x200007f0</run_address>
         <size>0x4</size>
      </object_component>
      <object_component id="oc-179">
         <name>.common:Messageb</name>
         <uninitialized>true</uninitialized>
         <run_address>0x200007e0</run_address>
         <size>0x8</size>
      </object_component>
      <object_component id="oc-2a9">
         <name>.common:__TI_tmpnams</name>
         <uninitialized>true</uninitialized>
         <run_address>0x20000740</run_address>
         <size>0xa0</size>
      </object_component>
      <object_component id="oc-2ec">
         <name>.common:parmbuf</name>
         <uninitialized>true</uninitialized>
         <run_address>0x200007e8</run_address>
         <size>0x8</size>
      </object_component>
      <object_component id="oc-26">
         <name>.sysmem</name>
         <uninitialized>true</uninitialized>
         <run_address>0x20000000</run_address>
         <size>0x10</size>
         <input_file_ref idref="fl-d0"/>
      </object_component>
      <object_component id="oc-39f">
         <name>.sysmem</name>
         <uninitialized>true</uninitialized>
         <run_address>0x20000000</run_address>
         <size>0x0</size>
      </object_component>
      <object_component id="oc-29">
         <name>.stack</name>
         <uninitialized>true</uninitialized>
         <run_address>0x2000fe00</run_address>
         <size>0x4</size>
         <input_file_ref idref="fl-d3"/>
      </object_component>
      <object_component id="oc-39e">
         <name>.stack</name>
         <uninitialized>true</uninitialized>
         <run_address>0x2000fe00</run_address>
         <size>0x0</size>
      </object_component>
      <object_component id="oc-16c">
         <name>.debug_info</name>
         <load_address>0x0</load_address>
         <run_address>0x0</run_address>
         <size>0x7b2</size>
         <input_file_ref idref="fl-2"/>
      </object_component>
      <object_component id="oc-112">
         <name>.debug_info</name>
         <load_address>0x7b2</load_address>
         <run_address>0x7b2</run_address>
         <size>0x127</size>
         <input_file_ref idref="fl-2"/>
      </object_component>
      <object_component id="oc-a6">
         <name>.debug_info</name>
         <load_address>0x8d9</load_address>
         <run_address>0x8d9</run_address>
         <size>0x59d</size>
         <input_file_ref idref="fl-2"/>
      </object_component>
      <object_component id="oc-1a5">
         <name>.debug_info</name>
         <load_address>0xe76</load_address>
         <run_address>0xe76</run_address>
         <size>0x6c</size>
         <input_file_ref idref="fl-2"/>
      </object_component>
      <object_component id="oc-159">
         <name>.debug_info</name>
         <load_address>0xee2</load_address>
         <run_address>0xee2</run_address>
         <size>0x37e2</size>
         <input_file_ref idref="fl-2"/>
      </object_component>
      <object_component id="oc-d2">
         <name>.debug_info</name>
         <load_address>0x46c4</load_address>
         <run_address>0x46c4</run_address>
         <size>0x26b</size>
         <input_file_ref idref="fl-2"/>
      </object_component>
      <object_component id="oc-15e">
         <name>.debug_info</name>
         <load_address>0x492f</load_address>
         <run_address>0x492f</run_address>
         <size>0x1055</size>
         <input_file_ref idref="fl-2"/>
      </object_component>
      <object_component id="oc-c9">
         <name>.debug_info</name>
         <load_address>0x5984</load_address>
         <run_address>0x5984</run_address>
         <size>0xc6</size>
         <input_file_ref idref="fl-2"/>
      </object_component>
      <object_component id="oc-32">
         <name>.debug_info</name>
         <load_address>0x5a4a</load_address>
         <run_address>0x5a4a</run_address>
         <size>0x84</size>
         <input_file_ref idref="fl-2"/>
      </object_component>
      <object_component id="oc-165">
         <name>.debug_info</name>
         <load_address>0x5ace</load_address>
         <run_address>0x5ace</run_address>
         <size>0x297</size>
         <input_file_ref idref="fl-2"/>
      </object_component>
      <object_component id="oc-c4">
         <name>.debug_info</name>
         <load_address>0x5d65</load_address>
         <run_address>0x5d65</run_address>
         <size>0xbb</size>
         <input_file_ref idref="fl-2"/>
      </object_component>
      <object_component id="oc-7b">
         <name>.debug_info</name>
         <load_address>0x5e20</load_address>
         <run_address>0x5e20</run_address>
         <size>0x2eb</size>
         <input_file_ref idref="fl-3"/>
      </object_component>
      <object_component id="oc-24">
         <name>.debug_info</name>
         <load_address>0x610b</load_address>
         <run_address>0x610b</run_address>
         <size>0x117</size>
         <input_file_ref idref="fl-3"/>
      </object_component>
      <object_component id="oc-68">
         <name>.debug_info</name>
         <load_address>0x6222</load_address>
         <run_address>0x6222</run_address>
         <size>0x1de</size>
         <input_file_ref idref="fl-3"/>
      </object_component>
      <object_component id="oc-154">
         <name>.debug_info</name>
         <load_address>0x6400</load_address>
         <run_address>0x6400</run_address>
         <size>0x110</size>
         <input_file_ref idref="fl-4"/>
      </object_component>
      <object_component id="oc-b6">
         <name>.debug_info</name>
         <load_address>0x6510</load_address>
         <run_address>0x6510</run_address>
         <size>0x282</size>
         <input_file_ref idref="fl-4"/>
      </object_component>
      <object_component id="oc-cf">
         <name>.debug_info</name>
         <load_address>0x6792</load_address>
         <run_address>0x6792</run_address>
         <size>0x564</size>
         <input_file_ref idref="fl-5"/>
      </object_component>
      <object_component id="oc-74">
         <name>.debug_info</name>
         <load_address>0x6cf6</load_address>
         <run_address>0x6cf6</run_address>
         <size>0x216</size>
         <input_file_ref idref="fl-5"/>
      </object_component>
      <object_component id="oc-19f">
         <name>.debug_info</name>
         <load_address>0x6f0c</load_address>
         <run_address>0x6f0c</run_address>
         <size>0x1ac</size>
         <input_file_ref idref="fl-6"/>
      </object_component>
      <object_component id="oc-108">
         <name>.debug_info</name>
         <load_address>0x70b8</load_address>
         <run_address>0x70b8</run_address>
         <size>0x2f8</size>
         <input_file_ref idref="fl-6"/>
      </object_component>
      <object_component id="oc-10e">
         <name>.debug_info</name>
         <load_address>0x73b0</load_address>
         <run_address>0x73b0</run_address>
         <size>0x2b9</size>
         <input_file_ref idref="fl-7"/>
      </object_component>
      <object_component id="oc-fc">
         <name>.debug_info</name>
         <load_address>0x7669</load_address>
         <run_address>0x7669</run_address>
         <size>0x52f</size>
         <input_file_ref idref="fl-9"/>
      </object_component>
      <object_component id="oc-174">
         <name>.debug_info</name>
         <load_address>0x7b98</load_address>
         <run_address>0x7b98</run_address>
         <size>0x88b</size>
         <input_file_ref idref="fl-a"/>
      </object_component>
      <object_component id="oc-171">
         <name>.debug_info</name>
         <load_address>0x8423</load_address>
         <run_address>0x8423</run_address>
         <size>0x5cb</size>
         <input_file_ref idref="fl-b"/>
      </object_component>
      <object_component id="oc-16e">
         <name>.debug_info</name>
         <load_address>0x89ee</load_address>
         <run_address>0x89ee</run_address>
         <size>0xfc</size>
         <input_file_ref idref="fl-b"/>
      </object_component>
      <object_component id="oc-f4">
         <name>.debug_info</name>
         <load_address>0x8aea</load_address>
         <run_address>0x8aea</run_address>
         <size>0x434</size>
         <input_file_ref idref="fl-b"/>
      </object_component>
      <object_component id="oc-1d2">
         <name>.debug_info</name>
         <load_address>0x8f1e</load_address>
         <run_address>0x8f1e</run_address>
         <size>0x37e2</size>
         <input_file_ref idref="fl-b"/>
      </object_component>
      <object_component id="oc-bd">
         <name>.debug_info</name>
         <load_address>0xc700</load_address>
         <run_address>0xc700</run_address>
         <size>0x5ab</size>
         <input_file_ref idref="fl-c"/>
      </object_component>
      <object_component id="oc-c0">
         <name>.debug_info</name>
         <load_address>0xccab</load_address>
         <run_address>0xccab</run_address>
         <size>0x18f</size>
         <input_file_ref idref="fl-c"/>
      </object_component>
      <object_component id="oc-70">
         <name>.debug_info</name>
         <load_address>0xce3a</load_address>
         <run_address>0xce3a</run_address>
         <size>0x14ca</size>
         <input_file_ref idref="fl-c"/>
      </object_component>
      <object_component id="oc-17a">
         <name>.debug_info</name>
         <load_address>0xe304</load_address>
         <run_address>0xe304</run_address>
         <size>0x79d</size>
         <input_file_ref idref="fl-d"/>
      </object_component>
      <object_component id="oc-100">
         <name>.debug_info</name>
         <load_address>0xeaa1</load_address>
         <run_address>0xeaa1</run_address>
         <size>0x1431</size>
         <input_file_ref idref="fl-d"/>
      </object_component>
      <object_component id="oc-1da">
         <name>.debug_info</name>
         <load_address>0xfed2</load_address>
         <run_address>0xfed2</run_address>
         <size>0xcc</size>
         <input_file_ref idref="fl-d"/>
      </object_component>
      <object_component id="oc-199">
         <name>.debug_info</name>
         <load_address>0xff9e</load_address>
         <run_address>0xff9e</run_address>
         <size>0x2c</size>
         <input_file_ref idref="fl-d"/>
      </object_component>
      <object_component id="oc-1fc">
         <name>.debug_info</name>
         <load_address>0xffca</load_address>
         <run_address>0xffca</run_address>
         <size>0x3f4</size>
         <input_file_ref idref="fl-c7"/>
      </object_component>
      <object_component id="oc-1f5">
         <name>.debug_info</name>
         <load_address>0x103be</load_address>
         <run_address>0x103be</run_address>
         <size>0x20d</size>
         <input_file_ref idref="fl-c7"/>
      </object_component>
      <object_component id="oc-212">
         <name>.debug_info</name>
         <load_address>0x105cb</load_address>
         <run_address>0x105cb</run_address>
         <size>0x175</size>
         <input_file_ref idref="fl-c7"/>
      </object_component>
      <object_component id="oc-18a">
         <name>.debug_info</name>
         <load_address>0x10740</load_address>
         <run_address>0x10740</run_address>
         <size>0x1e3</size>
         <input_file_ref idref="fl-c7"/>
      </object_component>
      <object_component id="oc-186">
         <name>.debug_info</name>
         <load_address>0x10923</load_address>
         <run_address>0x10923</run_address>
         <size>0x1cc</size>
         <input_file_ref idref="fl-c7"/>
      </object_component>
      <object_component id="oc-d9">
         <name>.debug_info</name>
         <load_address>0x10aef</load_address>
         <run_address>0x10aef</run_address>
         <size>0x2c</size>
         <input_file_ref idref="fl-c7"/>
      </object_component>
      <object_component id="oc-292">
         <name>.debug_info</name>
         <load_address>0x10b1b</load_address>
         <run_address>0x10b1b</run_address>
         <size>0xb2</size>
         <input_file_ref idref="fl-c7"/>
      </object_component>
      <object_component id="oc-217">
         <name>.debug_info</name>
         <load_address>0x10bcd</load_address>
         <run_address>0x10bcd</run_address>
         <size>0x373</size>
         <input_file_ref idref="fl-c8"/>
      </object_component>
      <object_component id="oc-190">
         <name>.debug_info</name>
         <load_address>0x10f40</load_address>
         <run_address>0x10f40</run_address>
         <size>0x20a</size>
         <input_file_ref idref="fl-c8"/>
      </object_component>
      <object_component id="oc-218">
         <name>.debug_info</name>
         <load_address>0x1114a</load_address>
         <run_address>0x1114a</run_address>
         <size>0xbf</size>
         <input_file_ref idref="fl-c8"/>
      </object_component>
      <object_component id="oc-99">
         <name>.debug_info</name>
         <load_address>0x11209</load_address>
         <run_address>0x11209</run_address>
         <size>0x146</size>
         <input_file_ref idref="fl-c9"/>
      </object_component>
      <object_component id="oc-96">
         <name>.debug_info</name>
         <load_address>0x1134f</load_address>
         <run_address>0x1134f</run_address>
         <size>0x2d3</size>
         <input_file_ref idref="fl-ca"/>
      </object_component>
      <object_component id="oc-44">
         <name>.debug_info</name>
         <load_address>0x11622</load_address>
         <run_address>0x11622</run_address>
         <size>0x1d1</size>
         <input_file_ref idref="fl-ca"/>
      </object_component>
      <object_component id="oc-91">
         <name>.debug_info</name>
         <load_address>0x117f3</load_address>
         <run_address>0x117f3</run_address>
         <size>0x46</size>
         <input_file_ref idref="fl-ca"/>
      </object_component>
      <object_component id="oc-ea">
         <name>.debug_info</name>
         <load_address>0x11839</load_address>
         <run_address>0x11839</run_address>
         <size>0x2c</size>
         <input_file_ref idref="fl-ca"/>
      </object_component>
      <object_component id="oc-42">
         <name>.debug_info</name>
         <load_address>0x11865</load_address>
         <run_address>0x11865</run_address>
         <size>0x2a7</size>
         <input_file_ref idref="fl-cb"/>
      </object_component>
      <object_component id="oc-1e">
         <name>.debug_info</name>
         <load_address>0x11b0c</load_address>
         <run_address>0x11b0c</run_address>
         <size>0x1e9</size>
         <input_file_ref idref="fl-cb"/>
      </object_component>
      <object_component id="oc-3d">
         <name>.debug_info</name>
         <load_address>0x11cf5</load_address>
         <run_address>0x11cf5</run_address>
         <size>0x46</size>
         <input_file_ref idref="fl-cb"/>
      </object_component>
      <object_component id="oc-89">
         <name>.debug_info</name>
         <load_address>0x11d3b</load_address>
         <run_address>0x11d3b</run_address>
         <size>0x2c</size>
         <input_file_ref idref="fl-cb"/>
      </object_component>
      <object_component id="oc-87">
         <name>.debug_info</name>
         <load_address>0x11d67</load_address>
         <run_address>0x11d67</run_address>
         <size>0x29d</size>
         <input_file_ref idref="fl-cc"/>
      </object_component>
      <object_component id="oc-15">
         <name>.debug_info</name>
         <load_address>0x12004</load_address>
         <run_address>0x12004</run_address>
         <size>0x24f</size>
         <input_file_ref idref="fl-cc"/>
      </object_component>
      <object_component id="oc-2d">
         <name>.debug_info</name>
         <load_address>0x12253</load_address>
         <run_address>0x12253</run_address>
         <size>0x60</size>
         <input_file_ref idref="fl-cc"/>
      </object_component>
      <object_component id="oc-e3">
         <name>.debug_info</name>
         <load_address>0x122b3</load_address>
         <run_address>0x122b3</run_address>
         <size>0x46</size>
         <input_file_ref idref="fl-cc"/>
      </object_component>
      <object_component id="oc-82">
         <name>.debug_info</name>
         <load_address>0x122f9</load_address>
         <run_address>0x122f9</run_address>
         <size>0x39</size>
         <input_file_ref idref="fl-cc"/>
      </object_component>
      <object_component id="oc-1b2">
         <name>.debug_info</name>
         <load_address>0x12332</load_address>
         <run_address>0x12332</run_address>
         <size>0x3ac</size>
         <input_file_ref idref="fl-cd"/>
      </object_component>
      <object_component id="oc-1ac">
         <name>.debug_info</name>
         <load_address>0x126de</load_address>
         <run_address>0x126de</run_address>
         <size>0x18f</size>
         <input_file_ref idref="fl-cd"/>
      </object_component>
      <object_component id="oc-119">
         <name>.debug_info</name>
         <load_address>0x1286d</load_address>
         <run_address>0x1286d</run_address>
         <size>0x121</size>
         <input_file_ref idref="fl-cd"/>
      </object_component>
      <object_component id="oc-11f">
         <name>.debug_info</name>
         <load_address>0x1298e</load_address>
         <run_address>0x1298e</run_address>
         <size>0x183</size>
         <input_file_ref idref="fl-cd"/>
      </object_component>
      <object_component id="oc-22d">
         <name>.debug_info</name>
         <load_address>0x12b11</load_address>
         <run_address>0x12b11</run_address>
         <size>0x2c8</size>
         <input_file_ref idref="fl-ce"/>
      </object_component>
      <object_component id="oc-1af">
         <name>.debug_info</name>
         <load_address>0x12dd9</load_address>
         <run_address>0x12dd9</run_address>
         <size>0x11d</size>
         <input_file_ref idref="fl-ce"/>
      </object_component>
      <object_component id="oc-226">
         <name>.debug_info</name>
         <load_address>0x12ef6</load_address>
         <run_address>0x12ef6</run_address>
         <size>0x12d</size>
         <input_file_ref idref="fl-ce"/>
      </object_component>
      <object_component id="oc-21f">
         <name>.debug_info</name>
         <load_address>0x13023</load_address>
         <run_address>0x13023</run_address>
         <size>0x143</size>
         <input_file_ref idref="fl-cf"/>
      </object_component>
      <object_component id="oc-196">
         <name>.debug_info</name>
         <load_address>0x13166</load_address>
         <run_address>0x13166</run_address>
         <size>0x101</size>
         <input_file_ref idref="fl-cf"/>
      </object_component>
      <object_component id="oc-1f9">
         <name>.debug_info</name>
         <load_address>0x13267</load_address>
         <run_address>0x13267</run_address>
         <size>0x18e</size>
         <input_file_ref idref="fl-cf"/>
      </object_component>
      <object_component id="oc-7e">
         <name>.debug_info</name>
         <load_address>0x133f5</load_address>
         <run_address>0x133f5</run_address>
         <size>0x3b1</size>
         <input_file_ref idref="fl-d0"/>
      </object_component>
      <object_component id="oc-27">
         <name>.debug_info</name>
         <load_address>0x137a6</load_address>
         <run_address>0x137a6</run_address>
         <size>0x10b</size>
         <input_file_ref idref="fl-d0"/>
      </object_component>
      <object_component id="oc-324">
         <name>.debug_info</name>
         <load_address>0x138b1</load_address>
         <run_address>0x138b1</run_address>
         <size>0x13e</size>
         <input_file_ref idref="fl-d0"/>
      </object_component>
      <object_component id="oc-20d">
         <name>.debug_info</name>
         <load_address>0x139ef</load_address>
         <run_address>0x139ef</run_address>
         <size>0x167</size>
         <input_file_ref idref="fl-d0"/>
      </object_component>
      <object_component id="oc-2ae">
         <name>.debug_info</name>
         <load_address>0x13b56</load_address>
         <run_address>0x13b56</run_address>
         <size>0x18d</size>
         <input_file_ref idref="fl-d0"/>
      </object_component>
      <object_component id="oc-2b5">
         <name>.debug_info</name>
         <load_address>0x13ce3</load_address>
         <run_address>0x13ce3</run_address>
         <size>0x19e</size>
         <input_file_ref idref="fl-d0"/>
      </object_component>
      <object_component id="oc-207">
         <name>.debug_info</name>
         <load_address>0x13e81</load_address>
         <run_address>0x13e81</run_address>
         <size>0x202</size>
         <input_file_ref idref="fl-d0"/>
      </object_component>
      <object_component id="oc-32b">
         <name>.debug_info</name>
         <load_address>0x14083</load_address>
         <run_address>0x14083</run_address>
         <size>0x1da</size>
         <input_file_ref idref="fl-d0"/>
      </object_component>
      <object_component id="oc-2bb">
         <name>.debug_info</name>
         <load_address>0x1425d</load_address>
         <run_address>0x1425d</run_address>
         <size>0x298</size>
         <input_file_ref idref="fl-d0"/>
      </object_component>
      <object_component id="oc-de">
         <name>.debug_info</name>
         <load_address>0x144f5</load_address>
         <run_address>0x144f5</run_address>
         <size>0xb2</size>
         <input_file_ref idref="fl-d0"/>
      </object_component>
      <object_component id="oc-314">
         <name>.debug_info</name>
         <load_address>0x145a7</load_address>
         <run_address>0x145a7</run_address>
         <size>0x401</size>
         <input_file_ref idref="fl-d1"/>
      </object_component>
      <object_component id="oc-28b">
         <name>.debug_info</name>
         <load_address>0x149a8</load_address>
         <run_address>0x149a8</run_address>
         <size>0x244</size>
         <input_file_ref idref="fl-d1"/>
      </object_component>
      <object_component id="oc-304">
         <name>.debug_info</name>
         <load_address>0x14bec</load_address>
         <run_address>0x14bec</run_address>
         <size>0x120</size>
         <input_file_ref idref="fl-d1"/>
      </object_component>
      <object_component id="oc-1f0">
         <name>.debug_info</name>
         <load_address>0x14d0c</load_address>
         <run_address>0x14d0c</run_address>
         <size>0x444</size>
         <input_file_ref idref="fl-d2"/>
      </object_component>
      <object_component id="oc-17f">
         <name>.debug_info</name>
         <load_address>0x15150</load_address>
         <run_address>0x15150</run_address>
         <size>0x2da</size>
         <input_file_ref idref="fl-d2"/>
      </object_component>
      <object_component id="oc-282">
         <name>.debug_info</name>
         <load_address>0x1542a</load_address>
         <run_address>0x1542a</run_address>
         <size>0xea</size>
         <input_file_ref idref="fl-d2"/>
      </object_component>
      <object_component id="oc-27d">
         <name>.debug_info</name>
         <load_address>0x15514</load_address>
         <run_address>0x15514</run_address>
         <size>0x2c</size>
         <input_file_ref idref="fl-d2"/>
      </object_component>
      <object_component id="oc-2a">
         <name>.debug_info</name>
         <load_address>0x15540</load_address>
         <run_address>0x15540</run_address>
         <size>0x10a</size>
         <input_file_ref idref="fl-d3"/>
      </object_component>
      <object_component id="oc-59">
         <name>.debug_info</name>
         <load_address>0x1564a</load_address>
         <run_address>0x1564a</run_address>
         <size>0x1a8</size>
         <input_file_ref idref="fl-d3"/>
      </object_component>
      <object_component id="oc-2ab">
         <name>.debug_info</name>
         <load_address>0x157f2</load_address>
         <run_address>0x157f2</run_address>
         <size>0x3a4</size>
         <input_file_ref idref="fl-d4"/>
      </object_component>
      <object_component id="oc-1ff">
         <name>.debug_info</name>
         <load_address>0x15b96</load_address>
         <run_address>0x15b96</run_address>
         <size>0x1f2</size>
         <input_file_ref idref="fl-d4"/>
      </object_component>
      <object_component id="oc-31c">
         <name>.debug_info</name>
         <load_address>0x15d88</load_address>
         <run_address>0x15d88</run_address>
         <size>0x346</size>
         <input_file_ref idref="fl-d5"/>
      </object_component>
      <object_component id="oc-29a">
         <name>.debug_info</name>
         <load_address>0x160ce</load_address>
         <run_address>0x160ce</run_address>
         <size>0x189</size>
         <input_file_ref idref="fl-d5"/>
      </object_component>
      <object_component id="oc-24b">
         <name>.debug_info</name>
         <load_address>0x16257</load_address>
         <run_address>0x16257</run_address>
         <size>0x42b</size>
         <input_file_ref idref="fl-d6"/>
      </object_component>
      <object_component id="oc-1e0">
         <name>.debug_info</name>
         <load_address>0x16682</load_address>
         <run_address>0x16682</run_address>
         <size>0x191</size>
         <input_file_ref idref="fl-d6"/>
      </object_component>
      <object_component id="oc-30a">
         <name>.debug_info</name>
         <load_address>0x16813</load_address>
         <run_address>0x16813</run_address>
         <size>0x1ea</size>
         <input_file_ref idref="fl-d6"/>
      </object_component>
      <object_component id="oc-3a">
         <name>.debug_info</name>
         <load_address>0x169fd</load_address>
         <run_address>0x169fd</run_address>
         <size>0x118</size>
         <input_file_ref idref="fl-d7"/>
      </object_component>
      <object_component id="oc-1b5">
         <name>.debug_info</name>
         <load_address>0x16b15</load_address>
         <run_address>0x16b15</run_address>
         <size>0x4b2</size>
         <input_file_ref idref="fl-d8"/>
      </object_component>
      <object_component id="oc-125">
         <name>.debug_info</name>
         <load_address>0x16fc7</load_address>
         <run_address>0x16fc7</run_address>
         <size>0x1a5</size>
         <input_file_ref idref="fl-d8"/>
      </object_component>
      <object_component id="oc-233">
         <name>.debug_info</name>
         <load_address>0x1716c</load_address>
         <run_address>0x1716c</run_address>
         <size>0x39</size>
         <input_file_ref idref="fl-d8"/>
      </object_component>
      <object_component id="oc-2c8">
         <name>.debug_info</name>
         <load_address>0x171a5</load_address>
         <run_address>0x171a5</run_address>
         <size>0x39</size>
         <input_file_ref idref="fl-d8"/>
      </object_component>
      <object_component id="oc-238">
         <name>.debug_info</name>
         <load_address>0x171de</load_address>
         <run_address>0x171de</run_address>
         <size>0x39</size>
         <input_file_ref idref="fl-d8"/>
      </object_component>
      <object_component id="oc-23d">
         <name>.debug_info</name>
         <load_address>0x17217</load_address>
         <run_address>0x17217</run_address>
         <size>0xcd</size>
         <input_file_ref idref="fl-d8"/>
      </object_component>
      <object_component id="oc-a0">
         <name>.debug_info</name>
         <load_address>0x172e4</load_address>
         <run_address>0x172e4</run_address>
         <size>0x152</size>
         <input_file_ref idref="fl-d9"/>
      </object_component>
      <object_component id="oc-368">
         <name>.debug_info</name>
         <load_address>0x17436</load_address>
         <run_address>0x17436</run_address>
         <size>0x299</size>
         <input_file_ref idref="fl-dc"/>
      </object_component>
      <object_component id="oc-34a">
         <name>.debug_info</name>
         <load_address>0x176cf</load_address>
         <run_address>0x176cf</run_address>
         <size>0x25d</size>
         <input_file_ref idref="fl-dc"/>
      </object_component>
      <object_component id="oc-2d5">
         <name>.debug_info</name>
         <load_address>0x1792c</load_address>
         <run_address>0x1792c</run_address>
         <size>0x289</size>
         <input_file_ref idref="fl-dd"/>
      </object_component>
      <object_component id="oc-247">
         <name>.debug_info</name>
         <load_address>0x17bb5</load_address>
         <run_address>0x17bb5</run_address>
         <size>0x26e</size>
         <input_file_ref idref="fl-dd"/>
      </object_component>
      <object_component id="oc-24d">
         <name>.debug_info</name>
         <load_address>0x17e23</load_address>
         <run_address>0x17e23</run_address>
         <size>0x2ae</size>
         <input_file_ref idref="fl-de"/>
      </object_component>
      <object_component id="oc-1e8">
         <name>.debug_info</name>
         <load_address>0x180d1</load_address>
         <run_address>0x180d1</run_address>
         <size>0x272</size>
         <input_file_ref idref="fl-de"/>
      </object_component>
      <object_component id="oc-355">
         <name>.debug_info</name>
         <load_address>0x18343</load_address>
         <run_address>0x18343</run_address>
         <size>0x396</size>
         <input_file_ref idref="fl-df"/>
      </object_component>
      <object_component id="oc-319">
         <name>.debug_info</name>
         <load_address>0x186d9</load_address>
         <run_address>0x186d9</run_address>
         <size>0x18e</size>
         <input_file_ref idref="fl-df"/>
      </object_component>
      <object_component id="oc-27a">
         <name>.debug_info</name>
         <load_address>0x18867</load_address>
         <run_address>0x18867</run_address>
         <size>0x336</size>
         <input_file_ref idref="fl-e0"/>
      </object_component>
      <object_component id="oc-1ed">
         <name>.debug_info</name>
         <load_address>0x18b9d</load_address>
         <run_address>0x18b9d</run_address>
         <size>0x108</size>
         <input_file_ref idref="fl-e0"/>
      </object_component>
      <object_component id="oc-311">
         <name>.debug_info</name>
         <load_address>0x18ca5</load_address>
         <run_address>0x18ca5</run_address>
         <size>0x108</size>
         <input_file_ref idref="fl-e0"/>
      </object_component>
      <object_component id="oc-31e">
         <name>.debug_info</name>
         <load_address>0x18dad</load_address>
         <run_address>0x18dad</run_address>
         <size>0x3ce</size>
         <input_file_ref idref="fl-e2"/>
      </object_component>
      <object_component id="oc-29e">
         <name>.debug_info</name>
         <load_address>0x1917b</load_address>
         <run_address>0x1917b</run_address>
         <size>0x194</size>
         <input_file_ref idref="fl-e2"/>
      </object_component>
      <object_component id="oc-320">
         <name>.debug_info</name>
         <load_address>0x1930f</load_address>
         <run_address>0x1930f</run_address>
         <size>0x3d0</size>
         <input_file_ref idref="fl-e3"/>
      </object_component>
      <object_component id="oc-2a4">
         <name>.debug_info</name>
         <load_address>0x196df</load_address>
         <run_address>0x196df</run_address>
         <size>0x1a4</size>
         <input_file_ref idref="fl-e3"/>
      </object_component>
      <object_component id="oc-2f1">
         <name>.debug_info</name>
         <load_address>0x19883</load_address>
         <run_address>0x19883</run_address>
         <size>0x372</size>
         <input_file_ref idref="fl-e4"/>
      </object_component>
      <object_component id="oc-255">
         <name>.debug_info</name>
         <load_address>0x19bf5</load_address>
         <run_address>0x19bf5</run_address>
         <size>0x1bb</size>
         <input_file_ref idref="fl-e4"/>
      </object_component>
      <object_component id="oc-2f7">
         <name>.debug_info</name>
         <load_address>0x19db0</load_address>
         <run_address>0x19db0</run_address>
         <size>0x377</size>
         <input_file_ref idref="fl-e5"/>
      </object_component>
      <object_component id="oc-26a">
         <name>.debug_info</name>
         <load_address>0x1a127</load_address>
         <run_address>0x1a127</run_address>
         <size>0x20f</size>
         <input_file_ref idref="fl-e5"/>
      </object_component>
      <object_component id="oc-2ed">
         <name>.debug_info</name>
         <load_address>0x1a336</load_address>
         <run_address>0x1a336</run_address>
         <size>0x3a2</size>
         <input_file_ref idref="fl-e6"/>
      </object_component>
      <object_component id="oc-252">
         <name>.debug_info</name>
         <load_address>0x1a6d8</load_address>
         <run_address>0x1a6d8</run_address>
         <size>0x20b</size>
         <input_file_ref idref="fl-e6"/>
      </object_component>
      <object_component id="oc-2f3">
         <name>.debug_info</name>
         <load_address>0x1a8e3</load_address>
         <run_address>0x1a8e3</run_address>
         <size>0x376</size>
         <input_file_ref idref="fl-e7"/>
      </object_component>
      <object_component id="oc-25e">
         <name>.debug_info</name>
         <load_address>0x1ac59</load_address>
         <run_address>0x1ac59</run_address>
         <size>0x1fa</size>
         <input_file_ref idref="fl-e7"/>
      </object_component>
      <object_component id="oc-301">
         <name>.debug_info</name>
         <load_address>0x1ae53</load_address>
         <run_address>0x1ae53</run_address>
         <size>0x3d4</size>
         <input_file_ref idref="fl-e8"/>
      </object_component>
      <object_component id="oc-273">
         <name>.debug_info</name>
         <load_address>0x1b227</load_address>
         <run_address>0x1b227</run_address>
         <size>0x235</size>
         <input_file_ref idref="fl-e8"/>
      </object_component>
      <object_component id="oc-2f9">
         <name>.debug_info</name>
         <load_address>0x1b45c</load_address>
         <run_address>0x1b45c</run_address>
         <size>0x395</size>
         <input_file_ref idref="fl-e9"/>
      </object_component>
      <object_component id="oc-270">
         <name>.debug_info</name>
         <load_address>0x1b7f1</load_address>
         <run_address>0x1b7f1</run_address>
         <size>0x1c5</size>
         <input_file_ref idref="fl-e9"/>
      </object_component>
      <object_component id="oc-2f5">
         <name>.debug_info</name>
         <load_address>0x1b9b6</load_address>
         <run_address>0x1b9b6</run_address>
         <size>0x377</size>
         <input_file_ref idref="fl-ea"/>
      </object_component>
      <object_component id="oc-262">
         <name>.debug_info</name>
         <load_address>0x1bd2d</load_address>
         <run_address>0x1bd2d</run_address>
         <size>0x1ff</size>
         <input_file_ref idref="fl-ea"/>
      </object_component>
      <object_component id="oc-337">
         <name>.debug_info</name>
         <load_address>0x1bf2c</load_address>
         <run_address>0x1bf2c</run_address>
         <size>0x2ba</size>
         <input_file_ref idref="fl-eb"/>
      </object_component>
      <object_component id="oc-334">
         <name>.debug_info</name>
         <load_address>0x1c1e6</load_address>
         <run_address>0x1c1e6</run_address>
         <size>0x107</size>
         <input_file_ref idref="fl-eb"/>
      </object_component>
      <object_component id="oc-2e1">
         <name>.debug_info</name>
         <load_address>0x1c2ed</load_address>
         <run_address>0x1c2ed</run_address>
         <size>0x1de</size>
         <input_file_ref idref="fl-eb"/>
      </object_component>
      <object_component id="oc-2e7">
         <name>.debug_info</name>
         <load_address>0x1c4cb</load_address>
         <run_address>0x1c4cb</run_address>
         <size>0x199</size>
         <input_file_ref idref="fl-eb"/>
      </object_component>
      <object_component id="oc-346">
         <name>.debug_info</name>
         <load_address>0x1c664</load_address>
         <run_address>0x1c664</run_address>
         <size>0x2a3</size>
         <input_file_ref idref="fl-ec"/>
      </object_component>
      <object_component id="oc-2fb">
         <name>.debug_info</name>
         <load_address>0x1c907</load_address>
         <run_address>0x1c907</run_address>
         <size>0x247</size>
         <input_file_ref idref="fl-ec"/>
      </object_component>
      <object_component id="oc-332">
         <name>.debug_info</name>
         <load_address>0x1cb4e</load_address>
         <run_address>0x1cb4e</run_address>
         <size>0x28e</size>
         <input_file_ref idref="fl-ed"/>
      </object_component>
      <object_component id="oc-2db">
         <name>.debug_info</name>
         <load_address>0x1cddc</load_address>
         <run_address>0x1cddc</run_address>
         <size>0x240</size>
         <input_file_ref idref="fl-ed"/>
      </object_component>
      <object_component id="oc-3a0">
         <name>.debug_info</name>
         <load_address>0x1d01c</load_address>
         <run_address>0x1d01c</run_address>
         <size>0xc3</size>
      </object_component>
      <object_component id="oc-1cd">
         <name>.debug_line</name>
         <load_address>0x0</load_address>
         <run_address>0x0</run_address>
         <size>0x96</size>
         <input_file_ref idref="fl-2"/>
      </object_component>
      <object_component id="oc-1a4">
         <name>.debug_line</name>
         <load_address>0x96</load_address>
         <run_address>0x96</run_address>
         <size>0x2d</size>
         <input_file_ref idref="fl-2"/>
      </object_component>
      <object_component id="oc-a5">
         <name>.debug_line</name>
         <load_address>0xc3</load_address>
         <run_address>0xc3</run_address>
         <size>0x146</size>
         <input_file_ref idref="fl-2"/>
      </object_component>
      <object_component id="oc-1a8">
         <name>.debug_line</name>
         <load_address>0x209</load_address>
         <run_address>0x209</run_address>
         <size>0x2d</size>
         <input_file_ref idref="fl-2"/>
      </object_component>
      <object_component id="oc-15c">
         <name>.debug_line</name>
         <load_address>0x236</load_address>
         <run_address>0x236</run_address>
         <size>0x57</size>
         <input_file_ref idref="fl-2"/>
      </object_component>
      <object_component id="oc-d5">
         <name>.debug_line</name>
         <load_address>0x28d</load_address>
         <run_address>0x28d</run_address>
         <size>0x6f</size>
         <input_file_ref idref="fl-2"/>
      </object_component>
      <object_component id="oc-161">
         <name>.debug_line</name>
         <load_address>0x2fc</load_address>
         <run_address>0x2fc</run_address>
         <size>0x5a</size>
         <input_file_ref idref="fl-2"/>
      </object_component>
      <object_component id="oc-cc">
         <name>.debug_line</name>
         <load_address>0x356</load_address>
         <run_address>0x356</run_address>
         <size>0x32</size>
         <input_file_ref idref="fl-2"/>
      </object_component>
      <object_component id="oc-35">
         <name>.debug_line</name>
         <load_address>0x388</load_address>
         <run_address>0x388</run_address>
         <size>0x20</size>
         <input_file_ref idref="fl-2"/>
      </object_component>
      <object_component id="oc-168">
         <name>.debug_line</name>
         <load_address>0x3a8</load_address>
         <run_address>0x3a8</run_address>
         <size>0x73</size>
         <input_file_ref idref="fl-2"/>
      </object_component>
      <object_component id="oc-c7">
         <name>.debug_line</name>
         <load_address>0x41b</load_address>
         <run_address>0x41b</run_address>
         <size>0x70</size>
         <input_file_ref idref="fl-2"/>
      </object_component>
      <object_component id="oc-d1">
         <name>.debug_line</name>
         <load_address>0x48b</load_address>
         <run_address>0x48b</run_address>
         <size>0x40</size>
         <input_file_ref idref="fl-3"/>
      </object_component>
      <object_component id="oc-7a">
         <name>.debug_line</name>
         <load_address>0x4cb</load_address>
         <run_address>0x4cb</run_address>
         <size>0x40</size>
         <input_file_ref idref="fl-3"/>
      </object_component>
      <object_component id="oc-6b">
         <name>.debug_line</name>
         <load_address>0x50b</load_address>
         <run_address>0x50b</run_address>
         <size>0x71</size>
         <input_file_ref idref="fl-3"/>
      </object_component>
      <object_component id="oc-1cb">
         <name>.debug_line</name>
         <load_address>0x57c</load_address>
         <run_address>0x57c</run_address>
         <size>0x3b</size>
         <input_file_ref idref="fl-4"/>
      </object_component>
      <object_component id="oc-ba">
         <name>.debug_line</name>
         <load_address>0x5b7</load_address>
         <run_address>0x5b7</run_address>
         <size>0x159</size>
         <input_file_ref idref="fl-4"/>
      </object_component>
      <object_component id="oc-16b">
         <name>.debug_line</name>
         <load_address>0x710</load_address>
         <run_address>0x710</run_address>
         <size>0x20</size>
         <input_file_ref idref="fl-5"/>
      </object_component>
      <object_component id="oc-78">
         <name>.debug_line</name>
         <load_address>0x730</load_address>
         <run_address>0x730</run_address>
         <size>0x79</size>
         <input_file_ref idref="fl-5"/>
      </object_component>
      <object_component id="oc-222">
         <name>.debug_line</name>
         <load_address>0x7a9</load_address>
         <run_address>0x7a9</run_address>
         <size>0x32</size>
         <input_file_ref idref="fl-6"/>
      </object_component>
      <object_component id="oc-106">
         <name>.debug_line</name>
         <load_address>0x7db</load_address>
         <run_address>0x7db</run_address>
         <size>0xff</size>
         <input_file_ref idref="fl-6"/>
      </object_component>
      <object_component id="oc-10c">
         <name>.debug_line</name>
         <load_address>0x8da</load_address>
         <run_address>0x8da</run_address>
         <size>0xb3</size>
         <input_file_ref idref="fl-7"/>
      </object_component>
      <object_component id="oc-fe">
         <name>.debug_line</name>
         <load_address>0x98d</load_address>
         <run_address>0x98d</run_address>
         <size>0xe8</size>
         <input_file_ref idref="fl-9"/>
      </object_component>
      <object_component id="oc-173">
         <name>.debug_line</name>
         <load_address>0xa75</load_address>
         <run_address>0xa75</run_address>
         <size>0x22f</size>
         <input_file_ref idref="fl-a"/>
      </object_component>
      <object_component id="oc-1d1">
         <name>.debug_line</name>
         <load_address>0xca4</load_address>
         <run_address>0xca4</run_address>
         <size>0x51</size>
         <input_file_ref idref="fl-b"/>
      </object_component>
      <object_component id="oc-1cf">
         <name>.debug_line</name>
         <load_address>0xcf5</load_address>
         <run_address>0xcf5</run_address>
         <size>0x38</size>
         <input_file_ref idref="fl-b"/>
      </object_component>
      <object_component id="oc-f8">
         <name>.debug_line</name>
         <load_address>0xd2d</load_address>
         <run_address>0xd2d</run_address>
         <size>0xf6</size>
         <input_file_ref idref="fl-b"/>
      </object_component>
      <object_component id="oc-1d5">
         <name>.debug_line</name>
         <load_address>0xe23</load_address>
         <run_address>0xe23</run_address>
         <size>0x57</size>
         <input_file_ref idref="fl-b"/>
      </object_component>
      <object_component id="oc-158">
         <name>.debug_line</name>
         <load_address>0xe7a</load_address>
         <run_address>0xe7a</run_address>
         <size>0x32</size>
         <input_file_ref idref="fl-c"/>
      </object_component>
      <object_component id="oc-164">
         <name>.debug_line</name>
         <load_address>0xeac</load_address>
         <run_address>0xeac</run_address>
         <size>0x32</size>
         <input_file_ref idref="fl-c"/>
      </object_component>
      <object_component id="oc-6f">
         <name>.debug_line</name>
         <load_address>0xede</load_address>
         <run_address>0xede</run_address>
         <size>0x625</size>
         <input_file_ref idref="fl-c"/>
      </object_component>
      <object_component id="oc-1d9">
         <name>.debug_line</name>
         <load_address>0x1503</load_address>
[...]
      </symbol>
      <symbol id="sm-37d">
         <name>ferror</name>
         <value>0xcfb</value>
         <object_component_ref idref="oc-ff"/>
      </symbol>
      <symbol id="sm-37e">
         <name>uart_unlink</name>
         <value>0xda7</value>
         <object_component_ref idref="oc-ff"/>
      </symbol>
      <symbol id="sm-37f">
         <name>UART0_OutString</name>
         <value>0x81f</value>
         <object_component_ref idref="oc-ff"/>
      </symbol>
      <symbol id="sm-380">
         <name>UART0_OutUHex2</name>
         <value>0xc45</value>
         <object_component_ref idref="oc-ff"/>
      </symbol>
      <symbol id="sm-381">
         <name>uart_read</name>
         <value>0xd2b</value>
         <object_component_ref idref="oc-ff"/>
      </symbol>
      <symbol id="sm-382">
         <name>UART0_InChar</name>
         <value>0x7f3</value>
         <object_component_ref idref="oc-ff"/>
      </symbol>
      <symbol id="sm-383">
         <name>outnibble</name>
         <value>0xc1d</value>
         <object_component_ref idref="oc-ff"/>
      </symbol>
      <symbol id="sm-384">
         <name>uart_open</name>
         <value>0xd09</value>
         <object_component_ref idref="oc-ff"/>
      </symbol>
      <symbol id="sm-385">
         <name>UART0_OutSDec</name>
         <value>0x8cb</value>
         <object_component_ref idref="oc-ff"/>
      </symbol>
      <symbol id="sm-386">
         <name>UART0_Init</name>
         <value>0x7ad</value>
         <object_component_ref idref="oc-ff"/>
      </symbol>
      <symbol id="sm-387">
         <name>uart_close</name>
         <value>0xd19</value>
         <object_component_ref idref="oc-ff"/>
      </symbol>
      <symbol id="sm-388">
         <name>fgetc</name>
         <value>0xcdb</value>
         <object_component_ref idref="oc-ff"/>
      </symbol>
      <symbol id="sm-389">
         <name>UART0_OutChar</name>
         <value>0x803</value>
         <object_component_ref idref="oc-ff"/>
      </symbol>
      <symbol id="sm-38a">
         <name>UART0_InUDec</name>
         <value>0x83d</value>
         <object_component_ref idref="oc-ff"/>
      </symbol>
      <symbol id="sm-38b">
         <name>UART0_InUHex</name>
         <value>0xb15</value>
         <object_component_ref idref="oc-ff"/>
      </symbol>
      <symbol id="sm-3e8">
         <name>__TI_cleanup</name>
         <value>0x2971</value>
         <object_component_ref idref="oc-210"/>
      </symbol>
      <symbol id="sm-3e9">
         <name>freopen</name>
         <value>0x2a0d</value>
         <object_component_ref idref="oc-189"/>
      </symbol>
      <symbol id="sm-3ea">
         <name>fopen</name>
         <value>0x221d</value>
         <object_component_ref idref="oc-183"/>
      </symbol>
      <symbol id="sm-40b">
         <name>setvbuf</name>
         <value>0x1fcd</value>
         <object_component_ref idref="oc-18f"/>
      </symbol>
      <symbol id="sm-41a">
         <name>__aeabi_memset</name>
         <value>0x2357</value>
         <object_component_ref idref="oc-97"/>
      </symbol>
      <symbol id="sm-41b">
         <name>memset</name>
         <value>0x235d</value>
         <object_component_ref idref="oc-97"/>
      </symbol>
      <symbol id="sm-41c">
         <name>__aeabi_memset8</name>
         <value>0x2357</value>
         <object_component_ref idref="oc-97"/>
      </symbol>
      <symbol id="sm-41d">
         <name>__aeabi_memset4</name>
         <value>0x2357</value>
         <object_component_ref idref="oc-97"/>
      </symbol>
      <symbol id="sm-41e">
         <name>__aeabi_memclr8</name>
         <value>0x2355</value>
         <object_component_ref idref="oc-97"/>
      </symbol>
      <symbol id="sm-41f">
         <name>__aeabi_memclr4</name>
         <value>0x2355</value>
         <object_component_ref idref="oc-97"/>
      </symbol>
      <symbol id="sm-420">
         <name>__aeabi_memclr</name>
         <value>0x2355</value>
         <object_component_ref idref="oc-97"/>
      </symbol>
      <symbol id="sm-439">
         <name>__TI_zero_init_nomemset</name>
         <value>0x2b11</value>
         <object_component_ref idref="oc-43"/>
      </symbol>
      <symbol id="sm-450">
         <name>__TI_decompress_none</name>
         <value>0x2baf</value>
         <object_component_ref idref="oc-1a"/>
      </symbol>
      <symbol id="sm-473">
         <name>__TI_decompress_lzss</name>
         <value>0x2589</value>
         <object_component_ref idref="oc-14"/>
      </symbol>
      <symbol id="sm-499">
         <name>C$$EXIT</name>
         <value>0x2bd7</value>
         <object_component_ref idref="oc-115"/>
      </symbol>
      <symbol id="sm-49a">
         <name>abort</name>
         <value>0x2bd7</value>
         <object_component_ref idref="oc-115"/>
      </symbol>
      <symbol id="sm-49b">
         <name>__TI_dtors_ptr</name>
         <value>0x200005e4</value>
         <object_component_ref idref="oc-1ab"/>
      </symbol>
      <symbol id="sm-49c">
         <name>__TI_cleanup_ptr</name>
         <value>0x200005e0</value>
         <object_component_ref idref="oc-1ab"/>
      </symbol>
      <symbol id="sm-49d">
         <name>__TI_enable_exit_profile_output</name>
         <value>0x200005e8</value>
         <object_component_ref idref="oc-1ab"/>
      </symbol>
      <symbol id="sm-49e">
         <name>exit</name>
         <value>0x27a9</value>
         <object_component_ref idref="oc-11b"/>
      </symbol>
      <symbol id="sm-4b3">
         <name>_nop</name>
         <value>0x23cf</value>
         <object_component_ref idref="oc-225"/>
      </symbol>
      <symbol id="sm-4b4">
         <name>_lock</name>
         <value>0x200005f8</value>
         <object_component_ref idref="oc-1ae"/>
      </symbol>
      <symbol id="sm-4b5">
         <name>_unlock</name>
         <value>0x200005fc</value>
         <object_component_ref idref="oc-1ae"/>
      </symbol>
      <symbol id="sm-4ca">
         <name>__TI_tmpnams</name>
         <value>0x20000740</value>
      </symbol>
      <symbol id="sm-4cb">
         <name>__aeabi_stdout</name>
         <value>0x200005d8</value>
         <object_component_ref idref="oc-1f8"/>
      </symbol>
      <symbol id="sm-4cc">
         <name>__aeabi_stderr</name>
         <value>0x200005dc</value>
         <object_component_ref idref="oc-1f8"/>
      </symbol>
      <symbol id="sm-4cd">
         <name>__aeabi_stdin</name>
         <value>0x200005d4</value>
         <object_component_ref idref="oc-1f8"/>
      </symbol>
      <symbol id="sm-4ce">
         <name>_ftable</name>
         <value>0x20000400</value>
         <object_component_ref idref="oc-195"/>
      </symbol>
      <symbol id="sm-4cf">
         <name>__TI_ft_end</name>
         <value>0x200005d0</value>
         <object_component_ref idref="oc-1f8"/>
      </symbol>
      <symbol id="sm-553">
         <name>_sys_memory</name>
         <value>0x20000000</value>
         <object_component_ref idref="oc-26"/>
      </symbol>
      <symbol id="sm-554">
         <name>free</name>
         <value>0x1ee9</value>
         <object_component_ref idref="oc-204"/>
      </symbol>
      <symbol id="sm-555">
         <name>memalign</name>
         <value>0x1cc5</value>
         <object_component_ref idref="oc-2b9"/>
      </symbol>
      <symbol id="sm-556">
         <name>malloc</name>
         <value>0x2bcb</value>
         <object_component_ref idref="oc-20a"/>
      </symbol>
      <symbol id="sm-557">
         <name>aligned_alloc</name>
         <value>0x1cc5</value>
         <object_component_ref idref="oc-2b9"/>
      </symbol>
      <symbol id="sm-579">
         <name>open</name>
         <value>0x20a9</value>
         <object_component_ref idref="oc-287"/>
      </symbol>
      <symbol id="sm-59e">
         <name>add_device</name>
         <value>0x2165</value>
         <object_component_ref idref="oc-17d"/>
      </symbol>
      <symbol id="sm-5b1">
         <name>__stack</name>
         <value>0x2000fe00</value>
         <object_component_ref idref="oc-29"/>
      </symbol>
      <symbol id="sm-5b2">
         <name>_c_int00_noargs</name>
         <value>0x29d9</value>
         <object_component_ref idref="oc-55"/>
      </symbol>
      <symbol id="sm-5c7">
         <name>__TI_closefile</name>
         <value>0x23d1</value>
         <object_component_ref idref="oc-1fd"/>
      </symbol>
      <symbol id="sm-5d7">
         <name>__TI_doflush</name>
         <value>0x275d</value>
         <object_component_ref idref="oc-297"/>
      </symbol>
      <symbol id="sm-5f5">
         <name>finddevice</name>
         <value>0x2a41</value>
         <object_component_ref idref="oc-1df"/>
      </symbol>
      <symbol id="sm-5f6">
         <name>getdevice</name>
         <value>0x28bd</value>
         <object_component_ref idref="oc-309"/>
      </symbol>
      <symbol id="sm-611">
         <name>memcpy</name>
         <value>0x22b9</value>
         <object_component_ref idref="oc-37"/>
      </symbol>
      <symbol id="sm-612">
         <name>__aeabi_memcpy</name>
         <value>0x22b9</value>
         <object_component_ref idref="oc-37"/>
      </symbol>
      <symbol id="sm-613">
         <name>__aeabi_memcpy8</name>
         <value>0x22b9</value>
         <object_component_ref idref="oc-37"/>
      </symbol>
      <symbol id="sm-614">
         <name>__aeabi_memcpy4</name>
         <value>0x22b9</value>
         <object_component_ref idref="oc-37"/>
      </symbol>
      <symbol id="sm-63c">
         <name>__TI_auto_init_nobinit_nopinit</name>
         <value>0x2879</value>
         <object_component_ref idref="oc-121"/>
      </symbol>
      <symbol id="sm-646">
         <name>_system_pre_init</name>
         <value>0x2bd3</value>
         <object_component_ref idref="oc-9d"/>
      </symbol>
      <symbol id="sm-658">
         <name>strchr</name>
         <value>0x2b61</value>
         <object_component_ref idref="oc-349"/>
      </symbol>
      <symbol id="sm-667">
         <name>strcmp</name>
         <value>0x2b49</value>
         <object_component_ref idref="oc-244"/>
      </symbol>
      <symbol id="sm-677">
         <name>strncpy</name>
         <value>0x2939</value>
         <object_component_ref idref="oc-1e5"/>
      </symbol>
      <symbol id="sm-687">
         <name>write</name>
         <value>0x2ac5</value>
         <object_component_ref idref="oc-315"/>
      </symbol>
      <symbol id="sm-698">
         <name>_stream</name>
         <value>0x20000568</value>
         <object_component_ref idref="oc-310"/>
      </symbol>
      <symbol id="sm-699">
         <name>_device</name>
         <value>0x200004f0</value>
         <object_component_ref idref="oc-1ec"/>
      </symbol>
      <symbol id="sm-6ae">
         <name>close</name>
         <value>0x2651</value>
         <object_component_ref idref="oc-29d"/>
      </symbol>
      <symbol id="sm-6be">
         <name>unlink</name>
         <value>0x2a71</value>
         <object_component_ref idref="oc-2a3"/>
      </symbol>
      <symbol id="sm-6cf">
         <name>HOSTclose</name>
         <value>0x27f1</value>
         <object_component_ref idref="oc-254"/>
      </symbol>
      <symbol id="sm-6e0">
         <name>HOSTlseek</name>
         <value>0x2521</value>
         <object_component_ref idref="oc-266"/>
      </symbol>
      <symbol id="sm-6f2">
         <name>parmbuf</name>
         <value>0x200007e8</value>
      </symbol>
      <symbol id="sm-6f3">
         <name>HOSTopen</name>
         <value>0x25f1</value>
         <object_component_ref idref="oc-24e"/>
      </symbol>
      <symbol id="sm-704">
         <name>HOSTread</name>
         <value>0x26ad</value>
         <object_component_ref idref="oc-25a"/>
      </symbol>
      <symbol id="sm-715">
         <name>HOSTrename</name>
         <value>0x24b5</value>
         <object_component_ref idref="oc-272"/>
      </symbol>
      <symbol id="sm-726">
         <name>HOSTunlink</name>
         <value>0x2835</value>
         <object_component_ref idref="oc-26c"/>
      </symbol>
      <symbol id="sm-737">
         <name>HOSTwrite</name>
         <value>0x2705</value>
         <object_component_ref idref="oc-260"/>
      </symbol>
      <symbol id="sm-75b">
         <name>__TI_readmsg</name>
         <value>0x29a5</value>
         <object_component_ref idref="oc-2e6"/>
      </symbol>
      <symbol id="sm-75c">
         <name>C$$IO$$</name>
         <value>0x292f</value>
         <object_component_ref idref="oc-2e0"/>
      </symbol>
      <symbol id="sm-75d">
         <name>__CIOBUF_</name>
         <value>0x20000620</value>
         <object_component_ref idref="oc-333"/>
      </symbol>
      <symbol id="sm-75e">
         <name>__TI_writemsg</name>
         <value>0x2901</value>
         <object_component_ref idref="oc-2e0"/>
      </symbol>
      <symbol id="sm-76c">
         <name>strcpy</name>
         <value>0x2b77</value>
         <object_component_ref idref="oc-2fa"/>
      </symbol>
      <symbol id="sm-77a">
         <name>strlen</name>
         <value>0x2b8b</value>
         <object_component_ref idref="oc-2da"/>
      </symbol>
      <symbol id="sm-77b">
         <name>__TI_static_base__</name>
         <value>0x0</value>
      </symbol>
      <symbol id="sm-77e">
         <name>__mpu_init</name>
         <value>0x0</value>
      </symbol>
      <symbol id="sm-77f">
         <name>_system_post_cinit</name>
         <value>0x0</value>
      </symbol>
      <symbol id="sm-780">
         <name>NMI_Handler</name>
         <value>0x2bc9</value>
      </symbol>
      <symbol id="sm-781">
         <name>HardFault_Handler</name>
         <value>0x2bc9</value>
      </symbol>
      <symbol id="sm-782">
         <name>MemManage_Handler</name>
         <value>0x2bc9</value>
      </symbol>
      <symbol id="sm-783">
         <name>BusFault_Handler</name>
         <value>0x2bc9</value>
      </symbol>
      <symbol id="sm-784">
         <name>UsageFault_Handler</name>
         <value>0x2bc9</value>
      </symbol>
      <symbol id="sm-785">
         <name>SVC_Handler</name>
         <value>0x2bc9</value>
      </symbol>
      <symbol id="sm-786">
         <name>DebugMon_Handler</name>
         <value>0x2bc9</value>
      </symbol>
      <symbol id="sm-787">
         <name>PendSV_Handler</name>
         <value>0x2bc9</value>
      </symbol>
      <symbol id="sm-788">
         <name>SysTick_Handler</name>
         <value>0x2bc9</value>
      </symbol>
      <symbol id="sm-789">
         <name>PSS_IRQHandler</name>
         <value>0x2bc9</value>
      </symbol>
      <symbol id="sm-78a">
         <name>CS_IRQHandler</name>
         <value>0x2bc9</value>
      </symbol>
      <symbol id="sm-78b">
         <name>PCM_IRQHandler</name>
         <value>0x2bc9</value>
      </symbol>
      <symbol id="sm-78c">
         <name>WDT_A_IRQHandler</name>
         <value>0x2bc9</value>
      </symbol>
      <symbol id="sm-78d">
         <name>FPU_IRQHandler</name>
         <value>0x2bc9</value>
      </symbol>
      <symbol id="sm-78e">
         <name>FLCTL_IRQHandler</name>
         <value>0x2bc9</value>
      </symbol>
      <symbol id="sm-78f">
         <name>COMP_E0_IRQHandler</name>
         <value>0x2bc9</value>
      </symbol>
      <symbol id="sm-790">
         <name>COMP_E1_IRQHandler</name>
         <value>0x2bc9</value>
      </symbol>
      <symbol id="sm-791">
         <name>TA0_0_IRQHandler</name>
         <value>0x2bc9</value>
      </symbol>
      <symbol id="sm-792">
         <name>TA0_N_IRQHandler</name>
         <value>0x2bc9</value>
      </symbol>
      <symbol id="sm-793">
         <name>TA1_0_IRQHandler</name>
         <value>0x2bc9</value>
      </symbol>
      <symbol id="sm-794">
         <name>TA1_N_IRQHandler</name>
         <value>0x2bc9</value>
      </symbol>
      <symbol id="sm-795">
         <name>TA2_0_IRQHandler</name>
         <value>0x2bc9</value>
      </symbol>
      <symbol id="sm-796">
         <name>TA2_N_IRQHandler</name>
         <value>0x2bc9</value>
      </symbol>
      <symbol id="sm-797">
         <name>TA3_0_IRQHandler</name>
         <value>0x2bc9</value>
      </symbol>
      <symbol id="sm-798">
         <name>TA3_N_IRQHandler</name>
         <value>0x2bc9</value>
      </symbol>
      <symbol id="sm-799">
         <name>EUSCIA0_IRQHandler</name>
         <value>0x2bc9</value>
      </symbol>
      <symbol id="sm-79a">
         <name>EUSCIA1_IRQHandler</name>
         <value>0x2bc9</value>
      </symbol>
      <symbol id="sm-79b">
         <name>EUSCIA2_IRQHandler</name>
         <value>0x2bc9</value>
      </symbol>
      <symbol id="sm-79c">
         <name>EUSCIA3_IRQHandler</name>
         <value>0x2bc9</value>
      </symbol>
      <symbol id="sm-79d">
         <name>EUSCIB0_IRQHandler</name>
         <value>0x2bc9</value>
      </symbol>
      <symbol id="sm-79e">
         <name>EUSCIB1_IRQHandler</name>
         <value>0x2bc9</value>
      </symbol>
      <symbol id="sm-79f">
         <name>EUSCIB2_IRQHandler</name>
         <value>0x2bc9</value>
      </symbol>
      <symbol id="sm-7a0">
         <name>EUSCIB3_IRQHandler</name>
         <value>0x2bc9</value>
      </symbol>
      <symbol id="sm-7a1">
         <name>ADC14_IRQHandler</name>
         <value>0x2bc9</value>
      </symbol>
      <symbol id="sm-7a2">
         <name>T32_INT1_IRQHandler</name>
         <value>0x323</value>
      </symbol>
      <symbol id="sm-7a3">
         <name>T32_INT2_IRQHandler</name>
         <value>0x2bc9</value>
      </symbol>
      <symbol id="sm-7a4">
         <name>T32_INTC_IRQHandler</name>
         <value>0x2bc9</value>
      </symbol>
      <symbol id="sm-7a5">
         <name>AES256_IRQHandler</name>
         <value>0x2bc9</value>
      </symbol>
      <symbol id="sm-7a6">
         <name>RTC_C_IRQHandler</name>
         <value>0x2bc9</value>
      </symbol>
      <symbol id="sm-7a7">
         <name>DMA_ERR_IRQHandler</name>
         <value>0x2bc9</value>
      </symbol>
      <symbol id="sm-7a8">
         <name>DMA_INT3_IRQHandler</name>
         <value>0x2bc9</value>
      </symbol>
      <symbol id="sm-7a9">
         <name>DMA_INT2_IRQHandler</name>
         <value>0x2bc9</value>
      </symbol>
      <symbol id="sm-7aa">
         <name>DMA_INT1_IRQHandler</name>
         <value>0x2bc9</value>
      </symbol>
      <symbol id="sm-7ab">
         <name>DMA_INT0_IRQHandler</name>
         <value>0x2bc9</value>
      </symbol>
      <symbol id="sm-7ac">
         <name>PORT1_IRQHandler</name>
         <value>0x2bc9</value>
      </symbol>
      <symbol id="sm-7ad">
         <name>PORT2_IRQHandler</name>
         <value>0x2bc9</value>
      </symbol>
      <symbol id="sm-7ae">
         <name>PORT3_IRQHandler</name>
         <value>0x2bc9</value>
      </symbol>
      <symbol id="sm-7af">
         <name>PORT4_IRQHandler</name>
         <value>0x2bad</value>
      </symbol>
      <symbol id="sm-7b0">
         <name>PORT5_IRQHandler</name>
         <value>0x2bc9</value>
      </symbol>
      <symbol id="sm-7b1">
         <name>PORT6_IRQHandler</name>
         <value>0x2bc9</value>
      </symbol>
      <symbol id="sm-7b2">
         <name>remove</name>
         <value>0x2a71</value>
      </symbol>
   </symbol_table>
   <title>Link successful</title>
</link_info>
